2025-08-05 22:31:00,572 - model.pytorch.dcrnn_supervisor - INFO - Log directory: data/model\dcrnn_DR_2_h_12_16-16_lr_0.01_bs_256_0805223100/
2025-08-05 22:31:24,656 - model.pytorch.dcrnn_supervisor - INFO - Model created
2025-08-05 22:31:49,078 - model.pytorch.dcrnn_supervisor - INFO - Start training ...
2025-08-05 22:31:49,080 - model.pytorch.dcrnn_supervisor - INFO - num_batches:47
2025-08-05 22:31:51,451 - model.pytorch.dcrnn_supervisor - INFO - Total trainable parameters 25479
2025-08-05 22:33:59,202 - model.pytorch.dcrnn_supervisor - INFO - epoch complete
2025-08-05 22:33:59,203 - model.pytorch.dcrnn_supervisor - INFO - evaluating now!
2025-08-05 22:34:08,081 - model.pytorch.dcrnn_supervisor - INFO - Epoch [0/20] (47) val_mae:6.1954, val_mis: 178.8097, val_width: 6.4165, val_mse: 102.4397, val_rmse: 10.1213 , 
2025-08-05 22:34:27,650 - model.pytorch.dcrnn_supervisor - INFO - Epoch [0/20] (47) test_mae:5.7580,test_mis: 163.4300, test_width: 6.3127, test_mse: 83.4475, test_rmse: 9.1350 , 
2025-08-05 22:34:27,731 - model.pytorch.dcrnn_supervisor - INFO - Saved model at 0
2025-08-05 22:34:27,732 - model.pytorch.dcrnn_supervisor - INFO - Val loss decrease from inf to 6.1954, saving to models/epo0.tar
2025-08-05 22:36:38,365 - model.pytorch.dcrnn_supervisor - INFO - epoch complete
2025-08-05 22:36:38,366 - model.pytorch.dcrnn_supervisor - INFO - evaluating now!
2025-08-05 22:36:46,546 - model.pytorch.dcrnn_supervisor - INFO - Epoch [1/20] (94) val_mae:6.5343, val_mis: 155.4923, val_width: 6.5230, val_mse: 92.2803, val_rmse: 9.6063 , 
2025-08-05 22:37:03,607 - model.pytorch.dcrnn_supervisor - INFO - Epoch [1/20] (94) test_mae:6.2131,test_mis: 144.1714, test_width: 6.3208, test_mse: 78.1857, test_rmse: 8.8423 , 
2025-08-05 22:39:28,133 - model.pytorch.dcrnn_supervisor - INFO - epoch complete
2025-08-05 22:39:28,134 - model.pytorch.dcrnn_supervisor - INFO - evaluating now!
2025-08-05 22:39:37,308 - model.pytorch.dcrnn_supervisor - INFO - Epoch [2/20] (141) val_mae:4.2429, val_mis: 84.1623, val_width: 7.1927, val_mse: 51.2731, val_rmse: 7.1605 , 
2025-08-05 22:39:55,455 - model.pytorch.dcrnn_supervisor - INFO - Epoch [2/20] (141) test_mae:3.7811,test_mis: 71.7411, test_width: 6.8356, test_mse: 40.0940, test_rmse: 6.3320 , 
2025-08-05 22:39:55,471 - model.pytorch.dcrnn_supervisor - INFO - Saved model at 2
2025-08-05 22:39:55,472 - model.pytorch.dcrnn_supervisor - INFO - Val loss decrease from 6.1954 to 4.2429, saving to models/epo2.tar
2025-08-05 22:42:04,262 - model.pytorch.dcrnn_supervisor - INFO - epoch complete
2025-08-05 22:42:04,263 - model.pytorch.dcrnn_supervisor - INFO - evaluating now!
2025-08-05 22:42:14,635 - model.pytorch.dcrnn_supervisor - INFO - Epoch [3/20] (188) val_mae:3.2956, val_mis: 63.8828, val_width: 5.9010, val_mse: 39.9186, val_rmse: 6.3181 , 
2025-08-05 22:42:32,215 - model.pytorch.dcrnn_supervisor - INFO - Epoch [3/20] (188) test_mae:2.9485,test_mis: 54.0239, test_width: 5.6364, test_mse: 30.8767, test_rmse: 5.5567 , 
2025-08-05 22:42:32,230 - model.pytorch.dcrnn_supervisor - INFO - Saved model at 3
2025-08-05 22:42:32,231 - model.pytorch.dcrnn_supervisor - INFO - Val loss decrease from 4.2429 to 3.2956, saving to models/epo3.tar
2025-08-05 22:44:41,113 - model.pytorch.dcrnn_supervisor - INFO - epoch complete
2025-08-05 22:44:41,114 - model.pytorch.dcrnn_supervisor - INFO - evaluating now!
2025-08-05 22:44:49,221 - model.pytorch.dcrnn_supervisor - INFO - Epoch [4/20] (235) val_mae:4.0851, val_mis: 80.7435, val_width: 5.3291, val_mse: 48.0226, val_rmse: 6.9298 , 
2025-08-05 22:45:05,720 - model.pytorch.dcrnn_supervisor - INFO - Epoch [4/20] (235) test_mae:3.7588,test_mis: 70.7212, test_width: 5.1262, test_mse: 38.2600, test_rmse: 6.1855 , 
2025-08-05 22:47:16,894 - model.pytorch.dcrnn_supervisor - INFO - epoch complete
2025-08-05 22:47:16,895 - model.pytorch.dcrnn_supervisor - INFO - evaluating now!
2025-08-05 22:47:25,645 - model.pytorch.dcrnn_supervisor - INFO - Epoch [5/20] (282) val_mae:4.2875, val_mis: 71.5010, val_width: 7.3220, val_mse: 44.3180, val_rmse: 6.6572 , 
2025-08-05 22:47:42,379 - model.pytorch.dcrnn_supervisor - INFO - Epoch [5/20] (282) test_mae:3.9529,test_mis: 63.6543, test_width: 6.9393, test_mse: 36.5369, test_rmse: 6.0446 , 
2025-08-05 22:49:50,093 - model.pytorch.dcrnn_supervisor - INFO - epoch complete
2025-08-05 22:49:50,094 - model.pytorch.dcrnn_supervisor - INFO - evaluating now!
2025-08-05 22:49:58,264 - model.pytorch.dcrnn_supervisor - INFO - Epoch [6/20] (329) val_mae:3.0194, val_mis: 58.3591, val_width: 6.2438, val_mse: 39.6673, val_rmse: 6.2982 , 
2025-08-05 22:50:16,121 - model.pytorch.dcrnn_supervisor - INFO - Epoch [6/20] (329) test_mae:2.6515,test_mis: 47.5236, test_width: 6.0346, test_mse: 29.8457, test_rmse: 5.4631 , 
2025-08-05 22:50:16,138 - model.pytorch.dcrnn_supervisor - INFO - Saved model at 6
2025-08-05 22:50:16,139 - model.pytorch.dcrnn_supervisor - INFO - Val loss decrease from 3.2956 to 3.0194, saving to models/epo6.tar
2025-08-05 22:52:25,203 - model.pytorch.dcrnn_supervisor - INFO - epoch complete
2025-08-05 22:52:25,204 - model.pytorch.dcrnn_supervisor - INFO - evaluating now!
2025-08-05 22:52:33,801 - model.pytorch.dcrnn_supervisor - INFO - Epoch [7/20] (376) val_mae:4.1138, val_mis: 64.9979, val_width: 8.6444, val_mse: 52.5324, val_rmse: 7.2479 , 
2025-08-05 22:52:51,431 - model.pytorch.dcrnn_supervisor - INFO - Epoch [7/20] (376) test_mae:3.8548,test_mis: 59.2141, test_width: 8.2663, test_mse: 45.8091, test_rmse: 6.7682 , 
2025-08-05 22:55:03,518 - model.pytorch.dcrnn_supervisor - INFO - epoch complete
2025-08-05 22:55:03,519 - model.pytorch.dcrnn_supervisor - INFO - evaluating now!
2025-08-05 22:55:12,769 - model.pytorch.dcrnn_supervisor - INFO - Epoch [8/20] (423) val_mae:4.3045, val_mis: 80.7820, val_width: 5.3918, val_mse: 41.8754, val_rmse: 6.4711 , 
2025-08-05 22:55:30,454 - model.pytorch.dcrnn_supervisor - INFO - Epoch [8/20] (423) test_mae:4.1082,test_mis: 74.8463, test_width: 5.1525, test_mse: 35.9647, test_rmse: 5.9971 , 
2025-08-05 22:57:37,926 - model.pytorch.dcrnn_supervisor - INFO - epoch complete
2025-08-05 22:57:37,927 - model.pytorch.dcrnn_supervisor - INFO - evaluating now!
2025-08-05 22:57:46,882 - model.pytorch.dcrnn_supervisor - INFO - Epoch [9/20] (470) val_mae:2.6535, val_mis: 50.6137, val_width: 4.9427, val_mse: 29.0459, val_rmse: 5.3894 , 
2025-08-05 22:58:05,005 - model.pytorch.dcrnn_supervisor - INFO - Epoch [9/20] (470) test_mae:2.3497,test_mis: 42.6240, test_width: 4.6856, test_mse: 22.7317, test_rmse: 4.7678 , 
2025-08-05 22:58:05,021 - model.pytorch.dcrnn_supervisor - INFO - Saved model at 9
2025-08-05 22:58:05,022 - model.pytorch.dcrnn_supervisor - INFO - Val loss decrease from 3.0194 to 2.6535, saving to models/epo9.tar
2025-08-05 23:00:17,041 - model.pytorch.dcrnn_supervisor - INFO - epoch complete
2025-08-05 23:00:17,042 - model.pytorch.dcrnn_supervisor - INFO - evaluating now!
2025-08-05 23:00:25,920 - model.pytorch.dcrnn_supervisor - INFO - Epoch [10/20] (517) val_mae:2.6198, val_mis: 54.8363, val_width: 4.0697, val_mse: 28.6261, val_rmse: 5.3503 , 
2025-08-05 23:00:43,562 - model.pytorch.dcrnn_supervisor - INFO - Epoch [10/20] (517) test_mae:2.3420,test_mis: 47.4745, test_width: 3.8045, test_mse: 22.9470, test_rmse: 4.7903 , 
2025-08-05 23:00:43,576 - model.pytorch.dcrnn_supervisor - INFO - Saved model at 10
2025-08-05 23:00:43,577 - model.pytorch.dcrnn_supervisor - INFO - Val loss decrease from 2.6535 to 2.6198, saving to models/epo10.tar
2025-08-05 23:02:48,803 - model.pytorch.dcrnn_supervisor - INFO - epoch complete
2025-08-05 23:02:48,804 - model.pytorch.dcrnn_supervisor - INFO - evaluating now!
2025-08-05 23:02:57,040 - model.pytorch.dcrnn_supervisor - INFO - Epoch [11/20] (564) val_mae:2.6342, val_mis: 45.3893, val_width: 6.2696, val_mse: 30.8643, val_rmse: 5.5556 , 
2025-08-05 23:03:15,827 - model.pytorch.dcrnn_supervisor - INFO - Epoch [11/20] (564) test_mae:2.3297,test_mis: 38.0325, test_width: 6.0074, test_mse: 24.4400, test_rmse: 4.9437 , 
2025-08-05 23:05:23,026 - model.pytorch.dcrnn_supervisor - INFO - epoch complete
2025-08-05 23:05:23,027 - model.pytorch.dcrnn_supervisor - INFO - evaluating now!
2025-08-05 23:05:31,458 - model.pytorch.dcrnn_supervisor - INFO - Epoch [12/20] (611) val_mae:2.7481, val_mis: 49.7196, val_width: 5.9198, val_mse: 31.9618, val_rmse: 5.6535 , 
2025-08-05 23:05:48,753 - model.pytorch.dcrnn_supervisor - INFO - Epoch [12/20] (611) test_mae:2.4446,test_mis: 41.8481, test_width: 5.6638, test_mse: 25.4688, test_rmse: 5.0467 , 
2025-08-05 23:07:56,125 - model.pytorch.dcrnn_supervisor - INFO - epoch complete
2025-08-05 23:07:56,126 - model.pytorch.dcrnn_supervisor - INFO - evaluating now!
2025-08-05 23:08:04,501 - model.pytorch.dcrnn_supervisor - INFO - Epoch [13/20] (658) val_mae:3.1166, val_mis: 65.4447, val_width: 4.3396, val_mse: 33.3892, val_rmse: 5.7783 , 
2025-08-05 23:08:22,961 - model.pytorch.dcrnn_supervisor - INFO - Epoch [13/20] (658) test_mae:2.7815,test_mis: 56.5246, test_width: 4.0133, test_mse: 26.6396, test_rmse: 5.1614 , 
2025-08-05 23:10:28,784 - model.pytorch.dcrnn_supervisor - INFO - epoch complete
2025-08-05 23:10:28,784 - model.pytorch.dcrnn_supervisor - INFO - evaluating now!
2025-08-05 23:10:37,257 - model.pytorch.dcrnn_supervisor - INFO - Epoch [14/20] (705) val_mae:2.4829, val_mis: 48.6914, val_width: 4.9614, val_mse: 28.6845, val_rmse: 5.3558 , 
2025-08-05 23:10:54,159 - model.pytorch.dcrnn_supervisor - INFO - Epoch [14/20] (705) test_mae:2.1859,test_mis: 41.0929, test_width: 4.6983, test_mse: 22.7250, test_rmse: 4.7671 , 
2025-08-05 23:10:54,175 - model.pytorch.dcrnn_supervisor - INFO - Saved model at 14
2025-08-05 23:10:54,176 - model.pytorch.dcrnn_supervisor - INFO - Val loss decrease from 2.6198 to 2.4829, saving to models/epo14.tar
2025-08-05 23:13:01,078 - model.pytorch.dcrnn_supervisor - INFO - epoch complete
2025-08-05 23:13:01,079 - model.pytorch.dcrnn_supervisor - INFO - evaluating now!
2025-08-05 23:13:09,566 - model.pytorch.dcrnn_supervisor - INFO - Epoch [15/20] (752) val_mae:3.3018, val_mis: 66.7849, val_width: 5.1300, val_mse: 43.2450, val_rmse: 6.5761 , 
2025-08-05 23:13:26,966 - model.pytorch.dcrnn_supervisor - INFO - Epoch [15/20] (752) test_mae:2.9285,test_mis: 57.1639, test_width: 4.8101, test_mse: 34.8097, test_rmse: 5.9000 , 
2025-08-05 23:15:33,629 - model.pytorch.dcrnn_supervisor - INFO - epoch complete
2025-08-05 23:15:33,630 - model.pytorch.dcrnn_supervisor - INFO - evaluating now!
2025-08-05 23:15:41,987 - model.pytorch.dcrnn_supervisor - INFO - Epoch [16/20] (799) val_mae:4.2255, val_mis: 90.3926, val_width: 5.6688, val_mse: 77.9964, val_rmse: 8.8316 , 
2025-08-05 23:15:58,587 - model.pytorch.dcrnn_supervisor - INFO - Epoch [16/20] (799) test_mae:3.6953,test_mis: 76.5908, test_width: 5.1906, test_mse: 62.5789, test_rmse: 7.9107 , 
2025-08-05 23:18:03,513 - model.pytorch.dcrnn_supervisor - INFO - epoch complete
2025-08-05 23:18:03,513 - model.pytorch.dcrnn_supervisor - INFO - evaluating now!
2025-08-05 23:18:12,725 - model.pytorch.dcrnn_supervisor - INFO - Epoch [17/20] (846) val_mae:2.3732, val_mis: 49.9677, val_width: 4.2520, val_mse: 24.9655, val_rmse: 4.9965 , 
2025-08-05 23:18:30,351 - model.pytorch.dcrnn_supervisor - INFO - Epoch [17/20] (846) test_mae:2.1018,test_mis: 42.3307, test_width: 4.0266, test_mse: 19.7747, test_rmse: 4.4469 , 
2025-08-05 23:18:30,368 - model.pytorch.dcrnn_supervisor - INFO - Saved model at 17
2025-08-05 23:18:30,369 - model.pytorch.dcrnn_supervisor - INFO - Val loss decrease from 2.4829 to 2.3732, saving to models/epo17.tar
2025-08-05 23:20:37,626 - model.pytorch.dcrnn_supervisor - INFO - epoch complete
2025-08-05 23:20:37,626 - model.pytorch.dcrnn_supervisor - INFO - evaluating now!
2025-08-05 23:20:45,890 - model.pytorch.dcrnn_supervisor - INFO - Epoch [18/20] (893) val_mae:2.3842, val_mis: 50.6206, val_width: 4.2350, val_mse: 24.9992, val_rmse: 4.9999 , 
2025-08-05 23:21:02,644 - model.pytorch.dcrnn_supervisor - INFO - Epoch [18/20] (893) test_mae:2.1234,test_mis: 43.2020, test_width: 4.0321, test_mse: 19.9673, test_rmse: 4.4685 , 
2025-08-05 23:23:09,367 - model.pytorch.dcrnn_supervisor - INFO - epoch complete
2025-08-05 23:23:09,368 - model.pytorch.dcrnn_supervisor - INFO - evaluating now!
2025-08-05 23:23:18,252 - model.pytorch.dcrnn_supervisor - INFO - Epoch [19/20] (940) val_mae:2.3147, val_mis: 45.7821, val_width: 4.9829, val_mse: 26.3573, val_rmse: 5.1339 , 
2025-08-05 23:23:35,311 - model.pytorch.dcrnn_supervisor - INFO - Epoch [19/20] (940) test_mae:2.0448,test_mis: 38.5015, test_width: 4.7589, test_mse: 20.8828, test_rmse: 4.5698 , 
2025-08-05 23:23:35,328 - model.pytorch.dcrnn_supervisor - INFO - Saved model at 19
2025-08-05 23:23:35,328 - model.pytorch.dcrnn_supervisor - INFO - Val loss decrease from 2.3732 to 2.3147, saving to models/epo19.tar
