2025-08-07 15:06:05,115 - model.pytorch.dcrnn_supervisor - INFO - Log directory: data/model\dcrnn_DR_2_h_12_16-16_lr_0.01_bs_256_0807150605/
2025-08-07 15:06:28,633 - model.pytorch.dcrnn_supervisor - INFO - Model created
2025-08-07 15:06:51,108 - model.pytorch.dcrnn_supervisor - INFO - Start training ...
2025-08-07 15:06:51,109 - model.pytorch.dcrnn_supervisor - INFO - num_batches:47
2025-08-07 15:06:52,856 - model.pytorch.dcrnn_supervisor - INFO - Total trainable parameters 25479
2025-08-07 15:08:56,217 - model.pytorch.dcrnn_supervisor - INFO - epoch complete
2025-08-07 15:08:56,218 - model.pytorch.dcrnn_supervisor - INFO - evaluating now!
2025-08-07 15:09:04,361 - model.pytorch.dcrnn_supervisor - INFO - Epoch [0/20] (47) val_mae:4.6192, val_mis: 104.0904, val_width: 7.7756, val_mse: 78.4424, val_rmse: 8.8568 , 
2025-08-07 15:09:22,168 - model.pytorch.dcrnn_supervisor - INFO - Epoch [0/20] (47) test_mae:4.1889,test_mis: 88.9124, test_width: 7.7603, test_mse: 60.8429, test_rmse: 7.8002 , 
2025-08-07 15:09:22,260 - model.pytorch.dcrnn_supervisor - INFO - Saved model at 0
2025-08-07 15:09:22,262 - model.pytorch.dcrnn_supervisor - INFO - Val loss decrease from inf to 4.6192, saving to models/epo0.tar
2025-08-07 15:11:28,538 - model.pytorch.dcrnn_supervisor - INFO - epoch complete
2025-08-07 15:11:28,540 - model.pytorch.dcrnn_supervisor - INFO - evaluating now!
2025-08-07 15:11:36,973 - model.pytorch.dcrnn_supervisor - INFO - Epoch [1/20] (94) val_mae:4.9492, val_mis: 122.2456, val_width: 6.6418, val_mse: 86.3392, val_rmse: 9.2919 , 
2025-08-07 15:11:54,037 - model.pytorch.dcrnn_supervisor - INFO - Epoch [1/20] (94) test_mae:4.4613,test_mis: 104.3079, test_width: 6.6182, test_mse: 67.3565, test_rmse: 8.2071 , 
2025-08-07 15:13:57,935 - model.pytorch.dcrnn_supervisor - INFO - epoch complete
2025-08-07 15:13:57,936 - model.pytorch.dcrnn_supervisor - INFO - evaluating now!
2025-08-07 15:14:06,129 - model.pytorch.dcrnn_supervisor - INFO - Epoch [2/20] (141) val_mae:4.2509, val_mis: 103.2191, val_width: 6.0162, val_mse: 68.8552, val_rmse: 8.2979 , 
2025-08-07 15:14:23,393 - model.pytorch.dcrnn_supervisor - INFO - Epoch [2/20] (141) test_mae:3.7956,test_mis: 87.3092, test_width: 5.9378, test_mse: 53.9333, test_rmse: 7.3439 , 
2025-08-07 15:14:23,412 - model.pytorch.dcrnn_supervisor - INFO - Saved model at 2
2025-08-07 15:14:23,413 - model.pytorch.dcrnn_supervisor - INFO - Val loss decrease from 4.6192 to 4.2509, saving to models/epo2.tar
2025-08-07 15:16:30,207 - model.pytorch.dcrnn_supervisor - INFO - epoch complete
2025-08-07 15:16:30,207 - model.pytorch.dcrnn_supervisor - INFO - evaluating now!
2025-08-07 15:16:38,467 - model.pytorch.dcrnn_supervisor - INFO - Epoch [3/20] (188) val_mae:4.0430, val_mis: 94.3004, val_width: 6.0701, val_mse: 62.5810, val_rmse: 7.9108 , 
2025-08-07 15:16:54,792 - model.pytorch.dcrnn_supervisor - INFO - Epoch [3/20] (188) test_mae:3.6187,test_mis: 79.5759, test_width: 5.9779, test_mse: 48.7441, test_rmse: 6.9817 , 
2025-08-07 15:16:54,809 - model.pytorch.dcrnn_supervisor - INFO - Saved model at 3
2025-08-07 15:16:54,809 - model.pytorch.dcrnn_supervisor - INFO - Val loss decrease from 4.2509 to 4.0430, saving to models/epo3.tar
2025-08-07 15:19:02,076 - model.pytorch.dcrnn_supervisor - INFO - epoch complete
2025-08-07 15:19:02,078 - model.pytorch.dcrnn_supervisor - INFO - evaluating now!
2025-08-07 15:19:10,343 - model.pytorch.dcrnn_supervisor - INFO - Epoch [4/20] (235) val_mae:5.1227, val_mis: 114.3267, val_width: 7.0862, val_mse: 54.4364, val_rmse: 7.3781 , 
2025-08-07 15:19:27,988 - model.pytorch.dcrnn_supervisor - INFO - Epoch [4/20] (235) test_mae:4.8703,test_mis: 106.8770, test_width: 6.9164, test_mse: 46.1575, test_rmse: 6.7939 , 
2025-08-07 15:21:33,952 - model.pytorch.dcrnn_supervisor - INFO - epoch complete
2025-08-07 15:21:33,954 - model.pytorch.dcrnn_supervisor - INFO - evaluating now!
2025-08-07 15:21:42,275 - model.pytorch.dcrnn_supervisor - INFO - Epoch [5/20] (282) val_mae:3.4026, val_mis: 70.4096, val_width: 5.5565, val_mse: 44.9420, val_rmse: 6.7039 , 
2025-08-07 15:21:58,960 - model.pytorch.dcrnn_supervisor - INFO - Epoch [5/20] (282) test_mae:3.0207,test_mis: 58.9265, test_width: 5.3660, test_mse: 34.7527, test_rmse: 5.8951 , 
2025-08-07 15:21:58,977 - model.pytorch.dcrnn_supervisor - INFO - Saved model at 5
2025-08-07 15:21:58,977 - model.pytorch.dcrnn_supervisor - INFO - Val loss decrease from 4.0430 to 3.4026, saving to models/epo5.tar
2025-08-07 15:24:03,990 - model.pytorch.dcrnn_supervisor - INFO - epoch complete
2025-08-07 15:24:03,992 - model.pytorch.dcrnn_supervisor - INFO - evaluating now!
2025-08-07 15:24:12,298 - model.pytorch.dcrnn_supervisor - INFO - Epoch [6/20] (329) val_mae:3.8218, val_mis: 72.0521, val_width: 6.8058, val_mse: 41.1562, val_rmse: 6.4153 , 
2025-08-07 15:24:29,756 - model.pytorch.dcrnn_supervisor - INFO - Epoch [6/20] (329) test_mae:3.5304,test_mis: 63.3742, test_width: 6.5445, test_mse: 32.8717, test_rmse: 5.7334 , 
2025-08-07 15:26:38,694 - model.pytorch.dcrnn_supervisor - INFO - epoch complete
2025-08-07 15:26:38,695 - model.pytorch.dcrnn_supervisor - INFO - evaluating now!
2025-08-07 15:26:46,840 - model.pytorch.dcrnn_supervisor - INFO - Epoch [7/20] (376) val_mae:4.3440, val_mis: 82.7515, val_width: 7.2929, val_mse: 44.6352, val_rmse: 6.6810 , 
2025-08-07 15:27:03,868 - model.pytorch.dcrnn_supervisor - INFO - Epoch [7/20] (376) test_mae:4.1027,test_mis: 75.2929, test_width: 7.0976, test_mse: 36.8459, test_rmse: 6.0701 , 
2025-08-07 15:29:08,488 - model.pytorch.dcrnn_supervisor - INFO - epoch complete
2025-08-07 15:29:08,490 - model.pytorch.dcrnn_supervisor - INFO - evaluating now!
2025-08-07 15:29:16,828 - model.pytorch.dcrnn_supervisor - INFO - Epoch [8/20] (423) val_mae:3.9066, val_mis: 73.2812, val_width: 7.0324, val_mse: 40.5022, val_rmse: 6.3641 , 
2025-08-07 15:29:34,182 - model.pytorch.dcrnn_supervisor - INFO - Epoch [8/20] (423) test_mae:3.6539,test_mis: 65.2460, test_width: 6.8047, test_mse: 32.7631, test_rmse: 5.7239 , 
2025-08-07 15:31:52,234 - model.pytorch.dcrnn_supervisor - INFO - epoch complete
2025-08-07 15:31:52,235 - model.pytorch.dcrnn_supervisor - INFO - evaluating now!
2025-08-07 15:32:00,590 - model.pytorch.dcrnn_supervisor - INFO - Epoch [9/20] (470) val_mae:2.8736, val_mis: 55.0253, val_width: 5.5681, val_mse: 34.2476, val_rmse: 5.8521 , 
2025-08-07 15:32:18,108 - model.pytorch.dcrnn_supervisor - INFO - Epoch [9/20] (470) test_mae:2.5392,test_mis: 45.7787, test_width: 5.3555, test_mse: 26.4891, test_rmse: 5.1468 , 
2025-08-07 15:32:18,126 - model.pytorch.dcrnn_supervisor - INFO - Saved model at 9
2025-08-07 15:32:18,128 - model.pytorch.dcrnn_supervisor - INFO - Val loss decrease from 3.4026 to 2.8736, saving to models/epo9.tar
2025-08-07 15:34:23,317 - model.pytorch.dcrnn_supervisor - INFO - epoch complete
2025-08-07 15:34:23,318 - model.pytorch.dcrnn_supervisor - INFO - evaluating now!
2025-08-07 15:34:31,621 - model.pytorch.dcrnn_supervisor - INFO - Epoch [10/20] (517) val_mae:2.8218, val_mis: 55.5436, val_width: 5.1230, val_mse: 32.4055, val_rmse: 5.6926 , 
2025-08-07 15:34:48,954 - model.pytorch.dcrnn_supervisor - INFO - Epoch [10/20] (517) test_mae:2.5205,test_mis: 46.9286, test_width: 4.9169, test_mse: 25.3579, test_rmse: 5.0357 , 
2025-08-07 15:34:48,971 - model.pytorch.dcrnn_supervisor - INFO - Saved model at 10
2025-08-07 15:34:48,971 - model.pytorch.dcrnn_supervisor - INFO - Val loss decrease from 2.8736 to 2.8218, saving to models/epo10.tar
2025-08-07 15:36:53,959 - model.pytorch.dcrnn_supervisor - INFO - epoch complete
2025-08-07 15:36:53,960 - model.pytorch.dcrnn_supervisor - INFO - evaluating now!
2025-08-07 15:37:01,962 - model.pytorch.dcrnn_supervisor - INFO - Epoch [11/20] (564) val_mae:2.8448, val_mis: 58.6289, val_width: 5.0122, val_mse: 31.0792, val_rmse: 5.5749 , 
2025-08-07 15:37:18,592 - model.pytorch.dcrnn_supervisor - INFO - Epoch [11/20] (564) test_mae:2.5540,test_mis: 50.5348, test_width: 4.7114, test_mse: 24.2574, test_rmse: 4.9252 , 
2025-08-07 15:39:24,051 - model.pytorch.dcrnn_supervisor - INFO - epoch complete
2025-08-07 15:39:24,052 - model.pytorch.dcrnn_supervisor - INFO - evaluating now!
2025-08-07 15:39:32,199 - model.pytorch.dcrnn_supervisor - INFO - Epoch [12/20] (611) val_mae:2.7674, val_mis: 51.8043, val_width: 5.3688, val_mse: 30.8187, val_rmse: 5.5515 , 
2025-08-07 15:39:48,337 - model.pytorch.dcrnn_supervisor - INFO - Epoch [12/20] (611) test_mae:2.5008,test_mis: 44.2387, test_width: 5.1525, test_mse: 24.4300, test_rmse: 4.9427 , 
2025-08-07 15:39:48,351 - model.pytorch.dcrnn_supervisor - INFO - Saved model at 12
2025-08-07 15:39:48,352 - model.pytorch.dcrnn_supervisor - INFO - Val loss decrease from 2.8218 to 2.7674, saving to models/epo12.tar
2025-08-07 15:41:50,102 - model.pytorch.dcrnn_supervisor - INFO - epoch complete
2025-08-07 15:41:50,102 - model.pytorch.dcrnn_supervisor - INFO - evaluating now!
2025-08-07 15:41:57,873 - model.pytorch.dcrnn_supervisor - INFO - Epoch [13/20] (658) val_mae:2.4042, val_mis: 47.3941, val_width: 5.0460, val_mse: 26.8158, val_rmse: 5.1784 , 
2025-08-07 15:42:13,630 - model.pytorch.dcrnn_supervisor - INFO - Epoch [13/20] (658) test_mae:2.1216,test_mis: 39.6244, test_width: 4.8205, test_mse: 20.8539, test_rmse: 4.5666 , 
2025-08-07 15:42:13,645 - model.pytorch.dcrnn_supervisor - INFO - Saved model at 13
2025-08-07 15:42:13,645 - model.pytorch.dcrnn_supervisor - INFO - Val loss decrease from 2.7674 to 2.4042, saving to models/epo13.tar
2025-08-07 15:44:15,915 - model.pytorch.dcrnn_supervisor - INFO - epoch complete
2025-08-07 15:44:15,916 - model.pytorch.dcrnn_supervisor - INFO - evaluating now!
2025-08-07 15:44:24,220 - model.pytorch.dcrnn_supervisor - INFO - Epoch [14/20] (705) val_mae:2.5825, val_mis: 51.5314, val_width: 4.9083, val_mse: 26.5421, val_rmse: 5.1519 , 
2025-08-07 15:44:40,531 - model.pytorch.dcrnn_supervisor - INFO - Epoch [14/20] (705) test_mae:2.3374,test_mis: 44.2198, test_width: 4.6779, test_mse: 20.8824, test_rmse: 4.5697 , 
2025-08-07 15:46:40,065 - model.pytorch.dcrnn_supervisor - INFO - epoch complete
2025-08-07 15:46:40,065 - model.pytorch.dcrnn_supervisor - INFO - evaluating now!
2025-08-07 15:46:48,002 - model.pytorch.dcrnn_supervisor - INFO - Epoch [15/20] (752) val_mae:2.3262, val_mis: 46.2996, val_width: 5.0634, val_mse: 26.1339, val_rmse: 5.1121 , 
2025-08-07 15:47:03,790 - model.pytorch.dcrnn_supervisor - INFO - Epoch [15/20] (752) test_mae:2.0459,test_mis: 38.5469, test_width: 4.8586, test_mse: 20.3014, test_rmse: 4.5057 , 
2025-08-07 15:47:03,805 - model.pytorch.dcrnn_supervisor - INFO - Saved model at 15
2025-08-07 15:47:03,806 - model.pytorch.dcrnn_supervisor - INFO - Val loss decrease from 2.4042 to 2.3262, saving to models/epo15.tar
2025-08-07 15:49:04,333 - model.pytorch.dcrnn_supervisor - INFO - epoch complete
2025-08-07 15:49:04,334 - model.pytorch.dcrnn_supervisor - INFO - evaluating now!
2025-08-07 15:49:12,831 - model.pytorch.dcrnn_supervisor - INFO - Epoch [16/20] (799) val_mae:3.5065, val_mis: 70.3493, val_width: 5.3370, val_mse: 30.1895, val_rmse: 5.4945 , 
2025-08-07 15:49:29,472 - model.pytorch.dcrnn_supervisor - INFO - Epoch [16/20] (799) test_mae:3.3386,test_mis: 65.0980, test_width: 5.1517, test_mse: 25.1321, test_rmse: 5.0132 , 
2025-08-07 15:51:28,030 - model.pytorch.dcrnn_supervisor - INFO - epoch complete
2025-08-07 15:51:28,031 - model.pytorch.dcrnn_supervisor - INFO - evaluating now!
2025-08-07 15:51:36,170 - model.pytorch.dcrnn_supervisor - INFO - Epoch [17/20] (846) val_mae:2.4272, val_mis: 49.2682, val_width: 4.6051, val_mse: 26.5944, val_rmse: 5.1570 , 
2025-08-07 15:51:52,032 - model.pytorch.dcrnn_supervisor - INFO - Epoch [17/20] (846) test_mae:2.1505,test_mis: 41.4045, test_width: 4.4044, test_mse: 20.8008, test_rmse: 4.5608 , 
2025-08-07 15:53:51,142 - model.pytorch.dcrnn_supervisor - INFO - epoch complete
2025-08-07 15:53:51,143 - model.pytorch.dcrnn_supervisor - INFO - evaluating now!
2025-08-07 15:53:58,895 - model.pytorch.dcrnn_supervisor - INFO - Epoch [18/20] (893) val_mae:2.3068, val_mis: 48.9784, val_width: 4.3778, val_mse: 25.7136, val_rmse: 5.0709 , 
2025-08-07 15:54:14,906 - model.pytorch.dcrnn_supervisor - INFO - Epoch [18/20] (893) test_mae:2.0272,test_mis: 41.0575, test_width: 4.1762, test_mse: 19.9763, test_rmse: 4.4695 , 
2025-08-07 15:54:14,921 - model.pytorch.dcrnn_supervisor - INFO - Saved model at 18
2025-08-07 15:54:14,922 - model.pytorch.dcrnn_supervisor - INFO - Val loss decrease from 2.3262 to 2.3068, saving to models/epo18.tar
2025-08-07 15:56:25,740 - model.pytorch.dcrnn_supervisor - INFO - epoch complete
2025-08-07 15:56:25,741 - model.pytorch.dcrnn_supervisor - INFO - evaluating now!
2025-08-07 15:56:33,819 - model.pytorch.dcrnn_supervisor - INFO - Epoch [19/20] (940) val_mae:2.3498, val_mis: 49.0602, val_width: 4.5055, val_mse: 25.9875, val_rmse: 5.0978 , 
2025-08-07 15:56:49,773 - model.pytorch.dcrnn_supervisor - INFO - Epoch [19/20] (940) test_mae:2.0672,test_mis: 41.0989, test_width: 4.3125, test_mse: 20.2257, test_rmse: 4.4973 , 
