2025-08-12 23:45:11,782 - model.pytorch.dcrnn_supervisor - INFO - Log directory: data/model\dcrnn_DR_2_h_12_16-16_lr_0.01_bs_256_0812234511/
2025-08-12 23:45:34,989 - model.pytorch.dcrnn_supervisor - INFO - Model created
2025-08-12 23:45:56,342 - model.pytorch.dcrnn_supervisor - INFO - Start training ...
2025-08-12 23:45:56,342 - model.pytorch.dcrnn_supervisor - INFO - num_batches:47
2025-08-12 23:45:58,074 - model.pytorch.dcrnn_supervisor - INFO - Total trainable parameters 24243
2025-08-12 23:47:52,469 - model.pytorch.dcrnn_supervisor - INFO - epoch complete
2025-08-12 23:47:52,485 - model.pytorch.dcrnn_supervisor - INFO - evaluating now!
2025-08-12 23:48:17,638 - model.pytorch.dcrnn_supervisor - INFO - Epoch [0/20] (47) val_mae_adv:4.8874, val_mis_adv:115.6139, val_width_adv:7.6870, val_mse_adv:90.4183, val_rmse_adv:9.5089
2025-08-12 23:49:05,677 - model.pytorch.dcrnn_supervisor - INFO - Epoch [0/20] (47) test_mae_adv:4.3389, test_mis_adv:95.1700, test_width_adv:7.7103, test_mse_adv:69.1457, test_rmse_adv:8.3154
2025-08-12 23:49:05,693 - model.pytorch.dcrnn_supervisor - INFO - Saved model at 0
2025-08-12 23:49:05,693 - model.pytorch.dcrnn_supervisor - INFO - Val loss_adv decrease from inf to 4.8874, saving to models/epo0.tar
2025-08-12 23:50:57,415 - model.pytorch.dcrnn_supervisor - INFO - epoch complete
2025-08-12 23:50:57,430 - model.pytorch.dcrnn_supervisor - INFO - evaluating now!
2025-08-12 23:51:22,343 - model.pytorch.dcrnn_supervisor - INFO - Epoch [1/20] (94) val_mae_adv:4.8984, val_mis_adv:129.2379, val_width_adv:6.3944, val_mse_adv:90.9345, val_rmse_adv:9.5360
2025-08-12 23:52:09,552 - model.pytorch.dcrnn_supervisor - INFO - Epoch [1/20] (94) test_mae_adv:4.3288, test_mis_adv:108.2326, test_width_adv:6.4140, test_mse_adv:69.7007, test_rmse_adv:8.3487
2025-08-12 23:53:58,836 - model.pytorch.dcrnn_supervisor - INFO - epoch complete
2025-08-12 23:53:58,836 - model.pytorch.dcrnn_supervisor - INFO - evaluating now!
2025-08-12 23:54:23,987 - model.pytorch.dcrnn_supervisor - INFO - Epoch [2/20] (141) val_mae_adv:4.4747, val_mis_adv:109.8680, val_width_adv:6.4994, val_mse_adv:72.0991, val_rmse_adv:8.4911
2025-08-12 23:55:12,009 - model.pytorch.dcrnn_supervisor - INFO - Epoch [2/20] (141) test_mae_adv:4.0390, test_mis_adv:93.6834, test_width_adv:6.4864, test_mse_adv:55.8209, test_rmse_adv:7.4713
2025-08-12 23:55:12,025 - model.pytorch.dcrnn_supervisor - INFO - Saved model at 2
2025-08-12 23:55:12,025 - model.pytorch.dcrnn_supervisor - INFO - Val loss_adv decrease from 4.8874 to 4.4747, saving to models/epo2.tar
2025-08-12 23:57:10,586 - model.pytorch.dcrnn_supervisor - INFO - epoch complete
2025-08-12 23:57:10,586 - model.pytorch.dcrnn_supervisor - INFO - evaluating now!
2025-08-12 23:57:38,470 - model.pytorch.dcrnn_supervisor - INFO - Epoch [3/20] (188) val_mae_adv:4.3902, val_mis_adv:108.1774, val_width_adv:6.3167, val_mse_adv:68.6190, val_rmse_adv:8.2837
2025-08-12 23:58:26,958 - model.pytorch.dcrnn_supervisor - INFO - Epoch [3/20] (188) test_mae_adv:3.9525, test_mis_adv:92.3730, test_width_adv:6.2601, test_mse_adv:53.1388, test_rmse_adv:7.2896
2025-08-12 23:58:26,974 - model.pytorch.dcrnn_supervisor - INFO - Saved model at 3
2025-08-12 23:58:26,974 - model.pytorch.dcrnn_supervisor - INFO - Val loss_adv decrease from 4.4747 to 4.3902, saving to models/epo3.tar
2025-08-13 00:00:16,271 - model.pytorch.dcrnn_supervisor - INFO - epoch complete
2025-08-13 00:00:16,271 - model.pytorch.dcrnn_supervisor - INFO - evaluating now!
2025-08-13 00:00:38,810 - model.pytorch.dcrnn_supervisor - INFO - Epoch [4/20] (235) val_mae_adv:4.5157, val_mis_adv:107.3522, val_width_adv:6.2900, val_mse_adv:62.3429, val_rmse_adv:7.8958
2025-08-13 00:01:27,636 - model.pytorch.dcrnn_supervisor - INFO - Epoch [4/20] (235) test_mae_adv:4.0481, test_mis_adv:91.7163, test_width_adv:6.1346, test_mse_adv:48.6227, test_rmse_adv:6.9730
2025-08-13 00:03:24,466 - model.pytorch.dcrnn_supervisor - INFO - epoch complete
2025-08-13 00:03:24,466 - model.pytorch.dcrnn_supervisor - INFO - evaluating now!
2025-08-13 00:03:51,583 - model.pytorch.dcrnn_supervisor - INFO - Epoch [5/20] (282) val_mae_adv:4.2233, val_mis_adv:100.9186, val_width_adv:5.9671, val_mse_adv:59.3463, val_rmse_adv:7.7037
2025-08-13 00:04:44,833 - model.pytorch.dcrnn_supervisor - INFO - Epoch [5/20] (282) test_mae_adv:3.7505, test_mis_adv:85.2747, test_width_adv:5.7780, test_mse_adv:45.9592, test_rmse_adv:6.7793
2025-08-13 00:04:44,850 - model.pytorch.dcrnn_supervisor - INFO - Saved model at 5
2025-08-13 00:04:44,852 - model.pytorch.dcrnn_supervisor - INFO - Val loss_adv decrease from 4.3902 to 4.2233, saving to models/epo5.tar
2025-08-13 00:06:39,818 - model.pytorch.dcrnn_supervisor - INFO - epoch complete
2025-08-13 00:06:39,818 - model.pytorch.dcrnn_supervisor - INFO - evaluating now!
2025-08-13 00:07:02,959 - model.pytorch.dcrnn_supervisor - INFO - Epoch [6/20] (329) val_mae_adv:5.1472, val_mis_adv:132.7497, val_width_adv:5.6737, val_mse_adv:83.5751, val_rmse_adv:9.1419
2025-08-13 00:07:51,037 - model.pytorch.dcrnn_supervisor - INFO - Epoch [6/20] (329) test_mae_adv:4.6820, test_mis_adv:115.9500, test_width_adv:5.5944, test_mse_adv:66.1943, test_rmse_adv:8.1360
2025-08-13 00:09:42,942 - model.pytorch.dcrnn_supervisor - INFO - epoch complete
2025-08-13 00:09:42,942 - model.pytorch.dcrnn_supervisor - INFO - evaluating now!
2025-08-13 00:10:07,942 - model.pytorch.dcrnn_supervisor - INFO - Epoch [7/20] (376) val_mae_adv:4.7750, val_mis_adv:108.1284, val_width_adv:6.9506, val_mse_adv:60.5282, val_rmse_adv:7.7800
2025-08-13 00:11:02,136 - model.pytorch.dcrnn_supervisor - INFO - Epoch [7/20] (376) test_mae_adv:4.2632, test_mis_adv:91.7542, test_width_adv:6.7058, test_mse_adv:47.5043, test_rmse_adv:6.8923
2025-08-13 00:12:48,429 - model.pytorch.dcrnn_supervisor - INFO - epoch complete
2025-08-13 00:12:48,429 - model.pytorch.dcrnn_supervisor - INFO - evaluating now!
2025-08-13 00:13:12,025 - model.pytorch.dcrnn_supervisor - INFO - Epoch [8/20] (423) val_mae_adv:5.1010, val_mis_adv:121.0316, val_width_adv:5.9235, val_mse_adv:83.2078, val_rmse_adv:9.1218
2025-08-13 00:13:59,076 - model.pytorch.dcrnn_supervisor - INFO - Epoch [8/20] (423) test_mae_adv:4.6173, test_mis_adv:102.8285, test_width_adv:5.8762, test_mse_adv:65.2463, test_rmse_adv:8.0775
2025-08-13 00:15:50,709 - model.pytorch.dcrnn_supervisor - INFO - epoch complete
2025-08-13 00:15:50,709 - model.pytorch.dcrnn_supervisor - INFO - evaluating now!
2025-08-13 00:16:17,435 - model.pytorch.dcrnn_supervisor - INFO - Epoch [9/20] (470) val_mae_adv:4.0841, val_mis_adv:99.1156, val_width_adv:5.0479, val_mse_adv:53.3809, val_rmse_adv:7.3062
2025-08-13 00:17:04,868 - model.pytorch.dcrnn_supervisor - INFO - Epoch [9/20] (470) test_mae_adv:3.7107, test_mis_adv:85.6487, test_width_adv:4.9210, test_mse_adv:40.9094, test_rmse_adv:6.3960
2025-08-13 00:17:04,884 - model.pytorch.dcrnn_supervisor - INFO - Saved model at 9
2025-08-13 00:17:04,884 - model.pytorch.dcrnn_supervisor - INFO - Val loss_adv decrease from 4.2233 to 4.0841, saving to models/epo9.tar
2025-08-13 00:18:55,227 - model.pytorch.dcrnn_supervisor - INFO - epoch complete
2025-08-13 00:18:55,227 - model.pytorch.dcrnn_supervisor - INFO - evaluating now!
2025-08-13 00:19:19,928 - model.pytorch.dcrnn_supervisor - INFO - Epoch [10/20] (517) val_mae_adv:3.5401, val_mis_adv:85.4235, val_width_adv:5.3761, val_mse_adv:55.4991, val_rmse_adv:7.4498
2025-08-13 00:20:07,357 - model.pytorch.dcrnn_supervisor - INFO - Epoch [10/20] (517) test_mae_adv:3.0739, test_mis_adv:69.7075, test_width_adv:5.2287, test_mse_adv:41.2969, test_rmse_adv:6.4263
2025-08-13 00:20:07,373 - model.pytorch.dcrnn_supervisor - INFO - Saved model at 10
2025-08-13 00:20:07,373 - model.pytorch.dcrnn_supervisor - INFO - Val loss_adv decrease from 4.0841 to 3.5401, saving to models/epo10.tar
2025-08-13 00:21:56,910 - model.pytorch.dcrnn_supervisor - INFO - epoch complete
2025-08-13 00:21:56,910 - model.pytorch.dcrnn_supervisor - INFO - evaluating now!
2025-08-13 00:22:21,522 - model.pytorch.dcrnn_supervisor - INFO - Epoch [11/20] (564) val_mae_adv:3.8572, val_mis_adv:87.0364, val_width_adv:5.8940, val_mse_adv:47.8510, val_rmse_adv:6.9174
2025-08-13 00:23:08,750 - model.pytorch.dcrnn_supervisor - INFO - Epoch [11/20] (564) test_mae_adv:3.4854, test_mis_adv:74.4550, test_width_adv:5.7095, test_mse_adv:36.8430, test_rmse_adv:6.0698
2025-08-13 00:24:59,081 - model.pytorch.dcrnn_supervisor - INFO - epoch complete
2025-08-13 00:24:59,081 - model.pytorch.dcrnn_supervisor - INFO - evaluating now!
2025-08-13 00:25:23,557 - model.pytorch.dcrnn_supervisor - INFO - Epoch [12/20] (611) val_mae_adv:3.4840, val_mis_adv:83.1502, val_width_adv:4.9832, val_mse_adv:50.1194, val_rmse_adv:7.0795
2025-08-13 00:26:12,587 - model.pytorch.dcrnn_supervisor - INFO - Epoch [12/20] (611) test_mae_adv:3.0732, test_mis_adv:69.6147, test_width_adv:4.8117, test_mse_adv:38.1936, test_rmse_adv:6.1801
2025-08-13 00:26:12,603 - model.pytorch.dcrnn_supervisor - INFO - Saved model at 12
2025-08-13 00:26:12,603 - model.pytorch.dcrnn_supervisor - INFO - Val loss_adv decrease from 3.5401 to 3.4840, saving to models/epo12.tar
2025-08-13 00:28:03,849 - model.pytorch.dcrnn_supervisor - INFO - epoch complete
2025-08-13 00:28:03,849 - model.pytorch.dcrnn_supervisor - INFO - evaluating now!
2025-08-13 00:28:27,793 - model.pytorch.dcrnn_supervisor - INFO - Epoch [13/20] (658) val_mae_adv:3.8273, val_mis_adv:85.5700, val_width_adv:5.4532, val_mse_adv:46.1291, val_rmse_adv:6.7918
2025-08-13 00:29:15,011 - model.pytorch.dcrnn_supervisor - INFO - Epoch [13/20] (658) test_mae_adv:3.4585, test_mis_adv:73.1869, test_width_adv:5.2743, test_mse_adv:35.6484, test_rmse_adv:5.9706
2025-08-13 00:31:06,227 - model.pytorch.dcrnn_supervisor - INFO - epoch complete
2025-08-13 00:31:06,227 - model.pytorch.dcrnn_supervisor - INFO - evaluating now!
2025-08-13 00:31:30,314 - model.pytorch.dcrnn_supervisor - INFO - Epoch [14/20] (705) val_mae_adv:3.6619, val_mis_adv:77.0191, val_width_adv:8.1082, val_mse_adv:54.1274, val_rmse_adv:7.3571
2025-08-13 00:32:18,295 - model.pytorch.dcrnn_supervisor - INFO - Epoch [14/20] (705) test_mae_adv:3.2147, test_mis_adv:62.8188, test_width_adv:8.0412, test_mse_adv:41.0051, test_rmse_adv:6.4035
2025-08-13 00:34:09,126 - model.pytorch.dcrnn_supervisor - INFO - epoch complete
2025-08-13 00:34:09,126 - model.pytorch.dcrnn_supervisor - INFO - evaluating now!
2025-08-13 00:34:32,828 - model.pytorch.dcrnn_supervisor - INFO - Epoch [15/20] (752) val_mae_adv:3.7340, val_mis_adv:80.2923, val_width_adv:7.1066, val_mse_adv:53.8145, val_rmse_adv:7.3358
2025-08-13 00:35:21,401 - model.pytorch.dcrnn_supervisor - INFO - Epoch [15/20] (752) test_mae_adv:3.2986, test_mis_adv:65.7057, test_width_adv:6.9957, test_mse_adv:40.5940, test_rmse_adv:6.3713
2025-08-13 00:37:12,659 - model.pytorch.dcrnn_supervisor - INFO - epoch complete
2025-08-13 00:37:12,659 - model.pytorch.dcrnn_supervisor - INFO - evaluating now!
2025-08-13 00:37:36,227 - model.pytorch.dcrnn_supervisor - INFO - Epoch [16/20] (799) val_mae_adv:3.4754, val_mis_adv:82.5517, val_width_adv:5.0664, val_mse_adv:48.1467, val_rmse_adv:6.9388
2025-08-13 00:38:24,198 - model.pytorch.dcrnn_supervisor - INFO - Epoch [16/20] (799) test_mae_adv:3.0706, test_mis_adv:69.2540, test_width_adv:4.9039, test_mse_adv:36.9126, test_rmse_adv:6.0756
2025-08-13 00:38:24,214 - model.pytorch.dcrnn_supervisor - INFO - Saved model at 16
2025-08-13 00:38:24,214 - model.pytorch.dcrnn_supervisor - INFO - Val loss_adv decrease from 3.4840 to 3.4754, saving to models/epo16.tar
2025-08-13 00:40:20,645 - model.pytorch.dcrnn_supervisor - INFO - epoch complete
2025-08-13 00:40:20,645 - model.pytorch.dcrnn_supervisor - INFO - evaluating now!
2025-08-13 00:40:43,678 - model.pytorch.dcrnn_supervisor - INFO - Epoch [17/20] (846) val_mae_adv:3.5761, val_mis_adv:82.8604, val_width_adv:5.2287, val_mse_adv:42.4425, val_rmse_adv:6.5148
2025-08-13 00:41:31,559 - model.pytorch.dcrnn_supervisor - INFO - Epoch [17/20] (846) test_mae_adv:3.2219, test_mis_adv:71.7247, test_width_adv:5.0116, test_mse_adv:33.1591, test_rmse_adv:5.7584
2025-08-13 00:43:21,766 - model.pytorch.dcrnn_supervisor - INFO - epoch complete
2025-08-13 00:43:21,766 - model.pytorch.dcrnn_supervisor - INFO - evaluating now!
2025-08-13 00:43:44,585 - model.pytorch.dcrnn_supervisor - INFO - Epoch [18/20] (893) val_mae_adv:3.1998, val_mis_adv:72.1161, val_width_adv:5.0202, val_mse_adv:42.1355, val_rmse_adv:6.4912
2025-08-13 00:44:32,256 - model.pytorch.dcrnn_supervisor - INFO - Epoch [18/20] (893) test_mae_adv:2.8151, test_mis_adv:60.2034, test_width_adv:4.8248, test_mse_adv:32.4264, test_rmse_adv:5.6944
2025-08-13 00:44:32,272 - model.pytorch.dcrnn_supervisor - INFO - Saved model at 18
2025-08-13 00:44:32,272 - model.pytorch.dcrnn_supervisor - INFO - Val loss_adv decrease from 3.4754 to 3.1998, saving to models/epo18.tar
2025-08-13 00:46:26,473 - model.pytorch.dcrnn_supervisor - INFO - epoch complete
2025-08-13 00:46:26,473 - model.pytorch.dcrnn_supervisor - INFO - evaluating now!
2025-08-13 00:46:49,910 - model.pytorch.dcrnn_supervisor - INFO - Epoch [19/20] (940) val_mae_adv:3.4244, val_mis_adv:81.7035, val_width_adv:4.6614, val_mse_adv:44.5589, val_rmse_adv:6.6752
2025-08-13 00:47:37,909 - model.pytorch.dcrnn_supervisor - INFO - Epoch [19/20] (940) test_mae_adv:3.0444, test_mis_adv:69.2694, test_width_adv:4.4575, test_mse_adv:34.2017, test_rmse_adv:5.8482
