2025-08-06 01:40:55,116 - model.pytorch.dcrnn_supervisor - INFO - Log directory: data/model\dcrnn_DR_2_h_12_16-16_lr_0.01_bs_256_0806014055/
2025-08-06 01:41:16,948 - model.pytorch.dcrnn_supervisor - INFO - Model created
2025-08-06 01:41:38,422 - model.pytorch.dcrnn_supervisor - INFO - Start training ...
2025-08-06 01:41:38,422 - model.pytorch.dcrnn_supervisor - INFO - num_batches:47
2025-08-06 01:41:40,055 - model.pytorch.dcrnn_supervisor - INFO - Total trainable parameters 25479
2025-08-06 01:43:37,513 - model.pytorch.dcrnn_supervisor - INFO - epoch complete
2025-08-06 01:43:37,513 - model.pytorch.dcrnn_supervisor - INFO - evaluating now!
2025-08-06 01:43:45,355 - model.pytorch.dcrnn_supervisor - INFO - Epoch [0/20] (47) val_mae:5.0202, val_mis: 102.9767, val_width: 9.0546, val_mse: 77.1854, val_rmse: 8.7855 , 
2025-08-06 01:44:01,561 - model.pytorch.dcrnn_supervisor - INFO - Epoch [0/20] (47) test_mae:4.5930,test_mis: 88.7234, test_width: 8.9637, test_mse: 61.5523, test_rmse: 7.8455 , 
2025-08-06 01:44:01,640 - model.pytorch.dcrnn_supervisor - INFO - Saved model at 0
2025-08-06 01:44:01,640 - model.pytorch.dcrnn_supervisor - INFO - Val loss decrease from inf to 5.0202, saving to models/epo0.tar
2025-08-06 01:45:57,797 - model.pytorch.dcrnn_supervisor - INFO - epoch complete
2025-08-06 01:45:57,797 - model.pytorch.dcrnn_supervisor - INFO - evaluating now!
2025-08-06 01:46:05,662 - model.pytorch.dcrnn_supervisor - INFO - Epoch [1/20] (94) val_mae:4.1785, val_mis: 91.4582, val_width: 6.4765, val_mse: 57.2434, val_rmse: 7.5659 , 
2025-08-06 01:46:24,382 - model.pytorch.dcrnn_supervisor - INFO - Epoch [1/20] (94) test_mae:3.7260,test_mis: 78.0556, test_width: 6.2364, test_mse: 45.0637, test_rmse: 6.7130 , 
2025-08-06 01:46:24,382 - model.pytorch.dcrnn_supervisor - INFO - Saved model at 1
2025-08-06 01:46:24,398 - model.pytorch.dcrnn_supervisor - INFO - Val loss decrease from 5.0202 to 4.1785, saving to models/epo1.tar
2025-08-06 01:48:21,141 - model.pytorch.dcrnn_supervisor - INFO - epoch complete
2025-08-06 01:48:21,141 - model.pytorch.dcrnn_supervisor - INFO - evaluating now!
2025-08-06 01:48:29,211 - model.pytorch.dcrnn_supervisor - INFO - Epoch [2/20] (141) val_mae:3.7749, val_mis: 77.8948, val_width: 6.2606, val_mse: 46.2026, val_rmse: 6.7972 , 
2025-08-06 01:48:44,721 - model.pytorch.dcrnn_supervisor - INFO - Epoch [2/20] (141) test_mae:3.3411,test_mis: 65.3190, test_width: 5.9800, test_mse: 35.7020, test_rmse: 5.9751 , 
2025-08-06 01:48:44,736 - model.pytorch.dcrnn_supervisor - INFO - Saved model at 2
2025-08-06 01:48:44,736 - model.pytorch.dcrnn_supervisor - INFO - Val loss decrease from 4.1785 to 3.7749, saving to models/epo2.tar
2025-08-06 01:50:42,820 - model.pytorch.dcrnn_supervisor - INFO - epoch complete
2025-08-06 01:50:42,820 - model.pytorch.dcrnn_supervisor - INFO - evaluating now!
2025-08-06 01:50:50,372 - model.pytorch.dcrnn_supervisor - INFO - Epoch [3/20] (188) val_mae:3.3512, val_mis: 63.1094, val_width: 6.1679, val_mse: 38.3146, val_rmse: 6.1899 , 
2025-08-06 01:51:06,031 - model.pytorch.dcrnn_supervisor - INFO - Epoch [3/20] (188) test_mae:2.9636,test_mis: 52.9816, test_width: 5.8675, test_mse: 29.6554, test_rmse: 5.4457 , 
2025-08-06 01:51:06,047 - model.pytorch.dcrnn_supervisor - INFO - Saved model at 3
2025-08-06 01:51:06,047 - model.pytorch.dcrnn_supervisor - INFO - Val loss decrease from 3.7749 to 3.3512, saving to models/epo3.tar
2025-08-06 01:53:02,624 - model.pytorch.dcrnn_supervisor - INFO - epoch complete
2025-08-06 01:53:02,624 - model.pytorch.dcrnn_supervisor - INFO - evaluating now!
2025-08-06 01:53:10,387 - model.pytorch.dcrnn_supervisor - INFO - Epoch [4/20] (235) val_mae:3.4998, val_mis: 69.2458, val_width: 5.5930, val_mse: 38.3141, val_rmse: 6.1898 , 
2025-08-06 01:53:26,918 - model.pytorch.dcrnn_supervisor - INFO - Epoch [4/20] (235) test_mae:3.1748,test_mis: 60.4467, test_width: 5.3520, test_mse: 30.4885, test_rmse: 5.5216 , 
2025-08-06 01:55:24,892 - model.pytorch.dcrnn_supervisor - INFO - epoch complete
2025-08-06 01:55:24,892 - model.pytorch.dcrnn_supervisor - INFO - evaluating now!
2025-08-06 01:55:32,476 - model.pytorch.dcrnn_supervisor - INFO - Epoch [5/20] (282) val_mae:5.5152, val_mis: 109.7801, val_width: 7.6154, val_mse: 55.9145, val_rmse: 7.4776 , 
2025-08-06 01:55:47,902 - model.pytorch.dcrnn_supervisor - INFO - Epoch [5/20] (282) test_mae:5.3428,test_mis: 104.8676, test_width: 7.4805, test_mse: 49.8304, test_rmse: 7.0591 , 
2025-08-06 01:57:48,562 - model.pytorch.dcrnn_supervisor - INFO - epoch complete
2025-08-06 01:57:48,562 - model.pytorch.dcrnn_supervisor - INFO - evaluating now!
2025-08-06 01:57:57,952 - model.pytorch.dcrnn_supervisor - INFO - Epoch [6/20] (329) val_mae:3.1444, val_mis: 52.5948, val_width: 6.4925, val_mse: 36.5859, val_rmse: 6.0486 , 
2025-08-06 01:58:16,100 - model.pytorch.dcrnn_supervisor - INFO - Epoch [6/20] (329) test_mae:2.7813,test_mis: 44.7210, test_width: 6.1125, test_mse: 29.3063, test_rmse: 5.4135 , 
2025-08-06 01:58:16,116 - model.pytorch.dcrnn_supervisor - INFO - Saved model at 6
2025-08-06 01:58:16,132 - model.pytorch.dcrnn_supervisor - INFO - Val loss decrease from 3.3512 to 3.1444, saving to models/epo6.tar
2025-08-06 02:00:16,302 - model.pytorch.dcrnn_supervisor - INFO - epoch complete
2025-08-06 02:00:16,302 - model.pytorch.dcrnn_supervisor - INFO - evaluating now!
2025-08-06 02:00:24,359 - model.pytorch.dcrnn_supervisor - INFO - Epoch [7/20] (376) val_mae:2.8872, val_mis: 53.0858, val_width: 5.1321, val_mse: 34.8407, val_rmse: 5.9026 , 
2025-08-06 02:00:40,350 - model.pytorch.dcrnn_supervisor - INFO - Epoch [7/20] (376) test_mae:2.5666,test_mis: 45.7118, test_width: 4.7829, test_mse: 27.9718, test_rmse: 5.2888 , 
2025-08-06 02:00:40,366 - model.pytorch.dcrnn_supervisor - INFO - Saved model at 7
2025-08-06 02:00:40,366 - model.pytorch.dcrnn_supervisor - INFO - Val loss decrease from 3.1444 to 2.8872, saving to models/epo7.tar
2025-08-06 02:02:38,751 - model.pytorch.dcrnn_supervisor - INFO - epoch complete
2025-08-06 02:02:38,751 - model.pytorch.dcrnn_supervisor - INFO - evaluating now!
2025-08-06 02:02:46,525 - model.pytorch.dcrnn_supervisor - INFO - Epoch [8/20] (423) val_mae:5.3768, val_mis: 125.6776, val_width: 5.5900, val_mse: 50.1461, val_rmse: 7.0814 , 
2025-08-06 02:03:02,244 - model.pytorch.dcrnn_supervisor - INFO - Epoch [8/20] (423) test_mae:5.2211,test_mis: 122.9483, test_width: 5.3118, test_mse: 44.9480, test_rmse: 6.7043 , 
2025-08-06 02:05:01,144 - model.pytorch.dcrnn_supervisor - INFO - epoch complete
2025-08-06 02:05:01,144 - model.pytorch.dcrnn_supervisor - INFO - evaluating now!
2025-08-06 02:05:08,795 - model.pytorch.dcrnn_supervisor - INFO - Epoch [9/20] (470) val_mae:5.0710, val_mis: 121.5305, val_width: 5.1236, val_mse: 45.3513, val_rmse: 6.7343 , 
2025-08-06 02:05:25,674 - model.pytorch.dcrnn_supervisor - INFO - Epoch [9/20] (470) test_mae:4.9443,test_mis: 118.8726, test_width: 4.8974, test_mse: 40.4218, test_rmse: 6.3578 , 
2025-08-06 02:07:23,788 - model.pytorch.dcrnn_supervisor - INFO - epoch complete
2025-08-06 02:07:23,788 - model.pytorch.dcrnn_supervisor - INFO - evaluating now!
2025-08-06 02:07:31,446 - model.pytorch.dcrnn_supervisor - INFO - Epoch [10/20] (517) val_mae:6.0436, val_mis: 124.5193, val_width: 5.8618, val_mse: 64.7183, val_rmse: 8.0448 , 
2025-08-06 02:07:47,011 - model.pytorch.dcrnn_supervisor - INFO - Epoch [10/20] (517) test_mae:5.9192,test_mis: 120.4779, test_width: 5.6573, test_mse: 59.1321, test_rmse: 7.6897 , 
2025-08-06 02:09:44,919 - model.pytorch.dcrnn_supervisor - INFO - epoch complete
2025-08-06 02:09:44,919 - model.pytorch.dcrnn_supervisor - INFO - evaluating now!
2025-08-06 02:09:52,693 - model.pytorch.dcrnn_supervisor - INFO - Epoch [11/20] (564) val_mae:3.5608, val_mis: 72.3917, val_width: 4.2644, val_mse: 39.5538, val_rmse: 6.2892 , 
2025-08-06 02:10:08,181 - model.pytorch.dcrnn_supervisor - INFO - Epoch [11/20] (564) test_mae:3.3182,test_mis: 65.9177, test_width: 3.9755, test_mse: 32.7231, test_rmse: 5.7204 , 
2025-08-06 02:12:06,637 - model.pytorch.dcrnn_supervisor - INFO - epoch complete
2025-08-06 02:12:06,637 - model.pytorch.dcrnn_supervisor - INFO - evaluating now!
2025-08-06 02:12:15,316 - model.pytorch.dcrnn_supervisor - INFO - Epoch [12/20] (611) val_mae:2.6415, val_mis: 53.1306, val_width: 4.9515, val_mse: 29.6939, val_rmse: 5.4492 , 
2025-08-06 02:12:32,081 - model.pytorch.dcrnn_supervisor - INFO - Epoch [12/20] (611) test_mae:2.3670,test_mis: 46.2895, test_width: 4.6971, test_mse: 23.8847, test_rmse: 4.8872 , 
2025-08-06 02:12:32,097 - model.pytorch.dcrnn_supervisor - INFO - Saved model at 12
2025-08-06 02:12:32,097 - model.pytorch.dcrnn_supervisor - INFO - Val loss decrease from 2.8872 to 2.6415, saving to models/epo12.tar
2025-08-06 02:14:29,525 - model.pytorch.dcrnn_supervisor - INFO - epoch complete
2025-08-06 02:14:29,525 - model.pytorch.dcrnn_supervisor - INFO - evaluating now!
2025-08-06 02:14:37,394 - model.pytorch.dcrnn_supervisor - INFO - Epoch [13/20] (658) val_mae:2.4777, val_mis: 51.1433, val_width: 4.4100, val_mse: 27.8188, val_rmse: 5.2744 , 
2025-08-06 02:14:52,958 - model.pytorch.dcrnn_supervisor - INFO - Epoch [13/20] (658) test_mae:2.2054,test_mis: 43.8070, test_width: 4.1793, test_mse: 21.9492, test_rmse: 4.6850 , 
2025-08-06 02:14:52,974 - model.pytorch.dcrnn_supervisor - INFO - Saved model at 13
2025-08-06 02:14:52,974 - model.pytorch.dcrnn_supervisor - INFO - Val loss decrease from 2.6415 to 2.4777, saving to models/epo13.tar
2025-08-06 02:16:50,487 - model.pytorch.dcrnn_supervisor - INFO - epoch complete
2025-08-06 02:16:50,487 - model.pytorch.dcrnn_supervisor - INFO - evaluating now!
2025-08-06 02:16:58,063 - model.pytorch.dcrnn_supervisor - INFO - Epoch [14/20] (705) val_mae:3.5360, val_mis: 70.3397, val_width: 4.8327, val_mse: 37.2268, val_rmse: 6.1014 , 
2025-08-06 02:17:13,872 - model.pytorch.dcrnn_supervisor - INFO - Epoch [14/20] (705) test_mae:3.3292,test_mis: 64.2648, test_width: 4.6130, test_mse: 31.2932, test_rmse: 5.5940 , 
2025-08-06 02:19:12,406 - model.pytorch.dcrnn_supervisor - INFO - epoch complete
2025-08-06 02:19:12,406 - model.pytorch.dcrnn_supervisor - INFO - evaluating now!
2025-08-06 02:19:20,675 - model.pytorch.dcrnn_supervisor - INFO - Epoch [15/20] (752) val_mae:3.3954, val_mis: 62.3539, val_width: 5.9705, val_mse: 41.8978, val_rmse: 6.4729 , 
2025-08-06 02:19:36,724 - model.pytorch.dcrnn_supervisor - INFO - Epoch [15/20] (752) test_mae:3.0776,test_mis: 53.8953, test_width: 5.6658, test_mse: 34.2556, test_rmse: 5.8528 , 
2025-08-06 02:21:33,715 - model.pytorch.dcrnn_supervisor - INFO - epoch complete
2025-08-06 02:21:33,715 - model.pytorch.dcrnn_supervisor - INFO - evaluating now!
2025-08-06 02:21:41,359 - model.pytorch.dcrnn_supervisor - INFO - Epoch [16/20] (799) val_mae:2.5793, val_mis: 55.4753, val_width: 4.4598, val_mse: 32.7766, val_rmse: 5.7251 , 
2025-08-06 02:21:56,608 - model.pytorch.dcrnn_supervisor - INFO - Epoch [16/20] (799) test_mae:2.2420,test_mis: 45.7644, test_width: 4.2687, test_mse: 25.1262, test_rmse: 5.0126 , 
2025-08-06 02:23:53,843 - model.pytorch.dcrnn_supervisor - INFO - epoch complete
2025-08-06 02:23:53,843 - model.pytorch.dcrnn_supervisor - INFO - evaluating now!
2025-08-06 02:24:01,586 - model.pytorch.dcrnn_supervisor - INFO - Epoch [17/20] (846) val_mae:2.5863, val_mis: 47.3104, val_width: 5.4359, val_mse: 31.2818, val_rmse: 5.5930 , 
2025-08-06 02:24:17,779 - model.pytorch.dcrnn_supervisor - INFO - Epoch [17/20] (846) test_mae:2.2989,test_mis: 40.4640, test_width: 5.1247, test_mse: 24.7912, test_rmse: 4.9791 , 
2025-08-06 02:26:15,543 - model.pytorch.dcrnn_supervisor - INFO - epoch complete
2025-08-06 02:26:15,543 - model.pytorch.dcrnn_supervisor - INFO - evaluating now!
2025-08-06 02:26:23,837 - model.pytorch.dcrnn_supervisor - INFO - Epoch [18/20] (893) val_mae:2.7057, val_mis: 60.6185, val_width: 3.6703, val_mse: 28.5268, val_rmse: 5.3410 , 
2025-08-06 02:26:39,979 - model.pytorch.dcrnn_supervisor - INFO - Epoch [18/20] (893) test_mae:2.4386,test_mis: 53.6434, test_width: 3.3858, test_mse: 22.6947, test_rmse: 4.7639 , 
2025-08-06 02:28:41,283 - model.pytorch.dcrnn_supervisor - INFO - epoch complete
2025-08-06 02:28:41,283 - model.pytorch.dcrnn_supervisor - INFO - evaluating now!
2025-08-06 02:28:49,173 - model.pytorch.dcrnn_supervisor - INFO - Epoch [19/20] (940) val_mae:2.8048, val_mis: 58.3404, val_width: 4.4640, val_mse: 40.1438, val_rmse: 6.3359 , 
2025-08-06 02:29:04,374 - model.pytorch.dcrnn_supervisor - INFO - Epoch [19/20] (940) test_mae:2.4738,test_mis: 50.0753, test_width: 4.1544, test_mse: 32.2109, test_rmse: 5.6755 , 
