2025-09-09 14:12:59,777 - model.pytorch.dcrnn_supervisor - INFO - Log directory: data/model\dcrnn_DR_2_h_12_16-16_lr_0.01_bs_256_0909141259/
2025-09-09 14:13:25,575 - model.pytorch.dcrnn_supervisor - INFO - Model created
2025-09-09 14:13:50,431 - model.pytorch.dcrnn_supervisor - INFO - Start training ...
2025-09-09 14:13:50,432 - model.pytorch.dcrnn_supervisor - INFO - num_batches:47
2025-09-09 14:13:52,529 - model.pytorch.dcrnn_supervisor - INFO - Total trainable parameters 25479
2025-09-09 14:13:55,840 - model.pytorch.dcrnn_supervisor - INFO - Total trainable parameters 25479
2025-09-09 14:13:59,064 - model.pytorch.dcrnn_supervisor - INFO - Total trainable parameters 25479
2025-09-09 14:20:34,597 - model.pytorch.dcrnn_supervisor - INFO - epoch complete
2025-09-09 14:20:34,606 - model.pytorch.dcrnn_supervisor - INFO - evaluating now!
2025-09-09 14:21:26,376 - model.pytorch.dcrnn_supervisor - INFO - Epoch [0/20] (47) [PGD eps=0.03, steps=2] val_mae_adv:4.7200, val_mis_adv:110.4356, val_width_adv:7.8165, val_mse_adv:79.7809, val_rmse_adv:8.9320
2025-09-09 14:23:15,263 - model.pytorch.dcrnn_supervisor - INFO - Epoch [0/20] (47) [PGD eps=0.03, steps=2] test_mae_adv:4.2450, test_mis_adv:94.0546, test_width_adv:7.7341, test_mse_adv:61.7586, test_rmse_adv:7.8587
2025-09-09 14:23:15,390 - model.pytorch.dcrnn_supervisor - INFO - Saved model at 0
2025-09-09 14:23:15,394 - model.pytorch.dcrnn_supervisor - INFO - Val loss_adv decrease from inf to 4.7200, saving to models/epo0.tar
2025-09-09 14:30:31,363 - model.pytorch.dcrnn_supervisor - INFO - epoch complete
2025-09-09 14:30:31,364 - model.pytorch.dcrnn_supervisor - INFO - evaluating now!
2025-09-09 14:31:21,716 - model.pytorch.dcrnn_supervisor - INFO - Epoch [1/20] (94) [PGD eps=0.03, steps=2] val_mae_adv:4.9052, val_mis_adv:109.8912, val_width_adv:7.5098, val_mse_adv:66.6517, val_rmse_adv:8.1640
2025-09-09 14:33:03,090 - model.pytorch.dcrnn_supervisor - INFO - Epoch [1/20] (94) [PGD eps=0.03, steps=2] test_mae_adv:4.5100, test_mis_adv:96.5390, test_width_adv:7.4089, test_mse_adv:53.3109, test_rmse_adv:7.3014
2025-09-09 14:40:16,768 - model.pytorch.dcrnn_supervisor - INFO - epoch complete
2025-09-09 14:40:16,769 - model.pytorch.dcrnn_supervisor - INFO - evaluating now!
2025-09-09 14:41:04,345 - model.pytorch.dcrnn_supervisor - INFO - Epoch [2/20] (141) [PGD eps=0.03, steps=2] val_mae_adv:4.1793, val_mis_adv:98.3461, val_width_adv:6.1996, val_mse_adv:62.5369, val_rmse_adv:7.9080
2025-09-09 14:42:43,682 - model.pytorch.dcrnn_supervisor - INFO - Epoch [2/20] (141) [PGD eps=0.03, steps=2] test_mae_adv:3.7292, test_mis_adv:83.5682, test_width_adv:6.0750, test_mse_adv:49.2918, test_rmse_adv:7.0208
2025-09-09 14:42:43,704 - model.pytorch.dcrnn_supervisor - INFO - Saved model at 2
2025-09-09 14:42:43,705 - model.pytorch.dcrnn_supervisor - INFO - Val loss_adv decrease from 4.7200 to 4.1793, saving to models/epo2.tar
2025-09-09 14:49:46,682 - model.pytorch.dcrnn_supervisor - INFO - epoch complete
2025-09-09 14:49:46,683 - model.pytorch.dcrnn_supervisor - INFO - evaluating now!
2025-09-09 14:50:39,298 - model.pytorch.dcrnn_supervisor - INFO - Epoch [3/20] (188) [PGD eps=0.03, steps=2] val_mae_adv:5.1621, val_mis_adv:121.7752, val_width_adv:7.4698, val_mse_adv:87.9562, val_rmse_adv:9.3785
2025-09-09 14:52:25,210 - model.pytorch.dcrnn_supervisor - INFO - Epoch [3/20] (188) [PGD eps=0.03, steps=2] test_mae_adv:4.6533, test_mis_adv:103.8533, test_width_adv:7.4468, test_mse_adv:69.6571, test_rmse_adv:8.3461
2025-09-09 14:59:44,236 - model.pytorch.dcrnn_supervisor - INFO - epoch complete
2025-09-09 14:59:44,237 - model.pytorch.dcrnn_supervisor - INFO - evaluating now!
2025-09-09 15:00:36,046 - model.pytorch.dcrnn_supervisor - INFO - Epoch [4/20] (235) [PGD eps=0.03, steps=2] val_mae_adv:4.3779, val_mis_adv:90.7814, val_width_adv:6.9172, val_mse_adv:51.3568, val_rmse_adv:7.1664
2025-09-09 15:02:24,553 - model.pytorch.dcrnn_supervisor - INFO - Epoch [4/20] (235) [PGD eps=0.03, steps=2] test_mae_adv:3.9816, test_mis_adv:78.8195, test_width_adv:6.6802, test_mse_adv:40.6736, test_rmse_adv:6.3776
2025-09-09 15:09:31,154 - model.pytorch.dcrnn_supervisor - INFO - epoch complete
2025-09-09 15:09:31,155 - model.pytorch.dcrnn_supervisor - INFO - evaluating now!
2025-09-09 15:10:26,433 - model.pytorch.dcrnn_supervisor - INFO - Epoch [5/20] (282) [PGD eps=0.03, steps=2] val_mae_adv:3.7889, val_mis_adv:77.6788, val_width_adv:6.7054, val_mse_adv:52.2382, val_rmse_adv:7.2276
2025-09-09 15:12:14,064 - model.pytorch.dcrnn_supervisor - INFO - Epoch [5/20] (282) [PGD eps=0.03, steps=2] test_mae_adv:3.3626, test_mis_adv:64.2219, test_width_adv:6.5138, test_mse_adv:39.7203, test_rmse_adv:6.3024
2025-09-09 15:12:14,085 - model.pytorch.dcrnn_supervisor - INFO - Saved model at 5
2025-09-09 15:12:14,085 - model.pytorch.dcrnn_supervisor - INFO - Val loss_adv decrease from 4.1793 to 3.7889, saving to models/epo5.tar
2025-09-09 15:19:22,934 - model.pytorch.dcrnn_supervisor - INFO - epoch complete
2025-09-09 15:19:22,935 - model.pytorch.dcrnn_supervisor - INFO - evaluating now!
2025-09-09 15:20:15,489 - model.pytorch.dcrnn_supervisor - INFO - Epoch [6/20] (329) [PGD eps=0.03, steps=2] val_mae_adv:3.2806, val_mis_adv:67.4262, val_width_adv:6.2604, val_mse_adv:42.8438, val_rmse_adv:6.5455
2025-09-09 15:21:57,787 - model.pytorch.dcrnn_supervisor - INFO - Epoch [6/20] (329) [PGD eps=0.03, steps=2] test_mae_adv:2.8900, test_mis_adv:55.0715, test_width_adv:6.0707, test_mse_adv:32.3761, test_rmse_adv:5.6900
2025-09-09 15:21:57,805 - model.pytorch.dcrnn_supervisor - INFO - Saved model at 6
2025-09-09 15:21:57,805 - model.pytorch.dcrnn_supervisor - INFO - Val loss_adv decrease from 3.7889 to 3.2806, saving to models/epo6.tar
2025-09-09 15:29:07,569 - model.pytorch.dcrnn_supervisor - INFO - epoch complete
2025-09-09 15:29:07,571 - model.pytorch.dcrnn_supervisor - INFO - evaluating now!
2025-09-09 15:30:00,038 - model.pytorch.dcrnn_supervisor - INFO - Epoch [7/20] (376) [PGD eps=0.03, steps=2] val_mae_adv:6.2193, val_mis_adv:136.9428, val_width_adv:7.5811, val_mse_adv:74.3473, val_rmse_adv:8.6225
2025-09-09 15:31:47,009 - model.pytorch.dcrnn_supervisor - INFO - Epoch [7/20] (376) [PGD eps=0.03, steps=2] test_mae_adv:5.8522, test_mis_adv:127.7355, test_width_adv:7.2232, test_mse_adv:63.0199, test_rmse_adv:7.9385
2025-09-09 15:39:03,541 - model.pytorch.dcrnn_supervisor - INFO - epoch complete
2025-09-09 15:39:03,542 - model.pytorch.dcrnn_supervisor - INFO - evaluating now!
2025-09-09 15:39:58,887 - model.pytorch.dcrnn_supervisor - INFO - Epoch [8/20] (423) [PGD eps=0.03, steps=2] val_mae_adv:3.1696, val_mis_adv:63.8888, val_width_adv:6.0651, val_mse_adv:40.2266, val_rmse_adv:6.3424
2025-09-09 15:41:42,750 - model.pytorch.dcrnn_supervisor - INFO - Epoch [8/20] (423) [PGD eps=0.03, steps=2] test_mae_adv:2.8019, test_mis_adv:53.1187, test_width_adv:5.8206, test_mse_adv:30.9832, test_rmse_adv:5.5663
2025-09-09 15:41:42,766 - model.pytorch.dcrnn_supervisor - INFO - Saved model at 8
2025-09-09 15:41:42,767 - model.pytorch.dcrnn_supervisor - INFO - Val loss_adv decrease from 3.2806 to 3.1696, saving to models/epo8.tar
2025-09-09 15:48:55,448 - model.pytorch.dcrnn_supervisor - INFO - epoch complete
2025-09-09 15:48:55,450 - model.pytorch.dcrnn_supervisor - INFO - evaluating now!
2025-09-09 15:49:49,338 - model.pytorch.dcrnn_supervisor - INFO - Epoch [9/20] (470) [PGD eps=0.03, steps=2] val_mae_adv:3.0338, val_mis_adv:63.5473, val_width_adv:5.5922, val_mse_adv:37.4262, val_rmse_adv:6.1177
2025-09-09 15:51:46,599 - model.pytorch.dcrnn_supervisor - INFO - Epoch [9/20] (470) [PGD eps=0.03, steps=2] test_mae_adv:2.6863, test_mis_adv:52.6939, test_width_adv:5.3900, test_mse_adv:28.6460, test_rmse_adv:5.3522
2025-09-09 15:51:46,615 - model.pytorch.dcrnn_supervisor - INFO - Saved model at 9
2025-09-09 15:51:46,616 - model.pytorch.dcrnn_supervisor - INFO - Val loss_adv decrease from 3.1696 to 3.0338, saving to models/epo9.tar
2025-09-09 15:59:34,038 - model.pytorch.dcrnn_supervisor - INFO - epoch complete
2025-09-09 15:59:34,039 - model.pytorch.dcrnn_supervisor - INFO - evaluating now!
2025-09-09 16:00:26,388 - model.pytorch.dcrnn_supervisor - INFO - Epoch [10/20] (517) [PGD eps=0.03, steps=2] val_mae_adv:3.5069, val_mis_adv:71.3222, val_width_adv:5.6322, val_mse_adv:42.4942, val_rmse_adv:6.5188
2025-09-09 16:02:14,435 - model.pytorch.dcrnn_supervisor - INFO - Epoch [10/20] (517) [PGD eps=0.03, steps=2] test_mae_adv:3.1726, test_mis_adv:60.8068, test_width_adv:5.4418, test_mse_adv:33.4153, test_rmse_adv:5.7806
2025-09-09 16:09:27,287 - model.pytorch.dcrnn_supervisor - INFO - epoch complete
2025-09-09 16:09:27,287 - model.pytorch.dcrnn_supervisor - INFO - evaluating now!
2025-09-09 16:10:20,650 - model.pytorch.dcrnn_supervisor - INFO - Epoch [11/20] (564) [PGD eps=0.03, steps=2] val_mae_adv:2.8636, val_mis_adv:58.9709, val_width_adv:5.4184, val_mse_adv:35.4202, val_rmse_adv:5.9515
2025-09-09 16:12:09,395 - model.pytorch.dcrnn_supervisor - INFO - Epoch [11/20] (564) [PGD eps=0.03, steps=2] test_mae_adv:2.5262, test_mis_adv:48.8390, test_width_adv:5.1986, test_mse_adv:27.2952, test_rmse_adv:5.2245
2025-09-09 16:12:09,415 - model.pytorch.dcrnn_supervisor - INFO - Saved model at 11
2025-09-09 16:12:09,415 - model.pytorch.dcrnn_supervisor - INFO - Val loss_adv decrease from 3.0338 to 2.8636, saving to models/epo11.tar
2025-09-09 16:19:16,873 - model.pytorch.dcrnn_supervisor - INFO - epoch complete
2025-09-09 16:19:16,874 - model.pytorch.dcrnn_supervisor - INFO - evaluating now!
2025-09-09 16:20:07,673 - model.pytorch.dcrnn_supervisor - INFO - Epoch [12/20] (611) [PGD eps=0.03, steps=2] val_mae_adv:3.1963, val_mis_adv:61.8994, val_width_adv:5.8146, val_mse_adv:31.8085, val_rmse_adv:5.6399
2025-09-09 16:21:48,152 - model.pytorch.dcrnn_supervisor - INFO - Epoch [12/20] (611) [PGD eps=0.03, steps=2] test_mae_adv:2.9143, test_mis_adv:53.5163, test_width_adv:5.5893, test_mse_adv:25.1620, test_rmse_adv:5.0162
2025-09-09 16:29:24,665 - model.pytorch.dcrnn_supervisor - INFO - epoch complete
2025-09-09 16:29:24,666 - model.pytorch.dcrnn_supervisor - INFO - evaluating now!
2025-09-09 16:30:16,670 - model.pytorch.dcrnn_supervisor - INFO - Epoch [13/20] (658) [PGD eps=0.03, steps=2] val_mae_adv:2.8094, val_mis_adv:55.1671, val_width_adv:5.1879, val_mse_adv:31.4968, val_rmse_adv:5.6122
2025-09-09 16:32:00,965 - model.pytorch.dcrnn_supervisor - INFO - Epoch [13/20] (658) [PGD eps=0.03, steps=2] test_mae_adv:2.5217, test_mis_adv:46.8262, test_width_adv:4.9705, test_mse_adv:24.6876, test_rmse_adv:4.9687
2025-09-09 16:32:00,983 - model.pytorch.dcrnn_supervisor - INFO - Saved model at 13
2025-09-09 16:32:00,985 - model.pytorch.dcrnn_supervisor - INFO - Val loss_adv decrease from 2.8636 to 2.8094, saving to models/epo13.tar
2025-09-09 16:38:57,795 - model.pytorch.dcrnn_supervisor - INFO - epoch complete
2025-09-09 16:38:57,797 - model.pytorch.dcrnn_supervisor - INFO - evaluating now!
2025-09-09 16:39:53,240 - model.pytorch.dcrnn_supervisor - INFO - Epoch [14/20] (705) [PGD eps=0.03, steps=2] val_mae_adv:2.5832, val_mis_adv:48.4942, val_width_adv:5.4111, val_mse_adv:27.4686, val_rmse_adv:5.2410
2025-09-09 16:41:35,118 - model.pytorch.dcrnn_supervisor - INFO - Epoch [14/20] (705) [PGD eps=0.03, steps=2] test_mae_adv:2.3143, test_mis_adv:40.7968, test_width_adv:5.1822, test_mse_adv:21.6449, test_rmse_adv:4.6524
2025-09-09 16:41:35,134 - model.pytorch.dcrnn_supervisor - INFO - Saved model at 14
2025-09-09 16:41:35,135 - model.pytorch.dcrnn_supervisor - INFO - Val loss_adv decrease from 2.8094 to 2.5832, saving to models/epo14.tar
2025-09-09 16:48:28,333 - model.pytorch.dcrnn_supervisor - INFO - epoch complete
2025-09-09 16:48:28,333 - model.pytorch.dcrnn_supervisor - INFO - evaluating now!
2025-09-09 16:49:16,298 - model.pytorch.dcrnn_supervisor - INFO - Epoch [15/20] (752) [PGD eps=0.03, steps=2] val_mae_adv:2.8607, val_mis_adv:55.1866, val_width_adv:5.4568, val_mse_adv:35.4060, val_rmse_adv:5.9503
2025-09-09 16:51:09,505 - model.pytorch.dcrnn_supervisor - INFO - Epoch [15/20] (752) [PGD eps=0.03, steps=2] test_mae_adv:2.5440, test_mis_adv:46.9405, test_width_adv:5.1533, test_mse_adv:27.8954, test_rmse_adv:5.2816
2025-09-09 16:58:29,556 - model.pytorch.dcrnn_supervisor - INFO - epoch complete
2025-09-09 16:58:29,559 - model.pytorch.dcrnn_supervisor - INFO - evaluating now!
2025-09-09 16:59:23,966 - model.pytorch.dcrnn_supervisor - INFO - Epoch [16/20] (799) [PGD eps=0.03, steps=2] val_mae_adv:2.4394, val_mis_adv:49.5980, val_width_adv:4.6576, val_mse_adv:26.1040, val_rmse_adv:5.1092
2025-09-09 17:01:12,370 - model.pytorch.dcrnn_supervisor - INFO - Epoch [16/20] (799) [PGD eps=0.03, steps=2] test_mae_adv:2.1766, test_mis_adv:42.0200, test_width_adv:4.4487, test_mse_adv:20.7146, test_rmse_adv:4.5513
2025-09-09 17:01:12,393 - model.pytorch.dcrnn_supervisor - INFO - Saved model at 16
2025-09-09 17:01:12,394 - model.pytorch.dcrnn_supervisor - INFO - Val loss_adv decrease from 2.5832 to 2.4394, saving to models/epo16.tar
2025-09-09 17:08:39,011 - model.pytorch.dcrnn_supervisor - INFO - epoch complete
2025-09-09 17:08:39,012 - model.pytorch.dcrnn_supervisor - INFO - evaluating now!
2025-09-09 17:09:33,764 - model.pytorch.dcrnn_supervisor - INFO - Epoch [17/20] (846) [PGD eps=0.03, steps=2] val_mae_adv:3.2432, val_mis_adv:69.7258, val_width_adv:4.3797, val_mse_adv:31.7044, val_rmse_adv:5.6307
2025-09-09 17:11:21,294 - model.pytorch.dcrnn_supervisor - INFO - Epoch [17/20] (846) [PGD eps=0.03, steps=2] test_mae_adv:3.0537, test_mis_adv:63.4177, test_width_adv:4.2054, test_mse_adv:26.3708, test_rmse_adv:5.1353
2025-09-09 17:18:22,541 - model.pytorch.dcrnn_supervisor - INFO - epoch complete
2025-09-09 17:18:22,543 - model.pytorch.dcrnn_supervisor - INFO - evaluating now!
2025-09-09 17:19:12,560 - model.pytorch.dcrnn_supervisor - INFO - Epoch [18/20] (893) [PGD eps=0.03, steps=2] val_mae_adv:2.4842, val_mis_adv:51.0140, val_width_adv:4.4552, val_mse_adv:25.2997, val_rmse_adv:5.0299
2025-09-09 17:20:49,342 - model.pytorch.dcrnn_supervisor - INFO - Epoch [18/20] (893) [PGD eps=0.03, steps=2] test_mae_adv:2.2424, test_mis_adv:43.6582, test_width_adv:4.2481, test_mse_adv:20.1573, test_rmse_adv:4.4897
2025-09-09 17:27:49,057 - model.pytorch.dcrnn_supervisor - INFO - epoch complete
2025-09-09 17:27:49,058 - model.pytorch.dcrnn_supervisor - INFO - evaluating now!
2025-09-09 17:28:40,222 - model.pytorch.dcrnn_supervisor - INFO - Epoch [19/20] (940) [PGD eps=0.03, steps=2] val_mae_adv:2.4245, val_mis_adv:49.4051, val_width_adv:4.5474, val_mse_adv:26.5321, val_rmse_adv:5.1509
2025-09-09 17:30:23,448 - model.pytorch.dcrnn_supervisor - INFO - Epoch [19/20] (940) [PGD eps=0.03, steps=2] test_mae_adv:2.1759, test_mis_adv:42.2201, test_width_adv:4.3329, test_mse_adv:21.2026, test_rmse_adv:4.6046
2025-09-09 17:30:23,465 - model.pytorch.dcrnn_supervisor - INFO - Saved model at 19
2025-09-09 17:30:23,467 - model.pytorch.dcrnn_supervisor - INFO - Val loss_adv decrease from 2.4394 to 2.4245, saving to models/epo19.tar
