2025-09-11 13:14:03,413 - model.pytorch.dcrnn_supervisor - INFO - Log directory: data/model\dcrnn_DR_2_h_12_16-16_lr_0.01_bs_256_0911131403/
2025-09-11 13:14:10,757 - model.pytorch.dcrnn_supervisor - INFO - Model created
2025-09-11 13:14:49,847 - model.pytorch.dcrnn_supervisor - INFO - Start training ...
2025-09-11 13:14:49,847 - model.pytorch.dcrnn_supervisor - INFO - num_batches:49
2025-09-11 13:14:51,355 - model.pytorch.dcrnn_supervisor - INFO - Total trainable parameters 24243
2025-09-11 13:14:53,966 - model.pytorch.dcrnn_supervisor - INFO - Total trainable parameters 24243
2025-09-11 13:18:48,650 - model.pytorch.dcrnn_supervisor - INFO - epoch complete
2025-09-11 13:18:48,650 - model.pytorch.dcrnn_supervisor - INFO - evaluating now!
2025-09-11 13:19:12,779 - model.pytorch.dcrnn_supervisor - INFO - Epoch [0/20] (49) val_mae_adv:4.0252, val_mis_adv:96.7909, val_width_adv:5.8362, val_mse_adv:52.4109, val_rmse_adv:7.2395
2025-09-11 13:19:59,982 - model.pytorch.dcrnn_supervisor - INFO - Epoch [0/20] (49) test_mae_adv:4.0119, test_mis_adv:96.6194, test_width_adv:5.8358, test_mse_adv:54.1075, test_rmse_adv:7.3558
2025-09-11 13:19:59,997 - model.pytorch.dcrnn_supervisor - INFO - Saved model at 0
2025-09-11 13:19:59,997 - model.pytorch.dcrnn_supervisor - INFO - Val loss_adv decrease from inf to 4.0252, saving to models/epo0.tar
2025-09-11 13:23:52,734 - model.pytorch.dcrnn_supervisor - INFO - epoch complete
2025-09-11 13:23:52,734 - model.pytorch.dcrnn_supervisor - INFO - evaluating now!
2025-09-11 13:24:17,110 - model.pytorch.dcrnn_supervisor - INFO - Epoch [1/20] (98) val_mae_adv:3.6403, val_mis_adv:87.8695, val_width_adv:5.5464, val_mse_adv:45.7522, val_rmse_adv:6.7640
2025-09-11 13:25:02,481 - model.pytorch.dcrnn_supervisor - INFO - Epoch [1/20] (98) test_mae_adv:3.6629, test_mis_adv:88.9060, test_width_adv:5.5469, test_mse_adv:47.7022, test_rmse_adv:6.9067
2025-09-11 13:25:02,482 - model.pytorch.dcrnn_supervisor - INFO - Saved model at 1
2025-09-11 13:25:02,482 - model.pytorch.dcrnn_supervisor - INFO - Val loss_adv decrease from 4.0252 to 3.6403, saving to models/epo1.tar
2025-09-11 13:28:54,776 - model.pytorch.dcrnn_supervisor - INFO - epoch complete
2025-09-11 13:28:54,776 - model.pytorch.dcrnn_supervisor - INFO - evaluating now!
2025-09-11 13:29:19,166 - model.pytorch.dcrnn_supervisor - INFO - Epoch [2/20] (147) val_mae_adv:3.4235, val_mis_adv:83.6513, val_width_adv:5.1892, val_mse_adv:41.2842, val_rmse_adv:6.4253
2025-09-11 13:30:05,118 - model.pytorch.dcrnn_supervisor - INFO - Epoch [2/20] (147) test_mae_adv:3.4598, test_mis_adv:85.0878, test_width_adv:5.1857, test_mse_adv:43.2253, test_rmse_adv:6.5746
2025-09-11 13:30:05,139 - model.pytorch.dcrnn_supervisor - INFO - Saved model at 2
2025-09-11 13:30:05,141 - model.pytorch.dcrnn_supervisor - INFO - Val loss_adv decrease from 3.6403 to 3.4235, saving to models/epo2.tar
2025-09-11 13:34:02,731 - model.pytorch.dcrnn_supervisor - INFO - epoch complete
2025-09-11 13:34:02,731 - model.pytorch.dcrnn_supervisor - INFO - evaluating now!
2025-09-11 13:34:27,365 - model.pytorch.dcrnn_supervisor - INFO - Epoch [3/20] (196) val_mae_adv:3.3918, val_mis_adv:81.8212, val_width_adv:5.0382, val_mse_adv:38.0051, val_rmse_adv:6.1648
2025-09-11 13:35:16,839 - model.pytorch.dcrnn_supervisor - INFO - Epoch [3/20] (196) test_mae_adv:3.4498, test_mis_adv:83.8332, test_width_adv:5.0247, test_mse_adv:39.9149, test_rmse_adv:6.3178
2025-09-11 13:35:16,841 - model.pytorch.dcrnn_supervisor - INFO - Saved model at 3
2025-09-11 13:35:16,841 - model.pytorch.dcrnn_supervisor - INFO - Val loss_adv decrease from 3.4235 to 3.3918, saving to models/epo3.tar
2025-09-11 13:39:08,435 - model.pytorch.dcrnn_supervisor - INFO - epoch complete
2025-09-11 13:39:08,435 - model.pytorch.dcrnn_supervisor - INFO - evaluating now!
2025-09-11 13:39:32,374 - model.pytorch.dcrnn_supervisor - INFO - Epoch [4/20] (245) val_mae_adv:3.2548, val_mis_adv:79.1677, val_width_adv:4.8337, val_mse_adv:36.7014, val_rmse_adv:6.0582
2025-09-11 13:40:20,248 - model.pytorch.dcrnn_supervisor - INFO - Epoch [4/20] (245) test_mae_adv:3.2965, test_mis_adv:80.6184, test_width_adv:4.8118, test_mse_adv:38.3936, test_rmse_adv:6.1963
2025-09-11 13:40:20,270 - model.pytorch.dcrnn_supervisor - INFO - Saved model at 4
2025-09-11 13:40:20,271 - model.pytorch.dcrnn_supervisor - INFO - Val loss_adv decrease from 3.3918 to 3.2548, saving to models/epo4.tar
2025-09-11 13:44:10,865 - model.pytorch.dcrnn_supervisor - INFO - epoch complete
2025-09-11 13:44:10,865 - model.pytorch.dcrnn_supervisor - INFO - evaluating now!
2025-09-11 13:44:34,459 - model.pytorch.dcrnn_supervisor - INFO - Epoch [5/20] (294) val_mae_adv:3.1890, val_mis_adv:78.9818, val_width_adv:4.5092, val_mse_adv:37.7743, val_rmse_adv:6.1461
2025-09-11 13:45:21,760 - model.pytorch.dcrnn_supervisor - INFO - Epoch [5/20] (294) test_mae_adv:3.2066, test_mis_adv:79.6150, test_width_adv:4.5024, test_mse_adv:39.1177, test_rmse_adv:6.2544
2025-09-11 13:45:21,776 - model.pytorch.dcrnn_supervisor - INFO - Saved model at 5
2025-09-11 13:45:21,776 - model.pytorch.dcrnn_supervisor - INFO - Val loss_adv decrease from 3.2548 to 3.1890, saving to models/epo5.tar
2025-09-11 13:49:19,932 - model.pytorch.dcrnn_supervisor - INFO - epoch complete
2025-09-11 13:49:19,932 - model.pytorch.dcrnn_supervisor - INFO - evaluating now!
2025-09-11 13:49:43,291 - model.pytorch.dcrnn_supervisor - INFO - Epoch [6/20] (343) val_mae_adv:3.2033, val_mis_adv:79.8959, val_width_adv:4.3210, val_mse_adv:37.3501, val_rmse_adv:6.1115
2025-09-11 13:50:32,463 - model.pytorch.dcrnn_supervisor - INFO - Epoch [6/20] (343) test_mae_adv:3.1861, test_mis_adv:79.1423, test_width_adv:4.3272, test_mse_adv:37.6222, test_rmse_adv:6.1337
2025-09-11 13:54:23,166 - model.pytorch.dcrnn_supervisor - INFO - epoch complete
2025-09-11 13:54:23,167 - model.pytorch.dcrnn_supervisor - INFO - evaluating now!
2025-09-11 13:54:46,500 - model.pytorch.dcrnn_supervisor - INFO - Epoch [7/20] (392) val_mae_adv:3.2265, val_mis_adv:77.6120, val_width_adv:4.5823, val_mse_adv:31.7842, val_rmse_adv:5.6377
2025-09-11 13:55:33,691 - model.pytorch.dcrnn_supervisor - INFO - Epoch [7/20] (392) test_mae_adv:3.2758, test_mis_adv:79.1903, test_width_adv:4.5650, test_mse_adv:32.4428, test_rmse_adv:5.6959
2025-09-11 13:59:27,160 - model.pytorch.dcrnn_supervisor - INFO - epoch complete
2025-09-11 13:59:27,161 - model.pytorch.dcrnn_supervisor - INFO - evaluating now!
2025-09-11 13:59:49,885 - model.pytorch.dcrnn_supervisor - INFO - Epoch [8/20] (441) val_mae_adv:3.1148, val_mis_adv:79.2319, val_width_adv:3.8592, val_mse_adv:34.7840, val_rmse_adv:5.8978
2025-09-11 14:00:36,403 - model.pytorch.dcrnn_supervisor - INFO - Epoch [8/20] (441) test_mae_adv:3.0770, test_mis_adv:77.7266, test_width_adv:3.8695, test_mse_adv:34.4902, test_rmse_adv:5.8728
2025-09-11 14:00:36,420 - model.pytorch.dcrnn_supervisor - INFO - Saved model at 8
2025-09-11 14:00:36,420 - model.pytorch.dcrnn_supervisor - INFO - Val loss_adv decrease from 3.1890 to 3.1148, saving to models/epo8.tar
2025-09-11 14:04:32,232 - model.pytorch.dcrnn_supervisor - INFO - epoch complete
2025-09-11 14:04:32,232 - model.pytorch.dcrnn_supervisor - INFO - evaluating now!
2025-09-11 14:04:54,575 - model.pytorch.dcrnn_supervisor - INFO - Epoch [9/20] (490) val_mae_adv:2.9196, val_mis_adv:70.2471, val_width_adv:4.0704, val_mse_adv:28.3259, val_rmse_adv:5.3222
2025-09-11 14:05:43,224 - model.pytorch.dcrnn_supervisor - INFO - Epoch [9/20] (490) test_mae_adv:2.9587, test_mis_adv:71.2961, test_width_adv:4.0791, test_mse_adv:28.7760, test_rmse_adv:5.3643
2025-09-11 14:05:43,240 - model.pytorch.dcrnn_supervisor - INFO - Saved model at 9
2025-09-11 14:05:43,240 - model.pytorch.dcrnn_supervisor - INFO - Val loss_adv decrease from 3.1148 to 2.9196, saving to models/epo9.tar
2025-09-11 14:09:32,670 - model.pytorch.dcrnn_supervisor - INFO - epoch complete
2025-09-11 14:09:32,670 - model.pytorch.dcrnn_supervisor - INFO - evaluating now!
2025-09-11 14:09:55,528 - model.pytorch.dcrnn_supervisor - INFO - Epoch [10/20] (539) val_mae_adv:2.7471, val_mis_adv:66.2162, val_width_adv:3.7759, val_mse_adv:27.2178, val_rmse_adv:5.2171
2025-09-11 14:10:45,263 - model.pytorch.dcrnn_supervisor - INFO - Epoch [10/20] (539) test_mae_adv:2.7421, test_mis_adv:65.8750, test_width_adv:3.7889, test_mse_adv:27.2583, test_rmse_adv:5.2210
2025-09-11 14:10:45,288 - model.pytorch.dcrnn_supervisor - INFO - Saved model at 10
2025-09-11 14:10:45,288 - model.pytorch.dcrnn_supervisor - INFO - Val loss_adv decrease from 2.9196 to 2.7471, saving to models/epo10.tar
2025-09-11 14:14:34,242 - model.pytorch.dcrnn_supervisor - INFO - epoch complete
2025-09-11 14:14:34,243 - model.pytorch.dcrnn_supervisor - INFO - evaluating now!
2025-09-11 14:14:58,861 - model.pytorch.dcrnn_supervisor - INFO - Epoch [11/20] (588) val_mae_adv:2.7539, val_mis_adv:67.2238, val_width_adv:3.6321, val_mse_adv:25.2766, val_rmse_adv:5.0276
2025-09-11 14:15:46,574 - model.pytorch.dcrnn_supervisor - INFO - Epoch [11/20] (588) test_mae_adv:2.7307, test_mis_adv:66.2168, test_width_adv:3.6342, test_mse_adv:25.3098, test_rmse_adv:5.0309
2025-09-11 14:20:02,645 - model.pytorch.dcrnn_supervisor - INFO - epoch complete
2025-09-11 14:20:02,645 - model.pytorch.dcrnn_supervisor - INFO - evaluating now!
2025-09-11 14:20:27,120 - model.pytorch.dcrnn_supervisor - INFO - Epoch [12/20] (637) val_mae_adv:2.5985, val_mis_adv:59.3261, val_width_adv:3.6568, val_mse_adv:24.0351, val_rmse_adv:4.9026
2025-09-11 14:21:13,796 - model.pytorch.dcrnn_supervisor - INFO - Epoch [12/20] (637) test_mae_adv:2.5577, test_mis_adv:57.8780, test_width_adv:3.6809, test_mse_adv:23.9844, test_rmse_adv:4.8974
2025-09-11 14:21:13,811 - model.pytorch.dcrnn_supervisor - INFO - Saved model at 12
2025-09-11 14:21:13,812 - model.pytorch.dcrnn_supervisor - INFO - Val loss_adv decrease from 2.7471 to 2.5985, saving to models/epo12.tar
2025-09-11 14:25:09,987 - model.pytorch.dcrnn_supervisor - INFO - epoch complete
2025-09-11 14:25:09,988 - model.pytorch.dcrnn_supervisor - INFO - evaluating now!
2025-09-11 14:25:34,237 - model.pytorch.dcrnn_supervisor - INFO - Epoch [13/20] (686) val_mae_adv:2.6479, val_mis_adv:58.5728, val_width_adv:4.0405, val_mse_adv:21.9578, val_rmse_adv:4.6859
2025-09-11 14:26:22,943 - model.pytorch.dcrnn_supervisor - INFO - Epoch [13/20] (686) test_mae_adv:2.6656, test_mis_adv:59.0036, test_width_adv:4.0315, test_mse_adv:22.3044, test_rmse_adv:4.7228
2025-09-11 14:30:21,224 - model.pytorch.dcrnn_supervisor - INFO - epoch complete
2025-09-11 14:30:21,224 - model.pytorch.dcrnn_supervisor - INFO - evaluating now!
2025-09-11 14:30:45,184 - model.pytorch.dcrnn_supervisor - INFO - Epoch [14/20] (735) val_mae_adv:2.5129, val_mis_adv:56.1652, val_width_adv:3.8197, val_mse_adv:20.1484, val_rmse_adv:4.4887
2025-09-11 14:31:34,672 - model.pytorch.dcrnn_supervisor - INFO - Epoch [14/20] (735) test_mae_adv:2.5337, test_mis_adv:57.1343, test_width_adv:3.8075, test_mse_adv:20.7970, test_rmse_adv:4.5604
2025-09-11 14:31:34,688 - model.pytorch.dcrnn_supervisor - INFO - Saved model at 14
2025-09-11 14:31:34,689 - model.pytorch.dcrnn_supervisor - INFO - Val loss_adv decrease from 2.5985 to 2.5129, saving to models/epo14.tar
2025-09-11 14:35:33,246 - model.pytorch.dcrnn_supervisor - INFO - epoch complete
2025-09-11 14:35:33,246 - model.pytorch.dcrnn_supervisor - INFO - evaluating now!
2025-09-11 14:35:56,617 - model.pytorch.dcrnn_supervisor - INFO - Epoch [15/20] (784) val_mae_adv:2.4471, val_mis_adv:55.5715, val_width_adv:3.5249, val_mse_adv:21.0976, val_rmse_adv:4.5932
2025-09-11 14:36:44,144 - model.pytorch.dcrnn_supervisor - INFO - Epoch [15/20] (784) test_mae_adv:2.4238, test_mis_adv:54.7570, test_width_adv:3.5376, test_mse_adv:21.3818, test_rmse_adv:4.6240
2025-09-11 14:36:44,161 - model.pytorch.dcrnn_supervisor - INFO - Saved model at 15
2025-09-11 14:36:44,161 - model.pytorch.dcrnn_supervisor - INFO - Val loss_adv decrease from 2.5129 to 2.4471, saving to models/epo15.tar
2025-09-11 14:40:42,466 - model.pytorch.dcrnn_supervisor - INFO - epoch complete
2025-09-11 14:40:42,482 - model.pytorch.dcrnn_supervisor - INFO - evaluating now!
2025-09-11 14:41:05,043 - model.pytorch.dcrnn_supervisor - INFO - Epoch [16/20] (833) val_mae_adv:2.5078, val_mis_adv:58.8452, val_width_adv:3.2513, val_mse_adv:21.2392, val_rmse_adv:4.6086
2025-09-11 14:41:52,896 - model.pytorch.dcrnn_supervisor - INFO - Epoch [16/20] (833) test_mae_adv:2.4789, test_mis_adv:57.8428, test_width_adv:3.2618, test_mse_adv:21.4830, test_rmse_adv:4.6350
2025-09-11 14:45:48,051 - model.pytorch.dcrnn_supervisor - INFO - epoch complete
2025-09-11 14:45:48,051 - model.pytorch.dcrnn_supervisor - INFO - evaluating now!
2025-09-11 14:46:11,483 - model.pytorch.dcrnn_supervisor - INFO - Epoch [17/20] (882) val_mae_adv:2.4530, val_mis_adv:53.3228, val_width_adv:3.5689, val_mse_adv:19.7767, val_rmse_adv:4.4471
2025-09-11 14:46:59,779 - model.pytorch.dcrnn_supervisor - INFO - Epoch [17/20] (882) test_mae_adv:2.4507, test_mis_adv:53.0952, test_width_adv:3.5747, test_mse_adv:20.1803, test_rmse_adv:4.4923
2025-09-11 14:51:01,209 - model.pytorch.dcrnn_supervisor - INFO - epoch complete
2025-09-11 14:51:01,209 - model.pytorch.dcrnn_supervisor - INFO - evaluating now!
2025-09-11 14:51:26,604 - model.pytorch.dcrnn_supervisor - INFO - Epoch [18/20] (931) val_mae_adv:2.6366, val_mis_adv:58.9121, val_width_adv:3.8698, val_mse_adv:20.2095, val_rmse_adv:4.4955
2025-09-11 14:52:13,809 - model.pytorch.dcrnn_supervisor - INFO - Epoch [18/20] (931) test_mae_adv:2.6800, test_mis_adv:60.2587, test_width_adv:3.8580, test_mse_adv:20.7209, test_rmse_adv:4.5520
2025-09-11 14:56:10,073 - model.pytorch.dcrnn_supervisor - INFO - epoch complete
2025-09-11 14:56:10,073 - model.pytorch.dcrnn_supervisor - INFO - evaluating now!
2025-09-11 14:56:33,966 - model.pytorch.dcrnn_supervisor - INFO - Epoch [19/20] (980) val_mae_adv:2.0744, val_mis_adv:43.8364, val_width_adv:3.5285, val_mse_adv:17.8088, val_rmse_adv:4.2200
2025-09-11 14:57:21,291 - model.pytorch.dcrnn_supervisor - INFO - Epoch [19/20] (980) test_mae_adv:2.0727, test_mis_adv:43.6173, test_width_adv:3.5394, test_mse_adv:18.0831, test_rmse_adv:4.2524
2025-09-11 14:57:21,308 - model.pytorch.dcrnn_supervisor - INFO - Saved model at 19
2025-09-11 14:57:21,308 - model.pytorch.dcrnn_supervisor - INFO - Val loss_adv decrease from 2.4471 to 2.0744, saving to models/epo19.tar
