2025-08-17 01:17:12,039 - model.pytorch.dcrnn_supervisor - INFO - Log directory: data/model\dcrnn_DR_2_h_12_16-16_lr_0.01_bs_256_0817011712/
2025-08-17 01:17:34,685 - model.pytorch.dcrnn_supervisor - INFO - Model created
2025-08-17 01:17:57,931 - model.pytorch.dcrnn_supervisor - INFO - Start training ...
2025-08-17 01:17:57,931 - model.pytorch.dcrnn_supervisor - INFO - num_batches:47
2025-08-17 01:18:00,361 - model.pytorch.dcrnn_supervisor - INFO - Total trainable parameters 26641
2025-08-17 01:18:05,642 - model.pytorch.dcrnn_supervisor - INFO - Total trainable parameters 26641
2025-08-17 01:18:08,337 - model.pytorch.dcrnn_supervisor - INFO - Total trainable parameters 26641
2025-08-17 01:24:32,483 - model.pytorch.dcrnn_supervisor - INFO - epoch complete
2025-08-17 01:24:32,483 - model.pytorch.dcrnn_supervisor - INFO - evaluating now!
2025-08-17 01:25:18,775 - model.pytorch.dcrnn_supervisor - INFO - Epoch [0/20] (47) [PGD eps=0.03, steps=2] val_mae_adv:4.6558, val_mis_adv:66.7920, val_width_adv:23.6631, val_mse_adv:87.1438, val_rmse_adv:9.3351
2025-08-17 01:26:54,593 - model.pytorch.dcrnn_supervisor - INFO - Epoch [0/20] (47) [PGD eps=0.03, steps=2] test_mae_adv:4.1183, test_mis_adv:55.9841, test_width_adv:23.5641, test_mse_adv:66.7850, test_rmse_adv:8.1722
2025-08-17 01:26:54,688 - model.pytorch.dcrnn_supervisor - INFO - Saved model at 0
2025-08-17 01:26:54,688 - model.pytorch.dcrnn_supervisor - INFO - Val loss_adv (PGD) decrease from inf to 4.6558, saving to models/epo0.tar
2025-08-17 01:33:13,632 - model.pytorch.dcrnn_supervisor - INFO - epoch complete
2025-08-17 01:33:13,632 - model.pytorch.dcrnn_supervisor - INFO - evaluating now!
2025-08-17 01:34:01,956 - model.pytorch.dcrnn_supervisor - INFO - Epoch [1/20] (94) [PGD eps=0.03, steps=2] val_mae_adv:4.7541, val_mis_adv:57.3432, val_width_adv:24.1039, val_mse_adv:85.3529, val_rmse_adv:9.2387
2025-08-17 01:35:33,966 - model.pytorch.dcrnn_supervisor - INFO - Epoch [1/20] (94) [PGD eps=0.03, steps=2] test_mae_adv:4.2500, test_mis_adv:49.4470, test_width_adv:23.0920, test_mse_adv:66.6347, test_rmse_adv:8.1630
2025-08-17 01:41:59,547 - model.pytorch.dcrnn_supervisor - INFO - epoch complete
2025-08-17 01:41:59,547 - model.pytorch.dcrnn_supervisor - INFO - evaluating now!
2025-08-17 01:42:43,798 - model.pytorch.dcrnn_supervisor - INFO - Epoch [2/20] (141) [PGD eps=0.03, steps=2] val_mae_adv:4.5104, val_mis_adv:49.9108, val_width_adv:22.0199, val_mse_adv:75.4163, val_rmse_adv:8.6843
2025-08-17 01:44:16,772 - model.pytorch.dcrnn_supervisor - INFO - Epoch [2/20] (141) [PGD eps=0.03, steps=2] test_mae_adv:4.0073, test_mis_adv:42.6839, test_width_adv:21.3631, test_mse_adv:58.2967, test_rmse_adv:7.6352
2025-08-17 01:44:16,788 - model.pytorch.dcrnn_supervisor - INFO - Saved model at 2
2025-08-17 01:44:16,788 - model.pytorch.dcrnn_supervisor - INFO - Val loss_adv (PGD) decrease from 4.6558 to 4.5104, saving to models/epo2.tar
2025-08-17 01:50:33,734 - model.pytorch.dcrnn_supervisor - INFO - epoch complete
2025-08-17 01:50:33,734 - model.pytorch.dcrnn_supervisor - INFO - evaluating now!
2025-08-17 01:51:19,545 - model.pytorch.dcrnn_supervisor - INFO - Epoch [3/20] (188) [PGD eps=0.03, steps=2] val_mae_adv:4.4323, val_mis_adv:49.3212, val_width_adv:20.4378, val_mse_adv:73.1817, val_rmse_adv:8.5546
2025-08-17 01:52:50,724 - model.pytorch.dcrnn_supervisor - INFO - Epoch [3/20] (188) [PGD eps=0.03, steps=2] test_mae_adv:3.9178, test_mis_adv:41.5594, test_width_adv:19.9112, test_mse_adv:56.0700, test_rmse_adv:7.4880
2025-08-17 01:52:50,740 - model.pytorch.dcrnn_supervisor - INFO - Saved model at 3
2025-08-17 01:52:50,740 - model.pytorch.dcrnn_supervisor - INFO - Val loss_adv (PGD) decrease from 4.5104 to 4.4323, saving to models/epo3.tar
2025-08-17 01:59:09,820 - model.pytorch.dcrnn_supervisor - INFO - epoch complete
2025-08-17 01:59:09,820 - model.pytorch.dcrnn_supervisor - INFO - evaluating now!
2025-08-17 01:59:55,313 - model.pytorch.dcrnn_supervisor - INFO - Epoch [4/20] (235) [PGD eps=0.03, steps=2] val_mae_adv:4.0749, val_mis_adv:44.0657, val_width_adv:26.4005, val_mse_adv:60.3636, val_rmse_adv:7.7694
2025-08-17 02:01:26,484 - model.pytorch.dcrnn_supervisor - INFO - Epoch [4/20] (235) [PGD eps=0.03, steps=2] test_mae_adv:3.5953, test_mis_adv:38.7017, test_width_adv:25.6022, test_mse_adv:45.8182, test_rmse_adv:6.7689
2025-08-17 02:01:26,500 - model.pytorch.dcrnn_supervisor - INFO - Saved model at 4
2025-08-17 02:01:26,500 - model.pytorch.dcrnn_supervisor - INFO - Val loss_adv (PGD) decrease from 4.4323 to 4.0749, saving to models/epo4.tar
2025-08-17 02:07:50,817 - model.pytorch.dcrnn_supervisor - INFO - epoch complete
2025-08-17 02:07:50,817 - model.pytorch.dcrnn_supervisor - INFO - evaluating now!
2025-08-17 02:08:36,617 - model.pytorch.dcrnn_supervisor - INFO - Epoch [5/20] (282) [PGD eps=0.03, steps=2] val_mae_adv:3.4958, val_mis_adv:43.4123, val_width_adv:18.7943, val_mse_adv:53.2398, val_rmse_adv:7.2966
2025-08-17 02:10:09,500 - model.pytorch.dcrnn_supervisor - INFO - Epoch [5/20] (282) [PGD eps=0.03, steps=2] test_mae_adv:3.0455, test_mis_adv:36.0859, test_width_adv:17.8866, test_mse_adv:39.7470, test_rmse_adv:6.3045
2025-08-17 02:10:09,516 - model.pytorch.dcrnn_supervisor - INFO - Saved model at 5
2025-08-17 02:10:09,516 - model.pytorch.dcrnn_supervisor - INFO - Val loss_adv (PGD) decrease from 4.0749 to 3.4958, saving to models/epo5.tar
2025-08-17 02:16:28,529 - model.pytorch.dcrnn_supervisor - INFO - epoch complete
2025-08-17 02:16:28,529 - model.pytorch.dcrnn_supervisor - INFO - evaluating now!
2025-08-17 02:17:19,029 - model.pytorch.dcrnn_supervisor - INFO - Epoch [6/20] (329) [PGD eps=0.03, steps=2] val_mae_adv:3.6397, val_mis_adv:41.8632, val_width_adv:22.2162, val_mse_adv:52.1598, val_rmse_adv:7.2222
2025-08-17 02:18:52,731 - model.pytorch.dcrnn_supervisor - INFO - Epoch [6/20] (329) [PGD eps=0.03, steps=2] test_mae_adv:3.2222, test_mis_adv:35.6374, test_width_adv:20.7009, test_mse_adv:39.8771, test_rmse_adv:6.3148
2025-08-17 02:25:15,526 - model.pytorch.dcrnn_supervisor - INFO - epoch complete
2025-08-17 02:25:15,526 - model.pytorch.dcrnn_supervisor - INFO - evaluating now!
2025-08-17 02:26:01,690 - model.pytorch.dcrnn_supervisor - INFO - Epoch [7/20] (376) [PGD eps=0.03, steps=2] val_mae_adv:3.4245, val_mis_adv:39.9870, val_width_adv:19.7038, val_mse_adv:47.7957, val_rmse_adv:6.9134
2025-08-17 02:27:32,563 - model.pytorch.dcrnn_supervisor - INFO - Epoch [7/20] (376) [PGD eps=0.03, steps=2] test_mae_adv:3.0026, test_mis_adv:33.7362, test_width_adv:18.3200, test_mse_adv:36.1734, test_rmse_adv:6.0144
2025-08-17 02:27:32,579 - model.pytorch.dcrnn_supervisor - INFO - Saved model at 7
2025-08-17 02:27:32,579 - model.pytorch.dcrnn_supervisor - INFO - Val loss_adv (PGD) decrease from 3.4958 to 3.4245, saving to models/epo7.tar
2025-08-17 02:33:48,880 - model.pytorch.dcrnn_supervisor - INFO - epoch complete
2025-08-17 02:33:48,896 - model.pytorch.dcrnn_supervisor - INFO - evaluating now!
2025-08-17 02:34:34,879 - model.pytorch.dcrnn_supervisor - INFO - Epoch [8/20] (423) [PGD eps=0.03, steps=2] val_mae_adv:3.8462, val_mis_adv:39.9327, val_width_adv:18.1580, val_mse_adv:57.6481, val_rmse_adv:7.5926
2025-08-17 02:36:06,793 - model.pytorch.dcrnn_supervisor - INFO - Epoch [8/20] (423) [PGD eps=0.03, steps=2] test_mae_adv:3.3910, test_mis_adv:33.8334, test_width_adv:17.0359, test_mse_adv:43.5462, test_rmse_adv:6.5990
2025-08-17 02:42:27,777 - model.pytorch.dcrnn_supervisor - INFO - epoch complete
2025-08-17 02:42:27,777 - model.pytorch.dcrnn_supervisor - INFO - evaluating now!
2025-08-17 02:43:13,859 - model.pytorch.dcrnn_supervisor - INFO - Epoch [9/20] (470) [PGD eps=0.03, steps=2] val_mae_adv:3.3223, val_mis_adv:36.7010, val_width_adv:26.4768, val_mse_adv:35.9703, val_rmse_adv:5.9975
2025-08-17 02:44:47,374 - model.pytorch.dcrnn_supervisor - INFO - Epoch [9/20] (470) [PGD eps=0.03, steps=2] test_mae_adv:2.9762, test_mis_adv:31.4893, test_width_adv:23.8962, test_mse_adv:27.7042, test_rmse_adv:5.2635
2025-08-17 02:44:47,405 - model.pytorch.dcrnn_supervisor - INFO - Saved model at 9
2025-08-17 02:44:47,405 - model.pytorch.dcrnn_supervisor - INFO - Val loss_adv (PGD) decrease from 3.4245 to 3.3223, saving to models/epo9.tar
2025-08-17 02:51:03,931 - model.pytorch.dcrnn_supervisor - INFO - epoch complete
2025-08-17 02:51:03,931 - model.pytorch.dcrnn_supervisor - INFO - evaluating now!
2025-08-17 02:51:48,307 - model.pytorch.dcrnn_supervisor - INFO - Epoch [10/20] (517) [PGD eps=0.03, steps=2] val_mae_adv:2.7353, val_mis_adv:36.6990, val_width_adv:26.8774, val_mse_adv:32.7655, val_rmse_adv:5.7241
2025-08-17 02:53:19,227 - model.pytorch.dcrnn_supervisor - INFO - Epoch [10/20] (517) [PGD eps=0.03, steps=2] test_mae_adv:2.3969, test_mis_adv:31.3588, test_width_adv:23.9683, test_mse_adv:24.8013, test_rmse_adv:4.9801
2025-08-17 02:53:19,243 - model.pytorch.dcrnn_supervisor - INFO - Saved model at 10
2025-08-17 02:53:19,243 - model.pytorch.dcrnn_supervisor - INFO - Val loss_adv (PGD) decrease from 3.3223 to 2.7353, saving to models/epo10.tar
2025-08-17 02:59:40,031 - model.pytorch.dcrnn_supervisor - INFO - epoch complete
2025-08-17 02:59:40,047 - model.pytorch.dcrnn_supervisor - INFO - evaluating now!
2025-08-17 03:00:26,562 - model.pytorch.dcrnn_supervisor - INFO - Epoch [11/20] (564) [PGD eps=0.03, steps=2] val_mae_adv:3.3674, val_mis_adv:52.6491, val_width_adv:50.3826, val_mse_adv:32.0608, val_rmse_adv:5.6622
2025-08-17 03:01:57,241 - model.pytorch.dcrnn_supervisor - INFO - Epoch [11/20] (564) [PGD eps=0.03, steps=2] test_mae_adv:3.1115, test_mis_adv:48.4376, test_width_adv:46.8035, test_mse_adv:25.5207, test_rmse_adv:5.0518
2025-08-17 03:08:18,347 - model.pytorch.dcrnn_supervisor - INFO - epoch complete
2025-08-17 03:08:18,347 - model.pytorch.dcrnn_supervisor - INFO - evaluating now!
2025-08-17 03:09:04,344 - model.pytorch.dcrnn_supervisor - INFO - Epoch [12/20] (611) [PGD eps=0.03, steps=2] val_mae_adv:2.5982, val_mis_adv:40.1526, val_width_adv:33.7629, val_mse_adv:29.6476, val_rmse_adv:5.4450
2025-08-17 03:10:35,658 - model.pytorch.dcrnn_supervisor - INFO - Epoch [12/20] (611) [PGD eps=0.03, steps=2] test_mae_adv:2.2812, test_mis_adv:35.0952, test_width_adv:30.2444, test_mse_adv:22.6952, test_rmse_adv:4.7640
2025-08-17 03:10:35,674 - model.pytorch.dcrnn_supervisor - INFO - Saved model at 12
2025-08-17 03:10:35,690 - model.pytorch.dcrnn_supervisor - INFO - Val loss_adv (PGD) decrease from 2.7353 to 2.5982, saving to models/epo12.tar
2025-08-17 03:16:52,711 - model.pytorch.dcrnn_supervisor - INFO - epoch complete
2025-08-17 03:16:52,711 - model.pytorch.dcrnn_supervisor - INFO - evaluating now!
2025-08-17 03:17:37,711 - model.pytorch.dcrnn_supervisor - INFO - Epoch [13/20] (658) [PGD eps=0.03, steps=2] val_mae_adv:2.8740, val_mis_adv:37.7263, val_width_adv:32.2051, val_mse_adv:27.6034, val_rmse_adv:5.2539
2025-08-17 03:19:11,233 - model.pytorch.dcrnn_supervisor - INFO - Epoch [13/20] (658) [PGD eps=0.03, steps=2] test_mae_adv:2.6114, test_mis_adv:33.2811, test_width_adv:29.1386, test_mse_adv:21.8779, test_rmse_adv:4.6774
2025-08-17 03:25:28,002 - model.pytorch.dcrnn_supervisor - INFO - epoch complete
2025-08-17 03:25:28,002 - model.pytorch.dcrnn_supervisor - INFO - evaluating now!
2025-08-17 03:26:14,210 - model.pytorch.dcrnn_supervisor - INFO - Epoch [14/20] (705) [PGD eps=0.03, steps=2] val_mae_adv:2.4468, val_mis_adv:35.6515, val_width_adv:29.0495, val_mse_adv:26.0023, val_rmse_adv:5.0992
2025-08-17 03:27:45,558 - model.pytorch.dcrnn_supervisor - INFO - Epoch [14/20] (705) [PGD eps=0.03, steps=2] test_mae_adv:2.1642, test_mis_adv:30.9999, test_width_adv:25.9414, test_mse_adv:20.2656, test_rmse_adv:4.5017
2025-08-17 03:27:45,574 - model.pytorch.dcrnn_supervisor - INFO - Saved model at 14
2025-08-17 03:27:45,574 - model.pytorch.dcrnn_supervisor - INFO - Val loss_adv (PGD) decrease from 2.5982 to 2.4468, saving to models/epo14.tar
2025-08-17 03:34:03,812 - model.pytorch.dcrnn_supervisor - INFO - epoch complete
2025-08-17 03:34:03,812 - model.pytorch.dcrnn_supervisor - INFO - evaluating now!
2025-08-17 03:34:48,615 - model.pytorch.dcrnn_supervisor - INFO - Epoch [15/20] (752) [PGD eps=0.03, steps=2] val_mae_adv:2.6447, val_mis_adv:32.7213, val_width_adv:25.6888, val_mse_adv:26.0802, val_rmse_adv:5.1069
2025-08-17 03:36:19,746 - model.pytorch.dcrnn_supervisor - INFO - Epoch [15/20] (752) [PGD eps=0.03, steps=2] test_mae_adv:2.3753, test_mis_adv:28.3741, test_width_adv:22.9945, test_mse_adv:20.4733, test_rmse_adv:4.5247
2025-08-17 03:42:39,379 - model.pytorch.dcrnn_supervisor - INFO - epoch complete
2025-08-17 03:42:39,379 - model.pytorch.dcrnn_supervisor - INFO - evaluating now!
2025-08-17 03:43:24,950 - model.pytorch.dcrnn_supervisor - INFO - Epoch [16/20] (799) [PGD eps=0.03, steps=2] val_mae_adv:2.5322, val_mis_adv:34.2581, val_width_adv:27.5617, val_mse_adv:28.0810, val_rmse_adv:5.2992
2025-08-17 03:44:59,454 - model.pytorch.dcrnn_supervisor - INFO - Epoch [16/20] (799) [PGD eps=0.03, steps=2] test_mae_adv:2.2229, test_mis_adv:29.7775, test_width_adv:24.6135, test_mse_adv:21.4364, test_rmse_adv:4.6299
2025-08-17 03:51:12,546 - model.pytorch.dcrnn_supervisor - INFO - epoch complete
2025-08-17 03:51:12,546 - model.pytorch.dcrnn_supervisor - INFO - evaluating now!
2025-08-17 03:51:57,635 - model.pytorch.dcrnn_supervisor - INFO - Epoch [17/20] (846) [PGD eps=0.03, steps=2] val_mae_adv:2.4579, val_mis_adv:32.2240, val_width_adv:24.6447, val_mse_adv:26.6405, val_rmse_adv:5.1614
2025-08-17 03:53:27,648 - model.pytorch.dcrnn_supervisor - INFO - Epoch [17/20] (846) [PGD eps=0.03, steps=2] test_mae_adv:2.1620, test_mis_adv:27.7989, test_width_adv:21.9357, test_mse_adv:20.5689, test_rmse_adv:4.5353
2025-08-17 03:59:53,702 - model.pytorch.dcrnn_supervisor - INFO - epoch complete
2025-08-17 03:59:53,702 - model.pytorch.dcrnn_supervisor - INFO - evaluating now!
2025-08-17 04:00:38,480 - model.pytorch.dcrnn_supervisor - INFO - Epoch [18/20] (893) [PGD eps=0.03, steps=2] val_mae_adv:2.6438, val_mis_adv:33.3244, val_width_adv:27.4559, val_mse_adv:25.6950, val_rmse_adv:5.0690
2025-08-17 04:02:09,399 - model.pytorch.dcrnn_supervisor - INFO - Epoch [18/20] (893) [PGD eps=0.03, steps=2] test_mae_adv:2.3909, test_mis_adv:29.1829, test_width_adv:24.7192, test_mse_adv:20.3694, test_rmse_adv:4.5132
2025-08-17 04:08:23,566 - model.pytorch.dcrnn_supervisor - INFO - epoch complete
2025-08-17 04:08:23,566 - model.pytorch.dcrnn_supervisor - INFO - evaluating now!
2025-08-17 04:09:11,746 - model.pytorch.dcrnn_supervisor - INFO - Epoch [19/20] (940) [PGD eps=0.03, steps=2] val_mae_adv:2.5933, val_mis_adv:34.5064, val_width_adv:29.2437, val_mse_adv:25.5425, val_rmse_adv:5.0540
2025-08-17 04:10:46,767 - model.pytorch.dcrnn_supervisor - INFO - Epoch [19/20] (940) [PGD eps=0.03, steps=2] test_mae_adv:2.3508, test_mis_adv:30.3411, test_width_adv:26.3249, test_mse_adv:20.4697, test_rmse_adv:4.5243
