2025-08-11 18:55:28,671 - model.pytorch.dcrnn_supervisor - INFO - Log directory: data/model\dcrnn_DR_2_h_12_16-16_lr_0.01_bs_256_0811185528/
2025-08-11 18:55:55,630 - model.pytorch.dcrnn_supervisor - INFO - Model created
2025-08-11 18:56:30,886 - model.pytorch.dcrnn_supervisor - INFO - Start training ...
2025-08-11 18:56:30,886 - model.pytorch.dcrnn_supervisor - INFO - num_batches:47
2025-08-11 18:56:33,421 - model.pytorch.dcrnn_supervisor - INFO - Total trainable parameters 28871
2025-08-11 18:58:43,039 - model.pytorch.dcrnn_supervisor - INFO - epoch complete
2025-08-11 18:58:43,043 - model.pytorch.dcrnn_supervisor - INFO - evaluating now!
2025-08-11 18:59:11,307 - model.pytorch.dcrnn_supervisor - INFO - Epoch [0/20] (47) val_mae_adv:6.3800, val_mis_adv:190.8644, val_width_adv:4.4681, val_mse_adv:120.2695, val_rmse_adv:10.9667
2025-08-11 19:00:10,288 - model.pytorch.dcrnn_supervisor - INFO - Epoch [0/20] (47) test_mae_adv:5.7795, test_mis_adv:167.7071, test_width_adv:4.4713, test_mse_adv:95.1565, test_rmse_adv:9.7548
2025-08-11 19:00:10,323 - model.pytorch.dcrnn_supervisor - INFO - Saved model at 0
2025-08-11 19:00:10,323 - model.pytorch.dcrnn_supervisor - INFO - Val loss_adv decrease from inf to 6.3800, saving to models/epo0.tar
2025-08-11 19:02:18,897 - model.pytorch.dcrnn_supervisor - INFO - epoch complete
2025-08-11 19:02:18,897 - model.pytorch.dcrnn_supervisor - INFO - evaluating now!
2025-08-11 19:02:47,033 - model.pytorch.dcrnn_supervisor - INFO - Epoch [1/20] (94) val_mae_adv:6.0937, val_mis_adv:184.2408, val_width_adv:4.8926, val_mse_adv:114.3648, val_rmse_adv:10.6941
2025-08-11 19:03:40,347 - model.pytorch.dcrnn_supervisor - INFO - Epoch [1/20] (94) test_mae_adv:5.5058, test_mis_adv:161.5876, test_width_adv:4.8800, test_mse_adv:90.2106, test_rmse_adv:9.4979
2025-08-11 19:03:40,371 - model.pytorch.dcrnn_supervisor - INFO - Saved model at 1
2025-08-11 19:03:40,372 - model.pytorch.dcrnn_supervisor - INFO - Val loss_adv decrease from 6.3800 to 6.0937, saving to models/epo1.tar
2025-08-11 19:05:43,039 - model.pytorch.dcrnn_supervisor - INFO - epoch complete
2025-08-11 19:05:43,041 - model.pytorch.dcrnn_supervisor - INFO - evaluating now!
2025-08-11 19:06:08,734 - model.pytorch.dcrnn_supervisor - INFO - Epoch [2/20] (141) val_mae_adv:6.4796, val_mis_adv:190.2313, val_width_adv:6.1434, val_mse_adv:118.6544, val_rmse_adv:10.8929
2025-08-11 19:07:00,564 - model.pytorch.dcrnn_supervisor - INFO - Epoch [2/20] (141) test_mae_adv:5.8989, test_mis_adv:168.1522, test_width_adv:6.0322, test_mse_adv:94.4460, test_rmse_adv:9.7183
2025-08-11 19:09:01,155 - model.pytorch.dcrnn_supervisor - INFO - epoch complete
2025-08-11 19:09:01,156 - model.pytorch.dcrnn_supervisor - INFO - evaluating now!
2025-08-11 19:09:25,878 - model.pytorch.dcrnn_supervisor - INFO - Epoch [3/20] (188) val_mae_adv:6.3172, val_mis_adv:171.0984, val_width_adv:6.8521, val_mse_adv:117.2896, val_rmse_adv:10.8300
2025-08-11 19:10:16,402 - model.pytorch.dcrnn_supervisor - INFO - Epoch [3/20] (188) test_mae_adv:5.7267, test_mis_adv:149.2119, test_width_adv:6.7832, test_mse_adv:93.0843, test_rmse_adv:9.6480
2025-08-11 19:12:13,083 - model.pytorch.dcrnn_supervisor - INFO - epoch complete
2025-08-11 19:12:13,083 - model.pytorch.dcrnn_supervisor - INFO - evaluating now!
2025-08-11 19:12:37,664 - model.pytorch.dcrnn_supervisor - INFO - Epoch [4/20] (235) val_mae_adv:5.6165, val_mis_adv:142.9591, val_width_adv:8.0063, val_mse_adv:106.0642, val_rmse_adv:10.2987
2025-08-11 19:13:27,291 - model.pytorch.dcrnn_supervisor - INFO - Epoch [4/20] (235) test_mae_adv:5.0254, test_mis_adv:121.6575, test_width_adv:7.9137, test_mse_adv:83.0543, test_rmse_adv:9.1134
2025-08-11 19:13:27,322 - model.pytorch.dcrnn_supervisor - INFO - Saved model at 4
2025-08-11 19:13:27,323 - model.pytorch.dcrnn_supervisor - INFO - Val loss_adv decrease from 6.0937 to 5.6165, saving to models/epo4.tar
2025-08-11 19:15:24,630 - model.pytorch.dcrnn_supervisor - INFO - epoch complete
2025-08-11 19:15:24,638 - model.pytorch.dcrnn_supervisor - INFO - evaluating now!
2025-08-11 19:15:50,541 - model.pytorch.dcrnn_supervisor - INFO - Epoch [5/20] (282) val_mae_adv:5.4086, val_mis_adv:142.4277, val_width_adv:6.6931, val_mse_adv:102.4476, val_rmse_adv:10.1216
2025-08-11 19:16:40,577 - model.pytorch.dcrnn_supervisor - INFO - Epoch [5/20] (282) test_mae_adv:4.8187, test_mis_adv:121.0879, test_width_adv:6.5987, test_mse_adv:79.8679, test_rmse_adv:8.9369
2025-08-11 19:16:40,582 - model.pytorch.dcrnn_supervisor - INFO - Saved model at 5
2025-08-11 19:16:40,582 - model.pytorch.dcrnn_supervisor - INFO - Val loss_adv decrease from 5.6165 to 5.4086, saving to models/epo5.tar
2025-08-11 19:18:36,317 - model.pytorch.dcrnn_supervisor - INFO - epoch complete
2025-08-11 19:18:36,319 - model.pytorch.dcrnn_supervisor - INFO - evaluating now!
2025-08-11 19:19:01,690 - model.pytorch.dcrnn_supervisor - INFO - Epoch [6/20] (329) val_mae_adv:5.3095, val_mis_adv:138.2524, val_width_adv:7.3419, val_mse_adv:100.4985, val_rmse_adv:10.0249
2025-08-11 19:19:51,532 - model.pytorch.dcrnn_supervisor - INFO - Epoch [6/20] (329) test_mae_adv:4.7210, test_mis_adv:117.1531, test_width_adv:7.2044, test_mse_adv:78.0729, test_rmse_adv:8.8359
2025-08-11 19:19:51,548 - model.pytorch.dcrnn_supervisor - INFO - Saved model at 6
2025-08-11 19:19:51,548 - model.pytorch.dcrnn_supervisor - INFO - Val loss_adv decrease from 5.4086 to 5.3095, saving to models/epo6.tar
2025-08-11 19:21:47,411 - model.pytorch.dcrnn_supervisor - INFO - epoch complete
2025-08-11 19:21:47,417 - model.pytorch.dcrnn_supervisor - INFO - evaluating now!
2025-08-11 19:22:11,680 - model.pytorch.dcrnn_supervisor - INFO - Epoch [7/20] (376) val_mae_adv:5.4448, val_mis_adv:141.0361, val_width_adv:7.1041, val_mse_adv:102.7186, val_rmse_adv:10.1350
2025-08-11 19:23:02,062 - model.pytorch.dcrnn_supervisor - INFO - Epoch [7/20] (376) test_mae_adv:4.8582, test_mis_adv:119.8518, test_width_adv:7.0120, test_mse_adv:80.0770, test_rmse_adv:8.9486
2025-08-11 19:24:59,440 - model.pytorch.dcrnn_supervisor - INFO - epoch complete
2025-08-11 19:24:59,440 - model.pytorch.dcrnn_supervisor - INFO - evaluating now!
2025-08-11 19:25:23,821 - model.pytorch.dcrnn_supervisor - INFO - Epoch [8/20] (423) val_mae_adv:5.4843, val_mis_adv:138.3121, val_width_adv:7.5882, val_mse_adv:103.3021, val_rmse_adv:10.1638
2025-08-11 19:26:14,736 - model.pytorch.dcrnn_supervisor - INFO - Epoch [8/20] (423) test_mae_adv:4.8969, test_mis_adv:117.2622, test_width_adv:7.5016, test_mse_adv:80.6131, test_rmse_adv:8.9785
2025-08-11 19:28:12,238 - model.pytorch.dcrnn_supervisor - INFO - epoch complete
2025-08-11 19:28:12,238 - model.pytorch.dcrnn_supervisor - INFO - evaluating now!
2025-08-11 19:28:35,976 - model.pytorch.dcrnn_supervisor - INFO - Epoch [9/20] (470) val_mae_adv:5.3529, val_mis_adv:128.6338, val_width_adv:8.4426, val_mse_adv:101.7377, val_rmse_adv:10.0865
2025-08-11 19:29:27,469 - model.pytorch.dcrnn_supervisor - INFO - Epoch [9/20] (470) test_mae_adv:4.7693, test_mis_adv:108.1284, test_width_adv:8.3498, test_mse_adv:79.1318, test_rmse_adv:8.8956
2025-08-11 19:31:24,828 - model.pytorch.dcrnn_supervisor - INFO - epoch complete
2025-08-11 19:31:24,828 - model.pytorch.dcrnn_supervisor - INFO - evaluating now!
2025-08-11 19:31:49,949 - model.pytorch.dcrnn_supervisor - INFO - Epoch [10/20] (517) val_mae_adv:5.6041, val_mis_adv:143.4850, val_width_adv:6.8248, val_mse_adv:105.3562, val_rmse_adv:10.2643
2025-08-11 19:32:39,549 - model.pytorch.dcrnn_supervisor - INFO - Epoch [10/20] (517) test_mae_adv:5.0171, test_mis_adv:122.2398, test_width_adv:6.7522, test_mse_adv:82.3927, test_rmse_adv:9.0770
2025-08-11 19:34:36,456 - model.pytorch.dcrnn_supervisor - INFO - epoch complete
2025-08-11 19:34:36,456 - model.pytorch.dcrnn_supervisor - INFO - evaluating now!
2025-08-11 19:35:02,224 - model.pytorch.dcrnn_supervisor - INFO - Epoch [11/20] (564) val_mae_adv:4.9336, val_mis_adv:116.7984, val_width_adv:8.1370, val_mse_adv:93.5569, val_rmse_adv:9.6725
2025-08-11 19:35:52,125 - model.pytorch.dcrnn_supervisor - INFO - Epoch [11/20] (564) test_mae_adv:4.3576, test_mis_adv:96.6295, test_width_adv:8.0565, test_mse_adv:72.0790, test_rmse_adv:8.4899
2025-08-11 19:35:52,141 - model.pytorch.dcrnn_supervisor - INFO - Saved model at 11
2025-08-11 19:35:52,141 - model.pytorch.dcrnn_supervisor - INFO - Val loss_adv decrease from 5.3095 to 4.9336, saving to models/epo11.tar
2025-08-11 19:37:49,375 - model.pytorch.dcrnn_supervisor - INFO - epoch complete
2025-08-11 19:37:49,375 - model.pytorch.dcrnn_supervisor - INFO - evaluating now!
2025-08-11 19:38:16,434 - model.pytorch.dcrnn_supervisor - INFO - Epoch [12/20] (611) val_mae_adv:4.7081, val_mis_adv:109.7984, val_width_adv:8.4171, val_mse_adv:88.5173, val_rmse_adv:9.4084
2025-08-11 19:39:08,736 - model.pytorch.dcrnn_supervisor - INFO - Epoch [12/20] (611) test_mae_adv:4.1427, test_mis_adv:90.3144, test_width_adv:8.2270, test_mse_adv:67.7762, test_rmse_adv:8.2326
2025-08-11 19:39:08,752 - model.pytorch.dcrnn_supervisor - INFO - Saved model at 12
2025-08-11 19:39:08,752 - model.pytorch.dcrnn_supervisor - INFO - Val loss_adv decrease from 4.9336 to 4.7081, saving to models/epo12.tar
2025-08-11 19:41:11,308 - model.pytorch.dcrnn_supervisor - INFO - epoch complete
2025-08-11 19:41:11,308 - model.pytorch.dcrnn_supervisor - INFO - evaluating now!
2025-08-11 19:41:36,118 - model.pytorch.dcrnn_supervisor - INFO - Epoch [13/20] (658) val_mae_adv:4.6414, val_mis_adv:101.1964, val_width_adv:9.1183, val_mse_adv:84.3590, val_rmse_adv:9.1847
2025-08-11 19:42:27,246 - model.pytorch.dcrnn_supervisor - INFO - Epoch [13/20] (658) test_mae_adv:4.0947, test_mis_adv:82.6187, test_width_adv:8.8713, test_mse_adv:64.4381, test_rmse_adv:8.0273
2025-08-11 19:42:27,259 - model.pytorch.dcrnn_supervisor - INFO - Saved model at 13
2025-08-11 19:42:27,259 - model.pytorch.dcrnn_supervisor - INFO - Val loss_adv decrease from 4.7081 to 4.6414, saving to models/epo13.tar
2025-08-11 19:44:24,494 - model.pytorch.dcrnn_supervisor - INFO - epoch complete
2025-08-11 19:44:24,494 - model.pytorch.dcrnn_supervisor - INFO - evaluating now!
2025-08-11 19:44:49,083 - model.pytorch.dcrnn_supervisor - INFO - Epoch [14/20] (705) val_mae_adv:4.6916, val_mis_adv:97.7366, val_width_adv:10.1471, val_mse_adv:86.9651, val_rmse_adv:9.3255
2025-08-11 19:45:38,988 - model.pytorch.dcrnn_supervisor - INFO - Epoch [14/20] (705) test_mae_adv:4.1335, test_mis_adv:79.4362, test_width_adv:9.9688, test_mse_adv:66.4743, test_rmse_adv:8.1532
2025-08-11 19:47:36,655 - model.pytorch.dcrnn_supervisor - INFO - epoch complete
2025-08-11 19:47:36,656 - model.pytorch.dcrnn_supervisor - INFO - evaluating now!
2025-08-11 19:48:02,057 - model.pytorch.dcrnn_supervisor - INFO - Epoch [15/20] (752) val_mae_adv:4.5286, val_mis_adv:100.2699, val_width_adv:7.8421, val_mse_adv:80.7817, val_rmse_adv:8.9879
2025-08-11 19:48:52,478 - model.pytorch.dcrnn_supervisor - INFO - Epoch [15/20] (752) test_mae_adv:3.9961, test_mis_adv:81.9115, test_width_adv:7.6125, test_mse_adv:61.5632, test_rmse_adv:7.8462
2025-08-11 19:48:52,493 - model.pytorch.dcrnn_supervisor - INFO - Saved model at 15
2025-08-11 19:48:52,493 - model.pytorch.dcrnn_supervisor - INFO - Val loss_adv decrease from 4.6414 to 4.5286, saving to models/epo15.tar
2025-08-11 19:50:52,298 - model.pytorch.dcrnn_supervisor - INFO - epoch complete
2025-08-11 19:50:52,298 - model.pytorch.dcrnn_supervisor - INFO - evaluating now!
2025-08-11 19:51:17,132 - model.pytorch.dcrnn_supervisor - INFO - Epoch [16/20] (799) val_mae_adv:4.6229, val_mis_adv:107.3534, val_width_adv:6.9290, val_mse_adv:81.0412, val_rmse_adv:9.0023
2025-08-11 19:52:08,597 - model.pytorch.dcrnn_supervisor - INFO - Epoch [16/20] (799) test_mae_adv:4.0983, test_mis_adv:88.7537, test_width_adv:6.7685, test_mse_adv:61.9209, test_rmse_adv:7.8690
2025-08-11 19:54:04,909 - model.pytorch.dcrnn_supervisor - INFO - epoch complete
2025-08-11 19:54:04,909 - model.pytorch.dcrnn_supervisor - INFO - evaluating now!
2025-08-11 19:54:29,553 - model.pytorch.dcrnn_supervisor - INFO - Epoch [17/20] (846) val_mae_adv:4.5812, val_mis_adv:108.2769, val_width_adv:6.4762, val_mse_adv:82.2499, val_rmse_adv:9.0692
2025-08-11 19:55:21,411 - model.pytorch.dcrnn_supervisor - INFO - Epoch [17/20] (846) test_mae_adv:4.0422, test_mis_adv:89.2595, test_width_adv:6.2946, test_mse_adv:62.7110, test_rmse_adv:7.9190
2025-08-11 19:57:17,706 - model.pytorch.dcrnn_supervisor - INFO - epoch complete
2025-08-11 19:57:17,706 - model.pytorch.dcrnn_supervisor - INFO - evaluating now!
2025-08-11 19:57:42,153 - model.pytorch.dcrnn_supervisor - INFO - Epoch [18/20] (893) val_mae_adv:4.5995, val_mis_adv:108.8978, val_width_adv:6.6879, val_mse_adv:82.2515, val_rmse_adv:9.0693
2025-08-11 19:58:33,103 - model.pytorch.dcrnn_supervisor - INFO - Epoch [18/20] (893) test_mae_adv:4.0634, test_mis_adv:90.1795, test_width_adv:6.4537, test_mse_adv:62.7918, test_rmse_adv:7.9241
2025-08-11 20:00:30,886 - model.pytorch.dcrnn_supervisor - INFO - epoch complete
2025-08-11 20:00:30,886 - model.pytorch.dcrnn_supervisor - INFO - evaluating now!
2025-08-11 20:00:55,198 - model.pytorch.dcrnn_supervisor - INFO - Epoch [19/20] (940) val_mae_adv:4.6087, val_mis_adv:102.0105, val_width_adv:7.8999, val_mse_adv:79.4417, val_rmse_adv:8.9130
2025-08-11 20:01:44,146 - model.pytorch.dcrnn_supervisor - INFO - Epoch [19/20] (940) test_mae_adv:4.0910, test_mis_adv:85.0449, test_width_adv:7.4929, test_mse_adv:60.7159, test_rmse_adv:7.7920
