2025-08-06 21:32:27,021 - model.pytorch.dcrnn_supervisor - INFO - Log directory: data/model\dcrnn_DR_2_h_12_16-16_lr_0.01_bs_256_0806213227/
2025-08-06 21:32:48,512 - model.pytorch.dcrnn_supervisor - INFO - Model created
2025-08-06 21:33:15,915 - model.pytorch.dcrnn_supervisor - INFO - Start training ...
2025-08-06 21:33:15,916 - model.pytorch.dcrnn_supervisor - INFO - num_batches:47
2025-08-06 21:33:18,108 - model.pytorch.dcrnn_supervisor - INFO - Total trainable parameters 26641
2025-08-06 21:35:30,663 - model.pytorch.dcrnn_supervisor - INFO - epoch complete
2025-08-06 21:35:30,666 - model.pytorch.dcrnn_supervisor - INFO - evaluating now!
2025-08-06 21:35:39,419 - model.pytorch.dcrnn_supervisor - INFO - Epoch [0/20] (47) val_mae:4.7142, val_mis: 67.7875, val_width: 64.4389, val_mse: 73.9358, val_rmse: 8.5986 , 
2025-08-06 21:35:57,471 - model.pytorch.dcrnn_supervisor - INFO - Epoch [0/20] (47) test_mae:4.2923,test_mis: 65.7951, test_width: 63.4953, test_mse: 57.4356, test_rmse: 7.5786 , 
2025-08-06 21:35:57,577 - model.pytorch.dcrnn_supervisor - INFO - Saved model at 0
2025-08-06 21:35:57,579 - model.pytorch.dcrnn_supervisor - INFO - Val loss decrease from inf to 4.7142, saving to models/epo0.tar
2025-08-06 21:38:14,977 - model.pytorch.dcrnn_supervisor - INFO - epoch complete
2025-08-06 21:38:14,978 - model.pytorch.dcrnn_supervisor - INFO - evaluating now!
2025-08-06 21:38:23,951 - model.pytorch.dcrnn_supervisor - INFO - Epoch [1/20] (94) val_mae:4.3530, val_mis: 54.8481, val_width: 46.9896, val_mse: 71.8318, val_rmse: 8.4754 , 
2025-08-06 21:38:41,172 - model.pytorch.dcrnn_supervisor - INFO - Epoch [1/20] (94) test_mae:3.8881,test_mis: 51.6385, test_width: 45.0624, test_mse: 56.6179, test_rmse: 7.5245 , 
2025-08-06 21:38:41,191 - model.pytorch.dcrnn_supervisor - INFO - Saved model at 1
2025-08-06 21:38:41,192 - model.pytorch.dcrnn_supervisor - INFO - Val loss decrease from 4.7142 to 4.3530, saving to models/epo1.tar
2025-08-06 21:40:53,146 - model.pytorch.dcrnn_supervisor - INFO - epoch complete
2025-08-06 21:40:53,147 - model.pytorch.dcrnn_supervisor - INFO - evaluating now!
2025-08-06 21:41:01,313 - model.pytorch.dcrnn_supervisor - INFO - Epoch [2/20] (141) val_mae:3.9200, val_mis: 65.4516, val_width: 63.6960, val_mse: 48.9429, val_rmse: 6.9959 , 
2025-08-06 21:41:19,095 - model.pytorch.dcrnn_supervisor - INFO - Epoch [2/20] (141) test_mae:3.5139,test_mis: 61.7840, test_width: 60.5310, test_mse: 37.8827, test_rmse: 6.1549 , 
2025-08-06 21:41:19,114 - model.pytorch.dcrnn_supervisor - INFO - Saved model at 2
2025-08-06 21:41:19,117 - model.pytorch.dcrnn_supervisor - INFO - Val loss decrease from 4.3530 to 3.9200, saving to models/epo2.tar
2025-08-06 21:43:26,059 - model.pytorch.dcrnn_supervisor - INFO - epoch complete
2025-08-06 21:43:26,060 - model.pytorch.dcrnn_supervisor - INFO - evaluating now!
2025-08-06 21:43:34,225 - model.pytorch.dcrnn_supervisor - INFO - Epoch [3/20] (188) val_mae:3.4981, val_mis: 47.7841, val_width: 44.9811, val_mse: 40.2055, val_rmse: 6.3408 , 
2025-08-06 21:43:50,949 - model.pytorch.dcrnn_supervisor - INFO - Epoch [3/20] (188) test_mae:3.1188,test_mis: 44.5867, test_width: 42.5756, test_mse: 30.7627, test_rmse: 5.5464 , 
2025-08-06 21:43:50,967 - model.pytorch.dcrnn_supervisor - INFO - Saved model at 3
2025-08-06 21:43:50,968 - model.pytorch.dcrnn_supervisor - INFO - Val loss decrease from 3.9200 to 3.4981, saving to models/epo3.tar
2025-08-06 21:45:57,527 - model.pytorch.dcrnn_supervisor - INFO - epoch complete
2025-08-06 21:45:57,528 - model.pytorch.dcrnn_supervisor - INFO - evaluating now!
2025-08-06 21:46:05,967 - model.pytorch.dcrnn_supervisor - INFO - Epoch [4/20] (235) val_mae:3.2196, val_mis: 39.9835, val_width: 35.8954, val_mse: 34.4621, val_rmse: 5.8704 , 
2025-08-06 21:46:24,161 - model.pytorch.dcrnn_supervisor - INFO - Epoch [4/20] (235) test_mae:2.8742,test_mis: 36.5122, test_width: 33.4925, test_mse: 26.4228, test_rmse: 5.1403 , 
2025-08-06 21:46:24,179 - model.pytorch.dcrnn_supervisor - INFO - Saved model at 4
2025-08-06 21:46:24,180 - model.pytorch.dcrnn_supervisor - INFO - Val loss decrease from 3.4981 to 3.2196, saving to models/epo4.tar
2025-08-06 21:48:28,428 - model.pytorch.dcrnn_supervisor - INFO - epoch complete
2025-08-06 21:48:28,428 - model.pytorch.dcrnn_supervisor - INFO - evaluating now!
2025-08-06 21:48:36,572 - model.pytorch.dcrnn_supervisor - INFO - Epoch [5/20] (282) val_mae:2.6719, val_mis: 33.1965, val_width: 25.7094, val_mse: 32.5461, val_rmse: 5.7049 , 
2025-08-06 21:48:53,007 - model.pytorch.dcrnn_supervisor - INFO - Epoch [5/20] (282) test_mae:2.3199,test_mis: 29.0463, test_width: 23.2141, test_mse: 24.5541, test_rmse: 4.9552 , 
2025-08-06 21:48:53,025 - model.pytorch.dcrnn_supervisor - INFO - Saved model at 5
2025-08-06 21:48:53,027 - model.pytorch.dcrnn_supervisor - INFO - Val loss decrease from 3.2196 to 2.6719, saving to models/epo5.tar
2025-08-06 21:50:58,496 - model.pytorch.dcrnn_supervisor - INFO - epoch complete
2025-08-06 21:50:58,498 - model.pytorch.dcrnn_supervisor - INFO - evaluating now!
2025-08-06 21:51:06,805 - model.pytorch.dcrnn_supervisor - INFO - Epoch [6/20] (329) val_mae:3.3107, val_mis: 33.8225, val_width: 25.8320, val_mse: 38.1241, val_rmse: 6.1745 , 
2025-08-06 21:51:25,100 - model.pytorch.dcrnn_supervisor - INFO - Epoch [6/20] (329) test_mae:2.9698,test_mis: 29.8227, test_width: 23.5170, test_mse: 29.5873, test_rmse: 5.4394 , 
2025-08-06 21:53:28,714 - model.pytorch.dcrnn_supervisor - INFO - epoch complete
2025-08-06 21:53:28,715 - model.pytorch.dcrnn_supervisor - INFO - evaluating now!
2025-08-06 21:53:36,820 - model.pytorch.dcrnn_supervisor - INFO - Epoch [7/20] (376) val_mae:2.8274, val_mis: 39.5205, val_width: 34.7566, val_mse: 29.5854, val_rmse: 5.4392 , 
2025-08-06 21:53:53,696 - model.pytorch.dcrnn_supervisor - INFO - Epoch [7/20] (376) test_mae:2.5139,test_mis: 35.1595, test_width: 31.6014, test_mse: 22.7484, test_rmse: 4.7695 , 
2025-08-06 21:55:59,950 - model.pytorch.dcrnn_supervisor - INFO - epoch complete
2025-08-06 21:55:59,951 - model.pytorch.dcrnn_supervisor - INFO - evaluating now!
2025-08-06 21:56:08,501 - model.pytorch.dcrnn_supervisor - INFO - Epoch [8/20] (423) val_mae:2.5637, val_mis: 34.9145, val_width: 29.0295, val_mse: 27.7923, val_rmse: 5.2718 , 
2025-08-06 21:56:26,006 - model.pytorch.dcrnn_supervisor - INFO - Epoch [8/20] (423) test_mae:2.2553,test_mis: 30.7752, test_width: 26.3155, test_mse: 21.2063, test_rmse: 4.6050 , 
2025-08-06 21:56:26,026 - model.pytorch.dcrnn_supervisor - INFO - Saved model at 8
2025-08-06 21:56:26,029 - model.pytorch.dcrnn_supervisor - INFO - Val loss decrease from 2.6719 to 2.5637, saving to models/epo8.tar
2025-08-06 21:58:30,622 - model.pytorch.dcrnn_supervisor - INFO - epoch complete
2025-08-06 21:58:30,623 - model.pytorch.dcrnn_supervisor - INFO - evaluating now!
2025-08-06 21:58:38,657 - model.pytorch.dcrnn_supervisor - INFO - Epoch [9/20] (470) val_mae:2.3812, val_mis: 35.5486, val_width: 30.3756, val_mse: 27.1539, val_rmse: 5.2109 , 
2025-08-06 21:58:55,396 - model.pytorch.dcrnn_supervisor - INFO - Epoch [9/20] (470) test_mae:2.0681,test_mis: 31.7624, test_width: 27.8300, test_mse: 20.7771, test_rmse: 4.5582 , 
2025-08-06 21:58:55,417 - model.pytorch.dcrnn_supervisor - INFO - Saved model at 9
2025-08-06 21:58:55,418 - model.pytorch.dcrnn_supervisor - INFO - Val loss decrease from 2.5637 to 2.3812, saving to models/epo9.tar
2025-08-06 22:01:00,614 - model.pytorch.dcrnn_supervisor - INFO - epoch complete
2025-08-06 22:01:00,614 - model.pytorch.dcrnn_supervisor - INFO - evaluating now!
2025-08-06 22:01:08,897 - model.pytorch.dcrnn_supervisor - INFO - Epoch [10/20] (517) val_mae:2.4855, val_mis: 37.3654, val_width: 32.7982, val_mse: 25.7975, val_rmse: 5.0791 , 
2025-08-06 22:01:26,294 - model.pytorch.dcrnn_supervisor - INFO - Epoch [10/20] (517) test_mae:2.2135,test_mis: 33.0262, test_width: 29.5816, test_mse: 20.1273, test_rmse: 4.4863 , 
2025-08-06 22:03:31,833 - model.pytorch.dcrnn_supervisor - INFO - epoch complete
2025-08-06 22:03:31,834 - model.pytorch.dcrnn_supervisor - INFO - evaluating now!
2025-08-06 22:03:39,900 - model.pytorch.dcrnn_supervisor - INFO - Epoch [11/20] (564) val_mae:2.3672, val_mis: 36.1067, val_width: 31.2332, val_mse: 26.1699, val_rmse: 5.1156 , 
2025-08-06 22:03:56,477 - model.pytorch.dcrnn_supervisor - INFO - Epoch [11/20] (564) test_mae:2.0734,test_mis: 32.2312, test_width: 28.5331, test_mse: 20.2981, test_rmse: 4.5053 , 
2025-08-06 22:03:56,497 - model.pytorch.dcrnn_supervisor - INFO - Saved model at 11
2025-08-06 22:03:56,498 - model.pytorch.dcrnn_supervisor - INFO - Val loss decrease from 2.3812 to 2.3672, saving to models/epo11.tar
2025-08-06 22:06:03,394 - model.pytorch.dcrnn_supervisor - INFO - epoch complete
2025-08-06 22:06:03,395 - model.pytorch.dcrnn_supervisor - INFO - evaluating now!
2025-08-06 22:06:12,539 - model.pytorch.dcrnn_supervisor - INFO - Epoch [12/20] (611) val_mae:2.4067, val_mis: 33.2685, val_width: 27.0515, val_mse: 26.3865, val_rmse: 5.1368 , 
2025-08-06 22:06:29,895 - model.pytorch.dcrnn_supervisor - INFO - Epoch [12/20] (611) test_mae:2.1231,test_mis: 29.1627, test_width: 24.4207, test_mse: 20.5736, test_rmse: 4.5358 , 
2025-08-06 22:08:40,204 - model.pytorch.dcrnn_supervisor - INFO - epoch complete
2025-08-06 22:08:40,205 - model.pytorch.dcrnn_supervisor - INFO - evaluating now!
2025-08-06 22:08:48,333 - model.pytorch.dcrnn_supervisor - INFO - Epoch [13/20] (658) val_mae:2.3443, val_mis: 35.4173, val_width: 30.0979, val_mse: 25.7891, val_rmse: 5.0783 , 
2025-08-06 22:09:05,159 - model.pytorch.dcrnn_supervisor - INFO - Epoch [13/20] (658) test_mae:2.0960,test_mis: 30.8084, test_width: 26.8169, test_mse: 20.2097, test_rmse: 4.4955 , 
2025-08-06 22:09:05,181 - model.pytorch.dcrnn_supervisor - INFO - Saved model at 13
2025-08-06 22:09:05,182 - model.pytorch.dcrnn_supervisor - INFO - Val loss decrease from 2.3672 to 2.3443, saving to models/epo13.tar
2025-08-06 22:11:11,024 - model.pytorch.dcrnn_supervisor - INFO - epoch complete
2025-08-06 22:11:11,025 - model.pytorch.dcrnn_supervisor - INFO - evaluating now!
2025-08-06 22:11:20,688 - model.pytorch.dcrnn_supervisor - INFO - Epoch [14/20] (705) val_mae:2.2687, val_mis: 32.8920, val_width: 27.0685, val_mse: 24.6360, val_rmse: 4.9635 , 
2025-08-06 22:11:37,526 - model.pytorch.dcrnn_supervisor - INFO - Epoch [14/20] (705) test_mae:2.0239,test_mis: 28.6604, test_width: 24.2941, test_mse: 19.3244, test_rmse: 4.3960 , 
2025-08-06 22:11:37,545 - model.pytorch.dcrnn_supervisor - INFO - Saved model at 14
2025-08-06 22:11:37,545 - model.pytorch.dcrnn_supervisor - INFO - Val loss decrease from 2.3443 to 2.2687, saving to models/epo14.tar
2025-08-06 22:13:42,045 - model.pytorch.dcrnn_supervisor - INFO - epoch complete
2025-08-06 22:13:42,045 - model.pytorch.dcrnn_supervisor - INFO - evaluating now!
2025-08-06 22:13:50,168 - model.pytorch.dcrnn_supervisor - INFO - Epoch [15/20] (752) val_mae:2.3519, val_mis: 34.8291, val_width: 30.3600, val_mse: 24.9564, val_rmse: 4.9956 , 
2025-08-06 22:14:07,010 - model.pytorch.dcrnn_supervisor - INFO - Epoch [15/20] (752) test_mae:2.1076,test_mis: 30.9858, test_width: 27.7218, test_mse: 19.5879, test_rmse: 4.4258 , 
2025-08-06 22:16:14,731 - model.pytorch.dcrnn_supervisor - INFO - epoch complete
2025-08-06 22:16:14,732 - model.pytorch.dcrnn_supervisor - INFO - evaluating now!
2025-08-06 22:16:23,234 - model.pytorch.dcrnn_supervisor - INFO - Epoch [16/20] (799) val_mae:2.4018, val_mis: 32.8758, val_width: 26.9090, val_mse: 25.3078, val_rmse: 5.0307 , 
2025-08-06 22:16:39,826 - model.pytorch.dcrnn_supervisor - INFO - Epoch [16/20] (799) test_mae:2.1613,test_mis: 28.6058, test_width: 24.0468, test_mse: 20.1311, test_rmse: 4.4868 , 
2025-08-06 22:18:45,253 - model.pytorch.dcrnn_supervisor - INFO - epoch complete
2025-08-06 22:18:45,255 - model.pytorch.dcrnn_supervisor - INFO - evaluating now!
2025-08-06 22:18:53,279 - model.pytorch.dcrnn_supervisor - INFO - Epoch [17/20] (846) val_mae:2.3010, val_mis: 30.9063, val_width: 24.7394, val_mse: 24.9735, val_rmse: 4.9973 , 
2025-08-06 22:19:10,395 - model.pytorch.dcrnn_supervisor - INFO - Epoch [17/20] (846) test_mae:2.0449,test_mis: 26.9646, test_width: 22.2706, test_mse: 19.6285, test_rmse: 4.4304 , 
2025-08-06 22:21:14,659 - model.pytorch.dcrnn_supervisor - INFO - epoch complete
2025-08-06 22:21:14,659 - model.pytorch.dcrnn_supervisor - INFO - evaluating now!
2025-08-06 22:21:22,981 - model.pytorch.dcrnn_supervisor - INFO - Epoch [18/20] (893) val_mae:2.2514, val_mis: 33.4597, val_width: 29.1087, val_mse: 23.9151, val_rmse: 4.8903 , 
2025-08-06 22:21:39,475 - model.pytorch.dcrnn_supervisor - INFO - Epoch [18/20] (893) test_mae:2.0251,test_mis: 29.6164, test_width: 26.3341, test_mse: 19.0418, test_rmse: 4.3637 , 
2025-08-06 22:21:39,500 - model.pytorch.dcrnn_supervisor - INFO - Saved model at 18
2025-08-06 22:21:39,500 - model.pytorch.dcrnn_supervisor - INFO - Val loss decrease from 2.2687 to 2.2514, saving to models/epo18.tar
2025-08-06 22:23:44,001 - model.pytorch.dcrnn_supervisor - INFO - epoch complete
2025-08-06 22:23:44,001 - model.pytorch.dcrnn_supervisor - INFO - evaluating now!
2025-08-06 22:23:52,273 - model.pytorch.dcrnn_supervisor - INFO - Epoch [19/20] (940) val_mae:2.3005, val_mis: 35.1926, val_width: 31.6151, val_mse: 23.3950, val_rmse: 4.8368 , 
2025-08-06 22:24:09,150 - model.pytorch.dcrnn_supervisor - INFO - Epoch [19/20] (940) test_mae:2.0800,test_mis: 31.8202, test_width: 29.1022, test_mse: 18.6093, test_rmse: 4.3139 , 
