2025-08-05 23:45:14,256 - model.pytorch.dcrnn_supervisor - INFO - Log directory: data/model\dcrnn_DR_2_h_12_16-16_lr_0.01_bs_256_0805234514/
2025-08-05 23:45:34,895 - model.pytorch.dcrnn_supervisor - INFO - Model created
2025-08-05 23:45:58,460 - model.pytorch.dcrnn_supervisor - INFO - Start training ...
2025-08-05 23:45:58,460 - model.pytorch.dcrnn_supervisor - INFO - num_batches:47
2025-08-05 23:46:00,565 - model.pytorch.dcrnn_supervisor - INFO - Total trainable parameters 25479
2025-08-05 23:48:01,084 - model.pytorch.dcrnn_supervisor - INFO - epoch complete
2025-08-05 23:48:01,084 - model.pytorch.dcrnn_supervisor - INFO - evaluating now!
2025-08-05 23:48:09,296 - model.pytorch.dcrnn_supervisor - INFO - Epoch [0/20] (47) val_mae:7.6769, val_mis: 179.1851, val_width: 10.7292, val_mse: 103.2080, val_rmse: 10.1591 , 
2025-08-05 23:48:26,482 - model.pytorch.dcrnn_supervisor - INFO - Epoch [0/20] (47) test_mae:7.3866,test_mis: 169.7156, test_width: 10.6637, test_mse: 90.5678, test_rmse: 9.5167 , 
2025-08-05 23:48:26,560 - model.pytorch.dcrnn_supervisor - INFO - Saved model at 0
2025-08-05 23:48:26,560 - model.pytorch.dcrnn_supervisor - INFO - Val loss decrease from inf to 7.6769, saving to models/epo0.tar
2025-08-05 23:50:28,633 - model.pytorch.dcrnn_supervisor - INFO - epoch complete
2025-08-05 23:50:28,633 - model.pytorch.dcrnn_supervisor - INFO - evaluating now!
2025-08-05 23:50:36,720 - model.pytorch.dcrnn_supervisor - INFO - Epoch [1/20] (94) val_mae:4.4676, val_mis: 107.1285, val_width: 6.2807, val_mse: 71.6354, val_rmse: 8.4638 , 
2025-08-05 23:50:54,006 - model.pytorch.dcrnn_supervisor - INFO - Epoch [1/20] (94) test_mae:4.0031,test_mis: 91.0559, test_width: 6.1677, test_mse: 56.3797, test_rmse: 7.5086 , 
2025-08-05 23:50:54,022 - model.pytorch.dcrnn_supervisor - INFO - Saved model at 1
2025-08-05 23:50:54,022 - model.pytorch.dcrnn_supervisor - INFO - Val loss decrease from 7.6769 to 4.4676, saving to models/epo1.tar
2025-08-05 23:52:54,248 - model.pytorch.dcrnn_supervisor - INFO - epoch complete
2025-08-05 23:52:54,248 - model.pytorch.dcrnn_supervisor - INFO - evaluating now!
2025-08-05 23:53:02,049 - model.pytorch.dcrnn_supervisor - INFO - Epoch [2/20] (141) val_mae:4.4827, val_mis: 96.4330, val_width: 7.5655, val_mse: 59.4470, val_rmse: 7.7102 , 
2025-08-05 23:53:18,755 - model.pytorch.dcrnn_supervisor - INFO - Epoch [2/20] (141) test_mae:4.1036,test_mis: 84.8197, test_width: 7.3445, test_mse: 47.3907, test_rmse: 6.8841 , 
2025-08-05 23:55:20,277 - model.pytorch.dcrnn_supervisor - INFO - epoch complete
2025-08-05 23:55:20,277 - model.pytorch.dcrnn_supervisor - INFO - evaluating now!
2025-08-05 23:55:28,224 - model.pytorch.dcrnn_supervisor - INFO - Epoch [3/20] (188) val_mae:3.9400, val_mis: 59.3167, val_width: 8.3377, val_mse: 46.5297, val_rmse: 6.8213 , 
2025-08-05 23:55:46,109 - model.pytorch.dcrnn_supervisor - INFO - Epoch [3/20] (188) test_mae:3.5134,test_mis: 51.1016, test_width: 7.8053, test_mse: 37.3578, test_rmse: 6.1121 , 
2025-08-05 23:55:46,129 - model.pytorch.dcrnn_supervisor - INFO - Saved model at 3
2025-08-05 23:55:46,129 - model.pytorch.dcrnn_supervisor - INFO - Val loss decrease from 4.4676 to 3.9400, saving to models/epo3.tar
2025-08-05 23:57:49,159 - model.pytorch.dcrnn_supervisor - INFO - epoch complete
2025-08-05 23:57:49,159 - model.pytorch.dcrnn_supervisor - INFO - evaluating now!
2025-08-05 23:57:56,987 - model.pytorch.dcrnn_supervisor - INFO - Epoch [4/20] (235) val_mae:3.3156, val_mis: 69.1469, val_width: 5.2219, val_mse: 38.4367, val_rmse: 6.1997 , 
2025-08-05 23:58:13,545 - model.pytorch.dcrnn_supervisor - INFO - Epoch [4/20] (235) test_mae:2.9688,test_mis: 58.7694, test_width: 4.9851, test_mse: 29.9636, test_rmse: 5.4739 , 
2025-08-05 23:58:13,561 - model.pytorch.dcrnn_supervisor - INFO - Saved model at 4
2025-08-05 23:58:13,561 - model.pytorch.dcrnn_supervisor - INFO - Val loss decrease from 3.9400 to 3.3156, saving to models/epo4.tar
2025-08-06 00:00:13,556 - model.pytorch.dcrnn_supervisor - INFO - epoch complete
2025-08-06 00:00:13,556 - model.pytorch.dcrnn_supervisor - INFO - evaluating now!
2025-08-06 00:00:20,726 - model.pytorch.dcrnn_supervisor - INFO - Epoch [5/20] (282) val_mae:2.9412, val_mis: 59.1551, val_width: 4.8871, val_mse: 32.2371, val_rmse: 5.6778 , 
2025-08-06 00:00:37,247 - model.pytorch.dcrnn_supervisor - INFO - Epoch [5/20] (282) test_mae:2.6201,test_mis: 49.9291, test_width: 4.6754, test_mse: 24.9840, test_rmse: 4.9984 , 
2025-08-06 00:00:37,262 - model.pytorch.dcrnn_supervisor - INFO - Saved model at 5
2025-08-06 00:00:37,262 - model.pytorch.dcrnn_supervisor - INFO - Val loss decrease from 3.3156 to 2.9412, saving to models/epo5.tar
2025-08-06 00:02:43,626 - model.pytorch.dcrnn_supervisor - INFO - epoch complete
2025-08-06 00:02:43,626 - model.pytorch.dcrnn_supervisor - INFO - evaluating now!
2025-08-06 00:02:51,468 - model.pytorch.dcrnn_supervisor - INFO - Epoch [6/20] (329) val_mae:2.6887, val_mis: 52.1416, val_width: 5.1100, val_mse: 30.2104, val_rmse: 5.4964 , 
2025-08-06 00:03:07,935 - model.pytorch.dcrnn_supervisor - INFO - Epoch [6/20] (329) test_mae:2.3609,test_mis: 43.5266, test_width: 4.8793, test_mse: 23.3801, test_rmse: 4.8353 , 
2025-08-06 00:03:07,951 - model.pytorch.dcrnn_supervisor - INFO - Saved model at 6
2025-08-06 00:03:07,951 - model.pytorch.dcrnn_supervisor - INFO - Val loss decrease from 2.9412 to 2.6887, saving to models/epo6.tar
2025-08-06 00:05:09,087 - model.pytorch.dcrnn_supervisor - INFO - epoch complete
2025-08-06 00:05:09,087 - model.pytorch.dcrnn_supervisor - INFO - evaluating now!
2025-08-06 00:05:17,555 - model.pytorch.dcrnn_supervisor - INFO - Epoch [7/20] (376) val_mae:3.4282, val_mis: 58.0285, val_width: 6.4444, val_mse: 43.5966, val_rmse: 6.6028 , 
2025-08-06 00:05:33,819 - model.pytorch.dcrnn_supervisor - INFO - Epoch [7/20] (376) test_mae:3.0298,test_mis: 48.9819, test_width: 6.0762, test_mse: 34.7100, test_rmse: 5.8915 , 
2025-08-06 00:07:40,106 - model.pytorch.dcrnn_supervisor - INFO - epoch complete
2025-08-06 00:07:40,106 - model.pytorch.dcrnn_supervisor - INFO - evaluating now!
2025-08-06 00:07:49,023 - model.pytorch.dcrnn_supervisor - INFO - Epoch [8/20] (423) val_mae:4.5521, val_mis: 105.0120, val_width: 5.4141, val_mse: 45.1500, val_rmse: 6.7194 , 
2025-08-06 00:08:05,955 - model.pytorch.dcrnn_supervisor - INFO - Epoch [8/20] (423) test_mae:4.2926,test_mis: 97.4293, test_width: 5.2137, test_mse: 38.8783, test_rmse: 6.2353 , 
2025-08-06 00:10:05,674 - model.pytorch.dcrnn_supervisor - INFO - epoch complete
2025-08-06 00:10:05,674 - model.pytorch.dcrnn_supervisor - INFO - evaluating now!
2025-08-06 00:10:14,469 - model.pytorch.dcrnn_supervisor - INFO - Epoch [9/20] (470) val_mae:5.7902, val_mis: 127.8690, val_width: 5.6754, val_mse: 68.7617, val_rmse: 8.2923 , 
2025-08-06 00:10:30,784 - model.pytorch.dcrnn_supervisor - INFO - Epoch [9/20] (470) test_mae:5.5433,test_mis: 117.8335, test_width: 5.6108, test_mse: 59.3535, test_rmse: 7.7041 , 
2025-08-06 00:12:31,806 - model.pytorch.dcrnn_supervisor - INFO - epoch complete
2025-08-06 00:12:31,806 - model.pytorch.dcrnn_supervisor - INFO - evaluating now!
2025-08-06 00:12:39,693 - model.pytorch.dcrnn_supervisor - INFO - Epoch [10/20] (517) val_mae:3.3982, val_mis: 68.7822, val_width: 4.9857, val_mse: 33.1576, val_rmse: 5.7583 , 
2025-08-06 00:12:55,502 - model.pytorch.dcrnn_supervisor - INFO - Epoch [10/20] (517) test_mae:3.1250,test_mis: 61.2082, test_width: 4.7209, test_mse: 27.1442, test_rmse: 5.2100 , 
2025-08-06 00:14:53,281 - model.pytorch.dcrnn_supervisor - INFO - epoch complete
2025-08-06 00:14:53,281 - model.pytorch.dcrnn_supervisor - INFO - evaluating now!
2025-08-06 00:15:01,179 - model.pytorch.dcrnn_supervisor - INFO - Epoch [11/20] (564) val_mae:2.5007, val_mis: 55.2172, val_width: 3.9642, val_mse: 26.7646, val_rmse: 5.1735 , 
2025-08-06 00:15:17,940 - model.pytorch.dcrnn_supervisor - INFO - Epoch [11/20] (564) test_mae:2.2125,test_mis: 47.0165, test_width: 3.7544, test_mse: 21.1591, test_rmse: 4.5999 , 
2025-08-06 00:15:17,956 - model.pytorch.dcrnn_supervisor - INFO - Saved model at 11
2025-08-06 00:15:17,956 - model.pytorch.dcrnn_supervisor - INFO - Val loss decrease from 2.6887 to 2.5007, saving to models/epo11.tar
2025-08-06 00:17:17,216 - model.pytorch.dcrnn_supervisor - INFO - epoch complete
2025-08-06 00:17:17,232 - model.pytorch.dcrnn_supervisor - INFO - evaluating now!
2025-08-06 00:17:25,562 - model.pytorch.dcrnn_supervisor - INFO - Epoch [12/20] (611) val_mae:2.6917, val_mis: 55.8975, val_width: 4.4734, val_mse: 29.6650, val_rmse: 5.4466 , 
2025-08-06 00:17:41,493 - model.pytorch.dcrnn_supervisor - INFO - Epoch [12/20] (611) test_mae:2.3712,test_mis: 46.8640, test_width: 4.2848, test_mse: 23.1896, test_rmse: 4.8156 , 
2025-08-06 00:19:43,754 - model.pytorch.dcrnn_supervisor - INFO - epoch complete
2025-08-06 00:19:43,754 - model.pytorch.dcrnn_supervisor - INFO - evaluating now!
2025-08-06 00:19:51,762 - model.pytorch.dcrnn_supervisor - INFO - Epoch [13/20] (658) val_mae:3.6541, val_mis: 84.3236, val_width: 4.5590, val_mse: 33.9537, val_rmse: 5.8270 , 
2025-08-06 00:20:07,777 - model.pytorch.dcrnn_supervisor - INFO - Epoch [13/20] (658) test_mae:3.4409,test_mis: 78.5818, test_width: 4.3085, test_mse: 28.3802, test_rmse: 5.3273 , 
2025-08-06 00:22:07,752 - model.pytorch.dcrnn_supervisor - INFO - epoch complete
2025-08-06 00:22:07,752 - model.pytorch.dcrnn_supervisor - INFO - evaluating now!
2025-08-06 00:22:16,935 - model.pytorch.dcrnn_supervisor - INFO - Epoch [14/20] (705) val_mae:2.5749, val_mis: 57.7114, val_width: 3.8308, val_mse: 27.5399, val_rmse: 5.2478 , 
2025-08-06 00:22:33,275 - model.pytorch.dcrnn_supervisor - INFO - Epoch [14/20] (705) test_mae:2.3203,test_mis: 50.3946, test_width: 3.6400, test_mse: 22.2547, test_rmse: 4.7175 , 
2025-08-06 00:24:35,766 - model.pytorch.dcrnn_supervisor - INFO - epoch complete
2025-08-06 00:24:35,766 - model.pytorch.dcrnn_supervisor - INFO - evaluating now!
2025-08-06 00:24:43,784 - model.pytorch.dcrnn_supervisor - INFO - Epoch [15/20] (752) val_mae:3.6007, val_mis: 81.5411, val_width: 4.3294, val_mse: 35.6309, val_rmse: 5.9692 , 
2025-08-06 00:25:00,049 - model.pytorch.dcrnn_supervisor - INFO - Epoch [15/20] (752) test_mae:3.3413,test_mis: 74.3563, test_width: 4.0568, test_mse: 29.3031, test_rmse: 5.4132 , 
2025-08-06 00:27:04,556 - model.pytorch.dcrnn_supervisor - INFO - epoch complete
2025-08-06 00:27:04,556 - model.pytorch.dcrnn_supervisor - INFO - evaluating now!
2025-08-06 00:27:13,107 - model.pytorch.dcrnn_supervisor - INFO - Epoch [16/20] (799) val_mae:2.7228, val_mis: 58.5090, val_width: 4.2774, val_mse: 26.9484, val_rmse: 5.1912 , 
2025-08-06 00:27:29,991 - model.pytorch.dcrnn_supervisor - INFO - Epoch [16/20] (799) test_mae:2.4195,test_mis: 49.8555, test_width: 4.0749, test_mse: 21.3453, test_rmse: 4.6201 , 
2025-08-06 00:29:30,529 - model.pytorch.dcrnn_supervisor - INFO - epoch complete
2025-08-06 00:29:30,529 - model.pytorch.dcrnn_supervisor - INFO - evaluating now!
2025-08-06 00:29:38,591 - model.pytorch.dcrnn_supervisor - INFO - Epoch [17/20] (846) val_mae:2.6947, val_mis: 56.0298, val_width: 5.0269, val_mse: 29.4128, val_rmse: 5.4234 , 
2025-08-06 00:29:54,559 - model.pytorch.dcrnn_supervisor - INFO - Epoch [17/20] (846) test_mae:2.4089,test_mis: 47.0869, test_width: 4.8930, test_mse: 23.0808, test_rmse: 4.8042 , 
2025-08-06 00:31:54,241 - model.pytorch.dcrnn_supervisor - INFO - epoch complete
2025-08-06 00:31:54,241 - model.pytorch.dcrnn_supervisor - INFO - evaluating now!
2025-08-06 00:32:02,117 - model.pytorch.dcrnn_supervisor - INFO - Epoch [18/20] (893) val_mae:2.8741, val_mis: 57.3407, val_width: 4.1563, val_mse: 30.8498, val_rmse: 5.5543 , 
2025-08-06 00:32:19,444 - model.pytorch.dcrnn_supervisor - INFO - Epoch [18/20] (893) test_mae:2.6104,test_mis: 49.3245, test_width: 3.9687, test_mse: 24.8972, test_rmse: 4.9897 , 
2025-08-06 00:34:20,226 - model.pytorch.dcrnn_supervisor - INFO - epoch complete
2025-08-06 00:34:20,242 - model.pytorch.dcrnn_supervisor - INFO - evaluating now!
2025-08-06 00:34:28,449 - model.pytorch.dcrnn_supervisor - INFO - Epoch [19/20] (940) val_mae:2.5152, val_mis: 53.1879, val_width: 4.0891, val_mse: 26.0695, val_rmse: 5.1058 , 
2025-08-06 00:34:45,543 - model.pytorch.dcrnn_supervisor - INFO - Epoch [19/20] (940) test_mae:2.2356,test_mis: 45.2097, test_width: 3.8887, test_mse: 20.6800, test_rmse: 4.5475 , 
