2025-09-20 19:31:53,660 - model.pytorch.dcrnn_supervisor - INFO - Log directory: data/model\dcrnn_DR_2_h_12_16-16_lr_0.01_bs_256_0920193153/
2025-09-20 19:32:28,596 - model.pytorch.dcrnn_supervisor - INFO - Model created
2025-09-20 19:32:58,725 - model.pytorch.dcrnn_supervisor - INFO - Start training ...
2025-09-20 19:32:58,725 - model.pytorch.dcrnn_supervisor - INFO - num_batches:94
2025-09-20 19:33:00,776 - model.pytorch.dcrnn_supervisor - INFO - Total trainable parameters 24003
2025-09-20 19:33:03,443 - model.pytorch.dcrnn_supervisor - INFO - Total trainable parameters 24003
2025-09-20 19:41:15,350 - model.pytorch.dcrnn_supervisor - INFO - epoch complete
2025-09-20 19:41:15,350 - model.pytorch.dcrnn_supervisor - INFO - evaluating now!
2025-09-20 19:42:04,606 - model.pytorch.dcrnn_supervisor - INFO - Epoch [0/20] (94) val_mae_adv:7.6031, val_mis_adv:69.2164, val_width_adv:21.3929, val_mse_adv:130.0615, val_rmse_adv:11.4045
2025-09-20 19:43:47,625 - model.pytorch.dcrnn_supervisor - INFO - Epoch [0/20] (94) test_mae_adv:8.1572, test_mis_adv:76.4876, test_width_adv:23.5877, test_mse_adv:146.7369, test_rmse_adv:12.1135
2025-09-20 19:43:47,721 - model.pytorch.dcrnn_supervisor - INFO - Saved model at 0
2025-09-20 19:43:47,721 - model.pytorch.dcrnn_supervisor - INFO - Val loss_adv decrease from inf to 7.6031, saving to models/epo0.tar
2025-09-20 19:51:43,718 - model.pytorch.dcrnn_supervisor - INFO - epoch complete
2025-09-20 19:51:43,718 - model.pytorch.dcrnn_supervisor - INFO - evaluating now!
2025-09-20 19:52:33,180 - model.pytorch.dcrnn_supervisor - INFO - Epoch [1/20] (188) val_mae_adv:5.1272, val_mis_adv:66.0793, val_width_adv:13.9083, val_mse_adv:88.8379, val_rmse_adv:9.4254
2025-09-20 19:54:07,718 - model.pytorch.dcrnn_supervisor - INFO - Epoch [1/20] (188) test_mae_adv:5.8283, test_mis_adv:77.4695, test_width_adv:15.9118, test_mse_adv:106.6321, test_rmse_adv:10.3263
2025-09-20 19:54:07,734 - model.pytorch.dcrnn_supervisor - INFO - Saved model at 1
2025-09-20 19:54:07,734 - model.pytorch.dcrnn_supervisor - INFO - Val loss_adv decrease from 7.6031 to 5.1272, saving to models/epo1.tar
2025-09-20 20:01:56,381 - model.pytorch.dcrnn_supervisor - INFO - epoch complete
2025-09-20 20:01:56,397 - model.pytorch.dcrnn_supervisor - INFO - evaluating now!
2025-09-20 20:02:50,632 - model.pytorch.dcrnn_supervisor - INFO - Epoch [2/20] (282) val_mae_adv:4.7387, val_mis_adv:63.7221, val_width_adv:11.9548, val_mse_adv:73.8290, val_rmse_adv:8.5924
2025-09-20 20:04:29,775 - model.pytorch.dcrnn_supervisor - INFO - Epoch [2/20] (282) test_mae_adv:5.2681, test_mis_adv:74.1129, test_width_adv:13.3923, test_mse_adv:86.7728, test_rmse_adv:9.3152
2025-09-20 20:04:29,775 - model.pytorch.dcrnn_supervisor - INFO - Saved model at 2
2025-09-20 20:04:29,775 - model.pytorch.dcrnn_supervisor - INFO - Val loss_adv decrease from 5.1272 to 4.7387, saving to models/epo2.tar
2025-09-20 20:12:14,828 - model.pytorch.dcrnn_supervisor - INFO - epoch complete
2025-09-20 20:12:14,828 - model.pytorch.dcrnn_supervisor - INFO - evaluating now!
2025-09-20 20:13:01,486 - model.pytorch.dcrnn_supervisor - INFO - Epoch [3/20] (376) val_mae_adv:4.8884, val_mis_adv:72.4966, val_width_adv:10.5579, val_mse_adv:72.0239, val_rmse_adv:8.4867
2025-09-20 20:14:40,453 - model.pytorch.dcrnn_supervisor - INFO - Epoch [3/20] (376) test_mae_adv:5.3806, test_mis_adv:85.1641, test_width_adv:11.6182, test_mse_adv:84.9365, test_rmse_adv:9.2161
2025-09-20 20:22:25,589 - model.pytorch.dcrnn_supervisor - INFO - epoch complete
2025-09-20 20:22:25,589 - model.pytorch.dcrnn_supervisor - INFO - evaluating now!
2025-09-20 20:23:20,316 - model.pytorch.dcrnn_supervisor - INFO - Epoch [4/20] (470) val_mae_adv:4.2277, val_mis_adv:59.5537, val_width_adv:11.6252, val_mse_adv:62.2984, val_rmse_adv:7.8929
2025-09-20 20:24:55,705 - model.pytorch.dcrnn_supervisor - INFO - Epoch [4/20] (470) test_mae_adv:4.7115, test_mis_adv:70.1254, test_width_adv:12.5790, test_mse_adv:72.9868, test_rmse_adv:8.5432
2025-09-20 20:24:55,721 - model.pytorch.dcrnn_supervisor - INFO - Saved model at 4
2025-09-20 20:24:55,721 - model.pytorch.dcrnn_supervisor - INFO - Val loss_adv decrease from 4.7387 to 4.2277, saving to models/epo4.tar
2025-09-20 20:32:52,845 - model.pytorch.dcrnn_supervisor - INFO - epoch complete
2025-09-20 20:32:52,845 - model.pytorch.dcrnn_supervisor - INFO - evaluating now!
2025-09-20 20:33:41,492 - model.pytorch.dcrnn_supervisor - INFO - Epoch [5/20] (564) val_mae_adv:4.5347, val_mis_adv:62.9316, val_width_adv:12.4468, val_mse_adv:57.2377, val_rmse_adv:7.5656
2025-09-20 20:35:29,781 - model.pytorch.dcrnn_supervisor - INFO - Epoch [5/20] (564) test_mae_adv:4.9272, test_mis_adv:71.8710, test_width_adv:13.3363, test_mse_adv:66.4981, test_rmse_adv:8.1546
2025-09-20 20:43:26,454 - model.pytorch.dcrnn_supervisor - INFO - epoch complete
2025-09-20 20:43:26,454 - model.pytorch.dcrnn_supervisor - INFO - evaluating now!
2025-09-20 20:44:15,083 - model.pytorch.dcrnn_supervisor - INFO - Epoch [6/20] (658) val_mae_adv:4.6360, val_mis_adv:67.0501, val_width_adv:10.2335, val_mse_adv:68.9875, val_rmse_adv:8.3059
2025-09-20 20:45:52,053 - model.pytorch.dcrnn_supervisor - INFO - Epoch [6/20] (658) test_mae_adv:5.0829, test_mis_adv:77.3929, test_width_adv:11.3414, test_mse_adv:79.8844, test_rmse_adv:8.9378
2025-09-20 20:53:47,892 - model.pytorch.dcrnn_supervisor - INFO - epoch complete
2025-09-20 20:53:47,892 - model.pytorch.dcrnn_supervisor - INFO - evaluating now!
2025-09-20 20:54:42,004 - model.pytorch.dcrnn_supervisor - INFO - Epoch [7/20] (752) val_mae_adv:4.2102, val_mis_adv:62.0528, val_width_adv:11.5458, val_mse_adv:67.4684, val_rmse_adv:8.2139
2025-09-20 20:56:23,513 - model.pytorch.dcrnn_supervisor - INFO - Epoch [7/20] (752) test_mae_adv:4.7256, test_mis_adv:73.1117, test_width_adv:12.4401, test_mse_adv:79.9348, test_rmse_adv:8.9406
2025-09-20 20:56:23,529 - model.pytorch.dcrnn_supervisor - INFO - Saved model at 7
2025-09-20 20:56:23,529 - model.pytorch.dcrnn_supervisor - INFO - Val loss_adv decrease from 4.2277 to 4.2102, saving to models/epo7.tar
2025-09-20 21:04:14,727 - model.pytorch.dcrnn_supervisor - INFO - epoch complete
2025-09-20 21:04:14,727 - model.pytorch.dcrnn_supervisor - INFO - evaluating now!
2025-09-20 21:05:04,207 - model.pytorch.dcrnn_supervisor - INFO - Epoch [8/20] (846) val_mae_adv:4.2343, val_mis_adv:64.8827, val_width_adv:9.6481, val_mse_adv:60.7843, val_rmse_adv:7.7964
2025-09-20 21:06:44,920 - model.pytorch.dcrnn_supervisor - INFO - Epoch [8/20] (846) test_mae_adv:4.6803, test_mis_adv:75.4032, test_width_adv:10.6240, test_mse_adv:71.5539, test_rmse_adv:8.4590
2025-09-20 21:14:28,837 - model.pytorch.dcrnn_supervisor - INFO - epoch complete
2025-09-20 21:14:28,837 - model.pytorch.dcrnn_supervisor - INFO - evaluating now!
2025-09-20 21:15:22,761 - model.pytorch.dcrnn_supervisor - INFO - Epoch [9/20] (940) val_mae_adv:4.3267, val_mis_adv:65.5633, val_width_adv:10.2340, val_mse_adv:62.2360, val_rmse_adv:7.8890
2025-09-20 21:16:58,091 - model.pytorch.dcrnn_supervisor - INFO - Epoch [9/20] (940) test_mae_adv:4.7963, test_mis_adv:76.9044, test_width_adv:11.1503, test_mse_adv:73.5972, test_rmse_adv:8.5789
2025-09-20 21:24:30,453 - model.pytorch.dcrnn_supervisor - INFO - epoch complete
2025-09-20 21:24:30,453 - model.pytorch.dcrnn_supervisor - INFO - evaluating now!
2025-09-20 21:25:18,301 - model.pytorch.dcrnn_supervisor - INFO - Epoch [10/20] (1034) val_mae_adv:3.9358, val_mis_adv:59.8960, val_width_adv:10.8184, val_mse_adv:57.4919, val_rmse_adv:7.5823
2025-09-20 21:26:52,916 - model.pytorch.dcrnn_supervisor - INFO - Epoch [10/20] (1034) test_mae_adv:4.4138, test_mis_adv:70.7017, test_width_adv:11.8060, test_mse_adv:68.8063, test_rmse_adv:8.2950
2025-09-20 21:26:52,932 - model.pytorch.dcrnn_supervisor - INFO - Saved model at 10
2025-09-20 21:26:52,932 - model.pytorch.dcrnn_supervisor - INFO - Val loss_adv decrease from 4.2102 to 3.9358, saving to models/epo10.tar
2025-09-20 21:34:31,652 - model.pytorch.dcrnn_supervisor - INFO - epoch complete
2025-09-20 21:34:31,684 - model.pytorch.dcrnn_supervisor - INFO - evaluating now!
2025-09-20 21:35:23,523 - model.pytorch.dcrnn_supervisor - INFO - Epoch [11/20] (1128) val_mae_adv:4.0245, val_mis_adv:61.9533, val_width_adv:10.3987, val_mse_adv:58.1592, val_rmse_adv:7.6262
2025-09-20 21:36:55,667 - model.pytorch.dcrnn_supervisor - INFO - Epoch [11/20] (1128) test_mae_adv:4.4415, test_mis_adv:71.5991, test_width_adv:11.4463, test_mse_adv:67.9527, test_rmse_adv:8.2433
2025-09-20 21:44:31,092 - model.pytorch.dcrnn_supervisor - INFO - epoch complete
2025-09-20 21:44:31,092 - model.pytorch.dcrnn_supervisor - INFO - evaluating now!
2025-09-20 21:45:18,070 - model.pytorch.dcrnn_supervisor - INFO - Epoch [12/20] (1222) val_mae_adv:3.9994, val_mis_adv:59.5170, val_width_adv:10.8262, val_mse_adv:58.4426, val_rmse_adv:7.6448
2025-09-20 21:46:51,651 - model.pytorch.dcrnn_supervisor - INFO - Epoch [12/20] (1222) test_mae_adv:4.4634, test_mis_adv:70.2360, test_width_adv:11.8679, test_mse_adv:69.7451, test_rmse_adv:8.3514
2025-09-20 21:54:23,078 - model.pytorch.dcrnn_supervisor - INFO - epoch complete
2025-09-20 21:54:23,078 - model.pytorch.dcrnn_supervisor - INFO - evaluating now!
2025-09-20 21:55:15,002 - model.pytorch.dcrnn_supervisor - INFO - Epoch [13/20] (1316) val_mae_adv:3.9066, val_mis_adv:59.5162, val_width_adv:10.7017, val_mse_adv:56.3287, val_rmse_adv:7.5052
2025-09-20 21:56:48,262 - model.pytorch.dcrnn_supervisor - INFO - Epoch [13/20] (1316) test_mae_adv:4.3447, test_mis_adv:69.9489, test_width_adv:11.5454, test_mse_adv:66.8911, test_rmse_adv:8.1787
2025-09-20 21:56:48,278 - model.pytorch.dcrnn_supervisor - INFO - Saved model at 13
2025-09-20 21:56:48,278 - model.pytorch.dcrnn_supervisor - INFO - Val loss_adv decrease from 3.9358 to 3.9066, saving to models/epo13.tar
2025-09-20 22:04:19,712 - model.pytorch.dcrnn_supervisor - INFO - epoch complete
2025-09-20 22:04:19,712 - model.pytorch.dcrnn_supervisor - INFO - evaluating now!
2025-09-20 22:05:09,337 - model.pytorch.dcrnn_supervisor - INFO - Epoch [14/20] (1410) val_mae_adv:4.0019, val_mis_adv:60.5604, val_width_adv:10.0865, val_mse_adv:57.7278, val_rmse_adv:7.5979
2025-09-20 22:06:46,309 - model.pytorch.dcrnn_supervisor - INFO - Epoch [14/20] (1410) test_mae_adv:4.4446, test_mis_adv:70.9232, test_width_adv:11.0549, test_mse_adv:68.5095, test_rmse_adv:8.2770
2025-09-20 22:14:16,669 - model.pytorch.dcrnn_supervisor - INFO - epoch complete
2025-09-20 22:14:16,685 - model.pytorch.dcrnn_supervisor - INFO - evaluating now!
2025-09-20 22:15:08,041 - model.pytorch.dcrnn_supervisor - INFO - Epoch [15/20] (1504) val_mae_adv:4.6732, val_mis_adv:72.7450, val_width_adv:10.4261, val_mse_adv:70.3097, val_rmse_adv:8.3851
2025-09-20 22:16:44,171 - model.pytorch.dcrnn_supervisor - INFO - Epoch [15/20] (1504) test_mae_adv:5.1668, test_mis_adv:84.7329, test_width_adv:11.5532, test_mse_adv:83.8812, test_rmse_adv:9.1587
2025-09-20 22:24:20,540 - model.pytorch.dcrnn_supervisor - INFO - epoch complete
2025-09-20 22:24:20,540 - model.pytorch.dcrnn_supervisor - INFO - evaluating now!
2025-09-20 22:25:09,534 - model.pytorch.dcrnn_supervisor - INFO - Epoch [16/20] (1598) val_mae_adv:3.9539, val_mis_adv:60.6965, val_width_adv:10.2013, val_mse_adv:57.8985, val_rmse_adv:7.6091
2025-09-20 22:26:44,631 - model.pytorch.dcrnn_supervisor - INFO - Epoch [16/20] (1598) test_mae_adv:4.3958, test_mis_adv:71.2324, test_width_adv:11.1050, test_mse_adv:68.6809, test_rmse_adv:8.2874
2025-09-20 22:34:09,245 - model.pytorch.dcrnn_supervisor - INFO - epoch complete
2025-09-20 22:34:09,245 - model.pytorch.dcrnn_supervisor - INFO - evaluating now!
2025-09-20 22:35:08,191 - model.pytorch.dcrnn_supervisor - INFO - Epoch [17/20] (1692) val_mae_adv:3.8930, val_mis_adv:57.7310, val_width_adv:11.4097, val_mse_adv:56.6463, val_rmse_adv:7.5264
2025-09-20 22:36:42,934 - model.pytorch.dcrnn_supervisor - INFO - Epoch [17/20] (1692) test_mae_adv:4.3373, test_mis_adv:68.0249, test_width_adv:12.1357, test_mse_adv:67.2562, test_rmse_adv:8.2010
2025-09-20 22:36:42,950 - model.pytorch.dcrnn_supervisor - INFO - Saved model at 17
2025-09-20 22:36:42,950 - model.pytorch.dcrnn_supervisor - INFO - Val loss_adv decrease from 3.9066 to 3.8930, saving to models/epo17.tar
2025-09-20 22:44:13,655 - model.pytorch.dcrnn_supervisor - INFO - epoch complete
2025-09-20 22:44:13,655 - model.pytorch.dcrnn_supervisor - INFO - evaluating now!
2025-09-20 22:45:04,072 - model.pytorch.dcrnn_supervisor - INFO - Epoch [18/20] (1786) val_mae_adv:3.8314, val_mis_adv:57.9500, val_width_adv:10.5288, val_mse_adv:56.9236, val_rmse_adv:7.5448
2025-09-20 22:46:37,800 - model.pytorch.dcrnn_supervisor - INFO - Epoch [18/20] (1786) test_mae_adv:4.2821, test_mis_adv:68.0879, test_width_adv:11.4461, test_mse_adv:67.4700, test_rmse_adv:8.2140
2025-09-20 22:46:37,821 - model.pytorch.dcrnn_supervisor - INFO - Saved model at 18
2025-09-20 22:46:37,821 - model.pytorch.dcrnn_supervisor - INFO - Val loss_adv decrease from 3.8930 to 3.8314, saving to models/epo18.tar
2025-09-20 22:54:11,947 - model.pytorch.dcrnn_supervisor - INFO - epoch complete
2025-09-20 22:54:12,043 - model.pytorch.dcrnn_supervisor - INFO - evaluating now!
2025-09-20 22:55:07,358 - model.pytorch.dcrnn_supervisor - INFO - Epoch [19/20] (1880) val_mae_adv:3.9721, val_mis_adv:59.4844, val_width_adv:10.6488, val_mse_adv:59.6788, val_rmse_adv:7.7252
2025-09-20 22:56:42,711 - model.pytorch.dcrnn_supervisor - INFO - Epoch [19/20] (1880) test_mae_adv:4.4347, test_mis_adv:70.2330, test_width_adv:11.6463, test_mse_adv:70.7927, test_rmse_adv:8.4138
