2025-09-22 21:04:39,327 - model.pytorch.dcrnn_supervisor - INFO - Log directory: data/model\dcrnn_DR_2_h_12_16-16_lr_0.01_bs_256_0922210439/
2025-09-22 21:05:19,255 - model.pytorch.dcrnn_supervisor - INFO - Model created
2025-09-22 21:05:53,594 - model.pytorch.dcrnn_supervisor - INFO - Start training ...
2025-09-22 21:05:53,595 - model.pytorch.dcrnn_supervisor - INFO - num_batches:94
2025-09-22 21:05:56,124 - model.pytorch.dcrnn_supervisor - INFO - Total trainable parameters 24632
2025-09-22 21:05:59,703 - model.pytorch.dcrnn_supervisor - INFO - Total trainable parameters 24632
2025-09-22 21:06:02,828 - model.pytorch.dcrnn_supervisor - INFO - Total trainable parameters 24632
2025-09-22 21:19:49,143 - model.pytorch.dcrnn_supervisor - INFO - epoch complete
2025-09-22 21:19:49,159 - model.pytorch.dcrnn_supervisor - INFO - evaluating now!
2025-09-22 21:21:23,216 - model.pytorch.dcrnn_supervisor - INFO - Epoch [0/20] (94) [PGD eps=0.03, steps=2] val_mae_adv:5.7649, val_mis_adv:65.3400, val_width_adv:15.1807, val_mse_adv:87.9766, val_rmse_adv:9.3796
2025-09-22 21:24:36,486 - model.pytorch.dcrnn_supervisor - INFO - Epoch [0/20] (94) [PGD eps=0.03, steps=2] test_mae_adv:6.4311, test_mis_adv:76.2250, test_width_adv:17.1884, test_mse_adv:105.2766, test_rmse_adv:10.2604
2025-09-22 21:24:36,593 - model.pytorch.dcrnn_supervisor - INFO - Saved model at 0
2025-09-22 21:24:36,593 - model.pytorch.dcrnn_supervisor - INFO - Val loss_adv decrease from inf to 5.7649, saving to models/epo0.tar
2025-09-22 21:37:56,522 - model.pytorch.dcrnn_supervisor - INFO - epoch complete
2025-09-22 21:37:56,522 - model.pytorch.dcrnn_supervisor - INFO - evaluating now!
2025-09-22 21:39:40,889 - model.pytorch.dcrnn_supervisor - INFO - Epoch [1/20] (188) [PGD eps=0.03, steps=2] val_mae_adv:4.9502, val_mis_adv:66.3530, val_width_adv:13.8691, val_mse_adv:78.0294, val_rmse_adv:8.8334
2025-09-22 21:42:45,390 - model.pytorch.dcrnn_supervisor - INFO - Epoch [1/20] (188) [PGD eps=0.03, steps=2] test_mae_adv:5.5124, test_mis_adv:76.7062, test_width_adv:14.9666, test_mse_adv:91.0340, test_rmse_adv:9.5412
2025-09-22 21:42:45,421 - model.pytorch.dcrnn_supervisor - INFO - Saved model at 1
2025-09-22 21:42:45,421 - model.pytorch.dcrnn_supervisor - INFO - Val loss_adv decrease from 5.7649 to 4.9502, saving to models/epo1.tar
2025-09-22 21:56:09,626 - model.pytorch.dcrnn_supervisor - INFO - epoch complete
2025-09-22 21:56:09,626 - model.pytorch.dcrnn_supervisor - INFO - evaluating now!
2025-09-22 21:57:42,946 - model.pytorch.dcrnn_supervisor - INFO - Epoch [2/20] (282) [PGD eps=0.03, steps=2] val_mae_adv:4.2988, val_mis_adv:59.5168, val_width_adv:12.9143, val_mse_adv:62.7656, val_rmse_adv:7.9225
2025-09-22 22:00:58,503 - model.pytorch.dcrnn_supervisor - INFO - Epoch [2/20] (282) [PGD eps=0.03, steps=2] test_mae_adv:4.8524, test_mis_adv:70.4811, test_width_adv:13.8957, test_mse_adv:75.6379, test_rmse_adv:8.6970
2025-09-22 22:00:58,518 - model.pytorch.dcrnn_supervisor - INFO - Saved model at 2
2025-09-22 22:00:58,518 - model.pytorch.dcrnn_supervisor - INFO - Val loss_adv decrease from 4.9502 to 4.2988, saving to models/epo2.tar
2025-09-22 22:14:23,655 - model.pytorch.dcrnn_supervisor - INFO - epoch complete
2025-09-22 22:14:23,655 - model.pytorch.dcrnn_supervisor - INFO - evaluating now!
2025-09-22 22:16:06,471 - model.pytorch.dcrnn_supervisor - INFO - Epoch [3/20] (376) [PGD eps=0.03, steps=2] val_mae_adv:4.9419, val_mis_adv:70.4622, val_width_adv:10.8023, val_mse_adv:69.8728, val_rmse_adv:8.3590
2025-09-22 22:19:17,617 - model.pytorch.dcrnn_supervisor - INFO - Epoch [3/20] (376) [PGD eps=0.03, steps=2] test_mae_adv:5.4885, test_mis_adv:83.2870, test_width_adv:12.0145, test_mse_adv:83.6507, test_rmse_adv:9.1461
2025-09-22 22:32:37,688 - model.pytorch.dcrnn_supervisor - INFO - epoch complete
2025-09-22 22:32:37,688 - model.pytorch.dcrnn_supervisor - INFO - evaluating now!
2025-09-22 22:34:16,126 - model.pytorch.dcrnn_supervisor - INFO - Epoch [4/20] (470) [PGD eps=0.03, steps=2] val_mae_adv:4.5508, val_mis_adv:58.5885, val_width_adv:15.0640, val_mse_adv:69.4299, val_rmse_adv:8.3325
2025-09-22 22:37:27,940 - model.pytorch.dcrnn_supervisor - INFO - Epoch [4/20] (470) [PGD eps=0.03, steps=2] test_mae_adv:5.1179, test_mis_adv:69.1521, test_width_adv:16.1433, test_mse_adv:83.0536, test_rmse_adv:9.1134
2025-09-22 22:51:00,026 - model.pytorch.dcrnn_supervisor - INFO - epoch complete
2025-09-22 22:51:00,027 - model.pytorch.dcrnn_supervisor - INFO - evaluating now!
2025-09-22 22:52:39,031 - model.pytorch.dcrnn_supervisor - INFO - Epoch [5/20] (564) [PGD eps=0.03, steps=2] val_mae_adv:4.3823, val_mis_adv:62.9563, val_width_adv:11.0127, val_mse_adv:65.1164, val_rmse_adv:8.0695
2025-09-22 22:55:56,656 - model.pytorch.dcrnn_supervisor - INFO - Epoch [5/20] (564) [PGD eps=0.03, steps=2] test_mae_adv:4.9511, test_mis_adv:75.1213, test_width_adv:12.0605, test_mse_adv:78.8164, test_rmse_adv:8.8779
2025-09-22 23:09:07,281 - model.pytorch.dcrnn_supervisor - INFO - epoch complete
2025-09-22 23:09:07,282 - model.pytorch.dcrnn_supervisor - INFO - evaluating now!
2025-09-22 23:10:45,502 - model.pytorch.dcrnn_supervisor - INFO - Epoch [6/20] (658) [PGD eps=0.03, steps=2] val_mae_adv:4.4367, val_mis_adv:62.2805, val_width_adv:12.5288, val_mse_adv:56.1204, val_rmse_adv:7.4914
2025-09-22 23:13:52,472 - model.pytorch.dcrnn_supervisor - INFO - Epoch [6/20] (658) [PGD eps=0.03, steps=2] test_mae_adv:4.8140, test_mis_adv:70.4103, test_width_adv:13.5448, test_mse_adv:65.1283, test_rmse_adv:8.0702
2025-09-22 23:27:12,151 - model.pytorch.dcrnn_supervisor - INFO - epoch complete
2025-09-22 23:27:12,151 - model.pytorch.dcrnn_supervisor - INFO - evaluating now!
2025-09-22 23:28:42,580 - model.pytorch.dcrnn_supervisor - INFO - Epoch [7/20] (752) [PGD eps=0.03, steps=2] val_mae_adv:4.3115, val_mis_adv:62.3228, val_width_adv:11.8962, val_mse_adv:60.5332, val_rmse_adv:7.7803
2025-09-22 23:31:41,017 - model.pytorch.dcrnn_supervisor - INFO - Epoch [7/20] (752) [PGD eps=0.03, steps=2] test_mae_adv:4.7756, test_mis_adv:73.5961, test_width_adv:12.8144, test_mse_adv:72.3420, test_rmse_adv:8.5054
2025-09-22 23:44:21,007 - model.pytorch.dcrnn_supervisor - INFO - epoch complete
2025-09-22 23:44:21,007 - model.pytorch.dcrnn_supervisor - INFO - evaluating now!
2025-09-22 23:46:09,954 - model.pytorch.dcrnn_supervisor - INFO - Epoch [8/20] (846) [PGD eps=0.03, steps=2] val_mae_adv:3.9764, val_mis_adv:59.6653, val_width_adv:10.7094, val_mse_adv:57.5943, val_rmse_adv:7.5891
2025-09-22 23:49:10,680 - model.pytorch.dcrnn_supervisor - INFO - Epoch [8/20] (846) [PGD eps=0.03, steps=2] test_mae_adv:4.4793, test_mis_adv:71.0296, test_width_adv:11.7223, test_mse_adv:69.5503, test_rmse_adv:8.3397
2025-09-22 23:49:10,696 - model.pytorch.dcrnn_supervisor - INFO - Saved model at 8
2025-09-22 23:49:10,696 - model.pytorch.dcrnn_supervisor - INFO - Val loss_adv decrease from 4.2988 to 3.9764, saving to models/epo8.tar
2025-09-23 00:01:37,730 - model.pytorch.dcrnn_supervisor - INFO - epoch complete
2025-09-23 00:01:37,730 - model.pytorch.dcrnn_supervisor - INFO - evaluating now!
2025-09-23 00:03:15,289 - model.pytorch.dcrnn_supervisor - INFO - Epoch [9/20] (940) [PGD eps=0.03, steps=2] val_mae_adv:4.2857, val_mis_adv:69.9391, val_width_adv:9.0129, val_mse_adv:66.1226, val_rmse_adv:8.1316
2025-09-23 00:06:29,206 - model.pytorch.dcrnn_supervisor - INFO - Epoch [9/20] (940) [PGD eps=0.03, steps=2] test_mae_adv:4.7843, test_mis_adv:82.2130, test_width_adv:10.0547, test_mse_adv:78.4951, test_rmse_adv:8.8597
2025-09-23 00:19:37,482 - model.pytorch.dcrnn_supervisor - INFO - epoch complete
2025-09-23 00:19:37,482 - model.pytorch.dcrnn_supervisor - INFO - evaluating now!
2025-09-23 00:21:09,034 - model.pytorch.dcrnn_supervisor - INFO - Epoch [10/20] (1034) [PGD eps=0.03, steps=2] val_mae_adv:4.1048, val_mis_adv:61.7641, val_width_adv:11.4033, val_mse_adv:55.5514, val_rmse_adv:7.4533
2025-09-23 00:24:06,938 - model.pytorch.dcrnn_supervisor - INFO - Epoch [10/20] (1034) [PGD eps=0.03, steps=2] test_mae_adv:4.5029, test_mis_adv:71.3531, test_width_adv:12.3877, test_mse_adv:65.5387, test_rmse_adv:8.0956
2025-09-23 00:36:43,396 - model.pytorch.dcrnn_supervisor - INFO - epoch complete
2025-09-23 00:36:43,396 - model.pytorch.dcrnn_supervisor - INFO - evaluating now!
2025-09-23 00:38:16,051 - model.pytorch.dcrnn_supervisor - INFO - Epoch [11/20] (1128) [PGD eps=0.03, steps=2] val_mae_adv:3.8320, val_mis_adv:61.3724, val_width_adv:9.5842, val_mse_adv:56.8374, val_rmse_adv:7.5391
2025-09-23 00:41:16,141 - model.pytorch.dcrnn_supervisor - INFO - Epoch [11/20] (1128) [PGD eps=0.03, steps=2] test_mae_adv:4.3153, test_mis_adv:72.8850, test_width_adv:10.4973, test_mse_adv:68.2640, test_rmse_adv:8.2622
2025-09-23 00:41:16,157 - model.pytorch.dcrnn_supervisor - INFO - Saved model at 11
2025-09-23 00:41:16,157 - model.pytorch.dcrnn_supervisor - INFO - Val loss_adv decrease from 3.9764 to 3.8320, saving to models/epo11.tar
2025-09-23 00:54:03,148 - model.pytorch.dcrnn_supervisor - INFO - epoch complete
2025-09-23 00:54:03,184 - model.pytorch.dcrnn_supervisor - INFO - evaluating now!
2025-09-23 00:55:40,947 - model.pytorch.dcrnn_supervisor - INFO - Epoch [12/20] (1222) [PGD eps=0.03, steps=2] val_mae_adv:4.3417, val_mis_adv:62.4408, val_width_adv:12.8218, val_mse_adv:63.7298, val_rmse_adv:7.9831
2025-09-23 00:58:37,637 - model.pytorch.dcrnn_supervisor - INFO - Epoch [12/20] (1222) [PGD eps=0.03, steps=2] test_mae_adv:4.7846, test_mis_adv:72.0460, test_width_adv:13.8384, test_mse_adv:75.1259, test_rmse_adv:8.6675
2025-09-23 01:11:06,350 - model.pytorch.dcrnn_supervisor - INFO - epoch complete
2025-09-23 01:11:06,397 - model.pytorch.dcrnn_supervisor - INFO - evaluating now!
2025-09-23 01:12:37,863 - model.pytorch.dcrnn_supervisor - INFO - Epoch [13/20] (1316) [PGD eps=0.03, steps=2] val_mae_adv:4.0574, val_mis_adv:64.3293, val_width_adv:9.8327, val_mse_adv:63.9564, val_rmse_adv:7.9973
2025-09-23 01:15:39,440 - model.pytorch.dcrnn_supervisor - INFO - Epoch [13/20] (1316) [PGD eps=0.03, steps=2] test_mae_adv:4.5756, test_mis_adv:76.9838, test_width_adv:10.7312, test_mse_adv:77.1969, test_rmse_adv:8.7862
2025-09-23 01:28:29,331 - model.pytorch.dcrnn_supervisor - INFO - epoch complete
2025-09-23 01:28:29,331 - model.pytorch.dcrnn_supervisor - INFO - evaluating now!
2025-09-23 01:29:58,765 - model.pytorch.dcrnn_supervisor - INFO - Epoch [14/20] (1410) [PGD eps=0.03, steps=2] val_mae_adv:4.0383, val_mis_adv:59.8256, val_width_adv:10.5779, val_mse_adv:60.0287, val_rmse_adv:7.7478
2025-09-23 01:33:00,408 - model.pytorch.dcrnn_supervisor - INFO - Epoch [14/20] (1410) [PGD eps=0.03, steps=2] test_mae_adv:4.5289, test_mis_adv:71.1077, test_width_adv:11.4540, test_mse_adv:71.7264, test_rmse_adv:8.4691
2025-09-23 01:45:46,863 - model.pytorch.dcrnn_supervisor - INFO - epoch complete
2025-09-23 01:45:46,863 - model.pytorch.dcrnn_supervisor - INFO - evaluating now!
2025-09-23 01:47:22,647 - model.pytorch.dcrnn_supervisor - INFO - Epoch [15/20] (1504) [PGD eps=0.03, steps=2] val_mae_adv:3.8447, val_mis_adv:58.3147, val_width_adv:10.5869, val_mse_adv:54.3794, val_rmse_adv:7.3742
2025-09-23 01:50:31,597 - model.pytorch.dcrnn_supervisor - INFO - Epoch [15/20] (1504) [PGD eps=0.03, steps=2] test_mae_adv:4.2889, test_mis_adv:69.4250, test_width_adv:11.3824, test_mse_adv:65.8379, test_rmse_adv:8.1141
2025-09-23 02:03:19,875 - model.pytorch.dcrnn_supervisor - INFO - epoch complete
2025-09-23 02:03:19,875 - model.pytorch.dcrnn_supervisor - INFO - evaluating now!
2025-09-23 02:04:50,860 - model.pytorch.dcrnn_supervisor - INFO - Epoch [16/20] (1598) [PGD eps=0.03, steps=2] val_mae_adv:3.7425, val_mis_adv:58.6633, val_width_adv:10.0384, val_mse_adv:53.4885, val_rmse_adv:7.3136
2025-09-23 02:07:49,830 - model.pytorch.dcrnn_supervisor - INFO - Epoch [16/20] (1598) [PGD eps=0.03, steps=2] test_mae_adv:4.1940, test_mis_adv:68.8459, test_width_adv:10.8897, test_mse_adv:64.2346, test_rmse_adv:8.0146
2025-09-23 02:07:49,848 - model.pytorch.dcrnn_supervisor - INFO - Saved model at 16
2025-09-23 02:07:49,849 - model.pytorch.dcrnn_supervisor - INFO - Val loss_adv decrease from 3.8320 to 3.7425, saving to models/epo16.tar
2025-09-23 02:20:34,651 - model.pytorch.dcrnn_supervisor - INFO - epoch complete
2025-09-23 02:20:34,675 - model.pytorch.dcrnn_supervisor - INFO - evaluating now!
2025-09-23 02:22:04,586 - model.pytorch.dcrnn_supervisor - INFO - Epoch [17/20] (1692) [PGD eps=0.03, steps=2] val_mae_adv:4.7031, val_mis_adv:74.9541, val_width_adv:11.5958, val_mse_adv:81.3901, val_rmse_adv:9.0216
2025-09-23 02:25:07,794 - model.pytorch.dcrnn_supervisor - INFO - Epoch [17/20] (1692) [PGD eps=0.03, steps=2] test_mae_adv:5.3466, test_mis_adv:89.1777, test_width_adv:12.8020, test_mse_adv:98.2117, test_rmse_adv:9.9102
2025-09-23 02:37:41,177 - model.pytorch.dcrnn_supervisor - INFO - epoch complete
2025-09-23 02:37:41,177 - model.pytorch.dcrnn_supervisor - INFO - evaluating now!
2025-09-23 02:39:14,237 - model.pytorch.dcrnn_supervisor - INFO - Epoch [18/20] (1786) [PGD eps=0.03, steps=2] val_mae_adv:3.8023, val_mis_adv:60.2856, val_width_adv:9.6645, val_mse_adv:56.8169, val_rmse_adv:7.5377
2025-09-23 02:42:12,887 - model.pytorch.dcrnn_supervisor - INFO - Epoch [18/20] (1786) [PGD eps=0.03, steps=2] test_mae_adv:4.2668, test_mis_adv:71.1639, test_width_adv:10.6066, test_mse_adv:67.7927, test_rmse_adv:8.2336
2025-09-23 02:54:59,179 - model.pytorch.dcrnn_supervisor - INFO - epoch complete
2025-09-23 02:54:59,179 - model.pytorch.dcrnn_supervisor - INFO - evaluating now!
2025-09-23 02:56:36,523 - model.pytorch.dcrnn_supervisor - INFO - Epoch [19/20] (1880) [PGD eps=0.03, steps=2] val_mae_adv:4.5849, val_mis_adv:73.5169, val_width_adv:9.7168, val_mse_adv:66.9795, val_rmse_adv:8.1841
2025-09-23 02:59:33,843 - model.pytorch.dcrnn_supervisor - INFO - Epoch [19/20] (1880) [PGD eps=0.03, steps=2] test_mae_adv:5.0086, test_mis_adv:84.0524, test_width_adv:10.7201, test_mse_adv:78.1479, test_rmse_adv:8.8401
