2025-09-07 00:32:28,297 - model.pytorch.dcrnn_supervisor - INFO - Log directory: data/model\dcrnn_DR_2_h_12_16-16_lr_0.01_bs_256_0907003228/
2025-09-07 00:32:53,450 - model.pytorch.dcrnn_supervisor - INFO - Model created
2025-09-07 00:33:23,128 - model.pytorch.dcrnn_supervisor - INFO - Start training ...
2025-09-07 00:33:23,132 - model.pytorch.dcrnn_supervisor - INFO - num_batches:47
2025-09-07 00:33:25,750 - model.pytorch.dcrnn_supervisor - INFO - Total trainable parameters 25479
2025-09-07 00:33:28,618 - model.pytorch.dcrnn_supervisor - INFO - Total trainable parameters 25479
2025-09-07 00:37:54,624 - model.pytorch.dcrnn_supervisor - INFO - epoch complete
2025-09-07 00:37:54,624 - model.pytorch.dcrnn_supervisor - INFO - evaluating now!
2025-09-07 00:38:26,755 - model.pytorch.dcrnn_supervisor - INFO - Epoch [0/20] (47) val_mae_adv:4.7909, val_mis_adv:120.8872, val_width_adv:6.5424, val_mse_adv:87.0535, val_rmse_adv:9.3302
2025-09-07 00:39:25,911 - model.pytorch.dcrnn_supervisor - INFO - Epoch [0/20] (47) test_mae_adv:4.2703, test_mis_adv:100.8810, test_width_adv:6.5649, test_mse_adv:66.7515, test_rmse_adv:8.1702
2025-09-07 00:39:25,974 - model.pytorch.dcrnn_supervisor - INFO - Saved model at 0
2025-09-07 00:39:25,974 - model.pytorch.dcrnn_supervisor - INFO - Val loss_adv decrease from inf to 4.7909, saving to models/epo0.tar
2025-09-07 00:43:59,850 - model.pytorch.dcrnn_supervisor - INFO - epoch complete
2025-09-07 00:43:59,850 - model.pytorch.dcrnn_supervisor - INFO - evaluating now!
2025-09-07 00:44:29,197 - model.pytorch.dcrnn_supervisor - INFO - Epoch [1/20] (94) val_mae_adv:4.8246, val_mis_adv:116.5648, val_width_adv:6.4511, val_mse_adv:77.4685, val_rmse_adv:8.8016
2025-09-07 00:45:26,240 - model.pytorch.dcrnn_supervisor - INFO - Epoch [1/20] (94) test_mae_adv:4.3759, test_mis_adv:99.1045, test_width_adv:6.4801, test_mse_adv:60.0233, test_rmse_adv:7.7475
2025-09-07 00:50:01,193 - model.pytorch.dcrnn_supervisor - INFO - epoch complete
2025-09-07 00:50:01,209 - model.pytorch.dcrnn_supervisor - INFO - evaluating now!
2025-09-07 00:50:31,664 - model.pytorch.dcrnn_supervisor - INFO - Epoch [2/20] (141) val_mae_adv:4.5271, val_mis_adv:111.4048, val_width_adv:6.2603, val_mse_adv:69.6073, val_rmse_adv:8.3431
2025-09-07 00:51:32,993 - model.pytorch.dcrnn_supervisor - INFO - Epoch [2/20] (141) test_mae_adv:4.0957, test_mis_adv:95.6680, test_width_adv:6.2359, test_mse_adv:54.3925, test_rmse_adv:7.3751
2025-09-07 00:51:33,026 - model.pytorch.dcrnn_supervisor - INFO - Saved model at 2
2025-09-07 00:51:33,026 - model.pytorch.dcrnn_supervisor - INFO - Val loss_adv decrease from 4.7909 to 4.5271, saving to models/epo2.tar
2025-09-07 00:56:09,516 - model.pytorch.dcrnn_supervisor - INFO - epoch complete
2025-09-07 00:56:09,516 - model.pytorch.dcrnn_supervisor - INFO - evaluating now!
2025-09-07 00:56:38,875 - model.pytorch.dcrnn_supervisor - INFO - Epoch [3/20] (188) val_mae_adv:4.4834, val_mis_adv:111.4095, val_width_adv:6.0004, val_mse_adv:73.0572, val_rmse_adv:8.5473
2025-09-07 00:57:38,686 - model.pytorch.dcrnn_supervisor - INFO - Epoch [3/20] (188) test_mae_adv:4.0277, test_mis_adv:95.0665, test_width_adv:5.9404, test_mse_adv:57.6370, test_rmse_adv:7.5919
2025-09-07 00:57:38,702 - model.pytorch.dcrnn_supervisor - INFO - Saved model at 3
2025-09-07 00:57:38,702 - model.pytorch.dcrnn_supervisor - INFO - Val loss_adv decrease from 4.5271 to 4.4834, saving to models/epo3.tar
2025-09-07 01:02:19,982 - model.pytorch.dcrnn_supervisor - INFO - epoch complete
2025-09-07 01:02:19,982 - model.pytorch.dcrnn_supervisor - INFO - evaluating now!
2025-09-07 01:02:49,543 - model.pytorch.dcrnn_supervisor - INFO - Epoch [4/20] (235) val_mae_adv:4.6867, val_mis_adv:115.7636, val_width_adv:6.0329, val_mse_adv:64.5745, val_rmse_adv:8.0358
2025-09-07 01:03:51,652 - model.pytorch.dcrnn_supervisor - INFO - Epoch [4/20] (235) test_mae_adv:4.2787, test_mis_adv:101.5446, test_width_adv:5.9104, test_mse_adv:50.5902, test_rmse_adv:7.1127
2025-09-07 01:08:29,429 - model.pytorch.dcrnn_supervisor - INFO - epoch complete
2025-09-07 01:08:29,429 - model.pytorch.dcrnn_supervisor - INFO - evaluating now!
2025-09-07 01:08:57,490 - model.pytorch.dcrnn_supervisor - INFO - Epoch [5/20] (282) val_mae_adv:4.0823, val_mis_adv:88.0081, val_width_adv:5.6900, val_mse_adv:53.6471, val_rmse_adv:7.3244
2025-09-07 01:09:56,453 - model.pytorch.dcrnn_supervisor - INFO - Epoch [5/20] (282) test_mae_adv:3.7340, test_mis_adv:75.9876, test_width_adv:5.5453, test_mse_adv:42.4060, test_rmse_adv:6.5120
2025-09-07 01:09:56,469 - model.pytorch.dcrnn_supervisor - INFO - Saved model at 5
2025-09-07 01:09:56,469 - model.pytorch.dcrnn_supervisor - INFO - Val loss_adv decrease from 4.4834 to 4.0823, saving to models/epo5.tar
2025-09-07 01:14:44,227 - model.pytorch.dcrnn_supervisor - INFO - epoch complete
2025-09-07 01:14:44,227 - model.pytorch.dcrnn_supervisor - INFO - evaluating now!
2025-09-07 01:15:15,974 - model.pytorch.dcrnn_supervisor - INFO - Epoch [6/20] (329) val_mae_adv:5.6292, val_mis_adv:103.1990, val_width_adv:8.9759, val_mse_adv:71.6145, val_rmse_adv:8.4625
2025-09-07 01:16:16,590 - model.pytorch.dcrnn_supervisor - INFO - Epoch [6/20] (329) test_mae_adv:5.2996, test_mis_adv:94.5435, test_width_adv:8.6530, test_mse_adv:61.9040, test_rmse_adv:7.8679
2025-09-07 01:20:49,865 - model.pytorch.dcrnn_supervisor - INFO - epoch complete
2025-09-07 01:20:49,865 - model.pytorch.dcrnn_supervisor - INFO - evaluating now!
2025-09-07 01:21:21,065 - model.pytorch.dcrnn_supervisor - INFO - Epoch [7/20] (376) val_mae_adv:2.7473, val_mis_adv:50.4331, val_width_adv:5.5868, val_mse_adv:31.3562, val_rmse_adv:5.5997
2025-09-07 01:22:21,433 - model.pytorch.dcrnn_supervisor - INFO - Epoch [7/20] (376) test_mae_adv:2.4522, test_mis_adv:42.2922, test_width_adv:5.3645, test_mse_adv:24.8035, test_rmse_adv:4.9803
2025-09-07 01:22:21,449 - model.pytorch.dcrnn_supervisor - INFO - Saved model at 7
2025-09-07 01:22:21,449 - model.pytorch.dcrnn_supervisor - INFO - Val loss_adv decrease from 4.0823 to 2.7473, saving to models/epo7.tar
2025-09-07 01:26:46,422 - model.pytorch.dcrnn_supervisor - INFO - epoch complete
2025-09-07 01:26:46,422 - model.pytorch.dcrnn_supervisor - INFO - evaluating now!
2025-09-07 01:27:17,749 - model.pytorch.dcrnn_supervisor - INFO - Epoch [8/20] (423) val_mae_adv:2.8255, val_mis_adv:50.7613, val_width_adv:5.6791, val_mse_adv:28.9360, val_rmse_adv:5.3792
2025-09-07 01:28:17,897 - model.pytorch.dcrnn_supervisor - INFO - Epoch [8/20] (423) test_mae_adv:2.5477, test_mis_adv:43.1250, test_width_adv:5.4269, test_mse_adv:23.0534, test_rmse_adv:4.8014
2025-09-07 01:32:51,130 - model.pytorch.dcrnn_supervisor - INFO - epoch complete
2025-09-07 01:32:51,130 - model.pytorch.dcrnn_supervisor - INFO - evaluating now!
2025-09-07 01:33:23,230 - model.pytorch.dcrnn_supervisor - INFO - Epoch [9/20] (470) val_mae_adv:2.8050, val_mis_adv:51.2148, val_width_adv:5.3015, val_mse_adv:29.8124, val_rmse_adv:5.4601
2025-09-07 01:34:22,943 - model.pytorch.dcrnn_supervisor - INFO - Epoch [9/20] (470) test_mae_adv:2.5446, test_mis_adv:43.6301, test_width_adv:5.1000, test_mse_adv:23.8888, test_rmse_adv:4.8876
2025-09-07 01:38:53,032 - model.pytorch.dcrnn_supervisor - INFO - epoch complete
2025-09-07 01:38:53,032 - model.pytorch.dcrnn_supervisor - INFO - evaluating now!
2025-09-07 01:39:24,012 - model.pytorch.dcrnn_supervisor - INFO - Epoch [10/20] (517) val_mae_adv:2.8631, val_mis_adv:53.5778, val_width_adv:5.3070, val_mse_adv:28.2190, val_rmse_adv:5.3122
2025-09-07 01:40:25,236 - model.pytorch.dcrnn_supervisor - INFO - Epoch [10/20] (517) test_mae_adv:2.6112, test_mis_adv:46.3670, test_width_adv:5.0773, test_mse_adv:22.7046, test_rmse_adv:4.7649
2025-09-07 01:45:01,316 - model.pytorch.dcrnn_supervisor - INFO - epoch complete
2025-09-07 01:45:01,316 - model.pytorch.dcrnn_supervisor - INFO - evaluating now!
2025-09-07 01:45:30,350 - model.pytorch.dcrnn_supervisor - INFO - Epoch [11/20] (564) val_mae_adv:2.4962, val_mis_adv:48.0627, val_width_adv:5.0687, val_mse_adv:26.1821, val_rmse_adv:5.1168
2025-09-07 01:46:29,074 - model.pytorch.dcrnn_supervisor - INFO - Epoch [11/20] (564) test_mae_adv:2.2363, test_mis_adv:40.5870, test_width_adv:4.8554, test_mse_adv:20.8450, test_rmse_adv:4.5656
2025-09-07 01:46:29,089 - model.pytorch.dcrnn_supervisor - INFO - Saved model at 11
2025-09-07 01:46:29,089 - model.pytorch.dcrnn_supervisor - INFO - Val loss_adv decrease from 2.7473 to 2.4962, saving to models/epo11.tar
2025-09-07 01:51:02,759 - model.pytorch.dcrnn_supervisor - INFO - epoch complete
2025-09-07 01:51:02,759 - model.pytorch.dcrnn_supervisor - INFO - evaluating now!
2025-09-07 01:51:33,431 - model.pytorch.dcrnn_supervisor - INFO - Epoch [12/20] (611) val_mae_adv:2.6779, val_mis_adv:51.9176, val_width_adv:5.0202, val_mse_adv:26.4363, val_rmse_adv:5.1416
2025-09-07 01:52:34,022 - model.pytorch.dcrnn_supervisor - INFO - Epoch [12/20] (611) test_mae_adv:2.4259, test_mis_adv:44.4415, test_width_adv:4.8151, test_mse_adv:21.2141, test_rmse_adv:4.6059
2025-09-07 01:57:07,611 - model.pytorch.dcrnn_supervisor - INFO - epoch complete
2025-09-07 01:57:07,611 - model.pytorch.dcrnn_supervisor - INFO - evaluating now!
2025-09-07 01:57:37,178 - model.pytorch.dcrnn_supervisor - INFO - Epoch [13/20] (658) val_mae_adv:2.3578, val_mis_adv:48.2295, val_width_adv:4.6071, val_mse_adv:25.6784, val_rmse_adv:5.0674
2025-09-07 01:58:37,239 - model.pytorch.dcrnn_supervisor - INFO - Epoch [13/20] (658) test_mae_adv:2.0985, test_mis_adv:40.8364, test_width_adv:4.4001, test_mse_adv:20.4449, test_rmse_adv:4.5216
2025-09-07 01:58:37,255 - model.pytorch.dcrnn_supervisor - INFO - Saved model at 13
2025-09-07 01:58:37,271 - model.pytorch.dcrnn_supervisor - INFO - Val loss_adv decrease from 2.4962 to 2.3578, saving to models/epo13.tar
2025-09-07 02:03:10,556 - model.pytorch.dcrnn_supervisor - INFO - epoch complete
2025-09-07 02:03:10,556 - model.pytorch.dcrnn_supervisor - INFO - evaluating now!
2025-09-07 02:03:39,413 - model.pytorch.dcrnn_supervisor - INFO - Epoch [14/20] (705) val_mae_adv:2.5615, val_mis_adv:51.6051, val_width_adv:4.4808, val_mse_adv:26.8993, val_rmse_adv:5.1865
2025-09-07 02:04:39,701 - model.pytorch.dcrnn_supervisor - INFO - Epoch [14/20] (705) test_mae_adv:2.3148, test_mis_adv:44.3941, test_width_adv:4.2931, test_mse_adv:21.6681, test_rmse_adv:4.6549
2025-09-07 02:09:13,529 - model.pytorch.dcrnn_supervisor - INFO - epoch complete
2025-09-07 02:09:13,529 - model.pytorch.dcrnn_supervisor - INFO - evaluating now!
2025-09-07 02:09:41,915 - model.pytorch.dcrnn_supervisor - INFO - Epoch [15/20] (752) val_mae_adv:2.4454, val_mis_adv:48.4159, val_width_adv:4.7462, val_mse_adv:26.4395, val_rmse_adv:5.1419
2025-09-07 02:10:48,035 - model.pytorch.dcrnn_supervisor - INFO - Epoch [15/20] (752) test_mae_adv:2.1962, test_mis_adv:41.2761, test_width_adv:4.5393, test_mse_adv:21.1853, test_rmse_adv:4.6027
2025-09-07 02:15:25,846 - model.pytorch.dcrnn_supervisor - INFO - epoch complete
2025-09-07 02:15:25,846 - model.pytorch.dcrnn_supervisor - INFO - evaluating now!
2025-09-07 02:15:53,729 - model.pytorch.dcrnn_supervisor - INFO - Epoch [16/20] (799) val_mae_adv:2.5114, val_mis_adv:53.7760, val_width_adv:4.2555, val_mse_adv:25.4654, val_rmse_adv:5.0463
2025-09-07 02:16:52,614 - model.pytorch.dcrnn_supervisor - INFO - Epoch [16/20] (799) test_mae_adv:2.2754, test_mis_adv:46.8319, test_width_adv:4.0466, test_mse_adv:20.5210, test_rmse_adv:4.5300
2025-09-07 02:21:28,702 - model.pytorch.dcrnn_supervisor - INFO - epoch complete
2025-09-07 02:21:28,702 - model.pytorch.dcrnn_supervisor - INFO - evaluating now!
2025-09-07 02:21:57,304 - model.pytorch.dcrnn_supervisor - INFO - Epoch [17/20] (846) val_mae_adv:2.3908, val_mis_adv:48.1233, val_width_adv:4.6244, val_mse_adv:27.2009, val_rmse_adv:5.2154
2025-09-07 02:22:57,014 - model.pytorch.dcrnn_supervisor - INFO - Epoch [17/20] (846) test_mae_adv:2.1356, test_mis_adv:41.1119, test_width_adv:4.4052, test_mse_adv:21.8291, test_rmse_adv:4.6722
2025-09-07 02:27:27,660 - model.pytorch.dcrnn_supervisor - INFO - epoch complete
2025-09-07 02:27:27,660 - model.pytorch.dcrnn_supervisor - INFO - evaluating now!
2025-09-07 02:27:56,687 - model.pytorch.dcrnn_supervisor - INFO - Epoch [18/20] (893) val_mae_adv:2.3527, val_mis_adv:54.4051, val_width_adv:3.8124, val_mse_adv:25.3341, val_rmse_adv:5.0333
2025-09-07 02:28:55,921 - model.pytorch.dcrnn_supervisor - INFO - Epoch [18/20] (893) test_mae_adv:2.1006, test_mis_adv:46.9168, test_width_adv:3.6394, test_mse_adv:20.3232, test_rmse_adv:4.5081
2025-09-07 02:28:55,932 - model.pytorch.dcrnn_supervisor - INFO - Saved model at 18
2025-09-07 02:28:55,932 - model.pytorch.dcrnn_supervisor - INFO - Val loss_adv decrease from 2.3578 to 2.3527, saving to models/epo18.tar
2025-09-07 02:33:26,924 - model.pytorch.dcrnn_supervisor - INFO - epoch complete
2025-09-07 02:33:26,940 - model.pytorch.dcrnn_supervisor - INFO - evaluating now!
2025-09-07 02:33:54,764 - model.pytorch.dcrnn_supervisor - INFO - Epoch [19/20] (940) val_mae_adv:2.3133, val_mis_adv:50.5814, val_width_adv:3.8565, val_mse_adv:24.9115, val_rmse_adv:4.9911
2025-09-07 02:34:54,579 - model.pytorch.dcrnn_supervisor - INFO - Epoch [19/20] (940) test_mae_adv:2.0684, test_mis_adv:43.4688, test_width_adv:3.6581, test_mse_adv:19.9906, test_rmse_adv:4.4711
2025-09-07 02:34:54,595 - model.pytorch.dcrnn_supervisor - INFO - Saved model at 19
2025-09-07 02:34:54,595 - model.pytorch.dcrnn_supervisor - INFO - Val loss_adv decrease from 2.3527 to 2.3133, saving to models/epo19.tar
