2025-09-07 23:11:37,429 - model.pytorch.dcrnn_supervisor - INFO - Log directory: data/model\dcrnn_DR_2_h_12_16-16_lr_0.01_bs_256_0907231137/
2025-09-07 23:12:03,062 - model.pytorch.dcrnn_supervisor - INFO - Model created
2025-09-07 23:12:31,263 - model.pytorch.dcrnn_supervisor - INFO - Start training ...
2025-09-07 23:12:31,263 - model.pytorch.dcrnn_supervisor - INFO - num_batches:47
2025-09-07 23:12:33,759 - model.pytorch.dcrnn_supervisor - INFO - Total trainable parameters 26641
2025-09-07 23:12:39,240 - model.pytorch.dcrnn_supervisor - INFO - Total trainable parameters 26641
2025-09-07 23:12:42,086 - model.pytorch.dcrnn_supervisor - INFO - Total trainable parameters 26641
2025-09-07 23:19:48,478 - model.pytorch.dcrnn_supervisor - INFO - epoch complete
2025-09-07 23:19:48,478 - model.pytorch.dcrnn_supervisor - INFO - evaluating now!
2025-09-07 23:20:43,043 - model.pytorch.dcrnn_supervisor - INFO - Epoch [0/20] (47) val_mae_adv:4.7363, val_mis_adv:68.1783, val_width_adv:23.8598, val_mse_adv:88.9186, val_rmse_adv:9.4297
2025-09-07 23:22:29,038 - model.pytorch.dcrnn_supervisor - INFO - Epoch [0/20] (47) test_mae_adv:4.1852, test_mis_adv:57.0864, test_width_adv:23.7750, test_mse_adv:68.1860, test_rmse_adv:8.2575
2025-09-07 23:22:29,147 - model.pytorch.dcrnn_supervisor - INFO - Saved model at 0
2025-09-07 23:22:29,147 - model.pytorch.dcrnn_supervisor - INFO - Val loss_adv decrease from inf to 4.7363, saving to models/epo0.tar
2025-09-07 23:29:40,675 - model.pytorch.dcrnn_supervisor - INFO - epoch complete
2025-09-07 23:29:40,675 - model.pytorch.dcrnn_supervisor - INFO - evaluating now!
2025-09-07 23:30:35,487 - model.pytorch.dcrnn_supervisor - INFO - Epoch [1/20] (94) val_mae_adv:4.3420, val_mis_adv:49.9101, val_width_adv:30.4692, val_mse_adv:74.0385, val_rmse_adv:8.6046
2025-09-07 23:32:21,481 - model.pytorch.dcrnn_supervisor - INFO - Epoch [1/20] (94) test_mae_adv:3.8652, test_mis_adv:44.3442, test_width_adv:29.5485, test_mse_adv:56.8107, test_rmse_adv:7.5373
2025-09-07 23:32:21,513 - model.pytorch.dcrnn_supervisor - INFO - Saved model at 1
2025-09-07 23:32:21,513 - model.pytorch.dcrnn_supervisor - INFO - Val loss_adv decrease from 4.7363 to 4.3420, saving to models/epo1.tar
2025-09-07 23:39:32,846 - model.pytorch.dcrnn_supervisor - INFO - epoch complete
2025-09-07 23:39:32,846 - model.pytorch.dcrnn_supervisor - INFO - evaluating now!
2025-09-07 23:40:28,529 - model.pytorch.dcrnn_supervisor - INFO - Epoch [2/20] (141) val_mae_adv:4.7842, val_mis_adv:54.0494, val_width_adv:16.9171, val_mse_adv:77.1769, val_rmse_adv:8.7850
2025-09-07 23:42:15,992 - model.pytorch.dcrnn_supervisor - INFO - Epoch [2/20] (141) test_mae_adv:4.3189, test_mis_adv:45.6307, test_width_adv:16.1696, test_mse_adv:60.6909, test_rmse_adv:7.7904
2025-09-07 23:49:30,919 - model.pytorch.dcrnn_supervisor - INFO - epoch complete
2025-09-07 23:49:30,919 - model.pytorch.dcrnn_supervisor - INFO - evaluating now!
2025-09-07 23:50:27,715 - model.pytorch.dcrnn_supervisor - INFO - Epoch [3/20] (188) val_mae_adv:4.2812, val_mis_adv:45.8572, val_width_adv:16.9907, val_mse_adv:64.1721, val_rmse_adv:8.0108
2025-09-07 23:52:14,377 - model.pytorch.dcrnn_supervisor - INFO - Epoch [3/20] (188) test_mae_adv:3.7971, test_mis_adv:38.3820, test_width_adv:16.3386, test_mse_adv:49.1925, test_rmse_adv:7.0137
2025-09-07 23:52:14,392 - model.pytorch.dcrnn_supervisor - INFO - Saved model at 3
2025-09-07 23:52:14,392 - model.pytorch.dcrnn_supervisor - INFO - Val loss_adv decrease from 4.3420 to 4.2812, saving to models/epo3.tar
2025-09-07 23:59:33,973 - model.pytorch.dcrnn_supervisor - INFO - epoch complete
2025-09-07 23:59:33,973 - model.pytorch.dcrnn_supervisor - INFO - evaluating now!
2025-09-08 00:00:25,488 - model.pytorch.dcrnn_supervisor - INFO - Epoch [4/20] (235) val_mae_adv:3.1426, val_mis_adv:34.3518, val_width_adv:17.1575, val_mse_adv:40.3867, val_rmse_adv:6.3551
2025-09-08 00:02:09,363 - model.pytorch.dcrnn_supervisor - INFO - Epoch [4/20] (235) test_mae_adv:2.7492, test_mis_adv:29.2547, test_width_adv:15.8548, test_mse_adv:30.4295, test_rmse_adv:5.5163
2025-09-08 00:02:09,379 - model.pytorch.dcrnn_supervisor - INFO - Saved model at 4
2025-09-08 00:02:09,379 - model.pytorch.dcrnn_supervisor - INFO - Val loss_adv decrease from 4.2812 to 3.1426, saving to models/epo4.tar
2025-09-08 00:09:29,562 - model.pytorch.dcrnn_supervisor - INFO - epoch complete
2025-09-08 00:09:29,562 - model.pytorch.dcrnn_supervisor - INFO - evaluating now!
2025-09-08 00:10:32,398 - model.pytorch.dcrnn_supervisor - INFO - Epoch [5/20] (282) val_mae_adv:2.8774, val_mis_adv:32.4838, val_width_adv:17.5422, val_mse_adv:39.6516, val_rmse_adv:6.2970
2025-09-08 00:12:23,020 - model.pytorch.dcrnn_supervisor - INFO - Epoch [5/20] (282) test_mae_adv:2.4771, test_mis_adv:27.6614, test_width_adv:16.4218, test_mse_adv:29.3444, test_rmse_adv:5.4170
2025-09-08 00:12:23,052 - model.pytorch.dcrnn_supervisor - INFO - Saved model at 5
2025-09-08 00:12:23,052 - model.pytorch.dcrnn_supervisor - INFO - Val loss_adv decrease from 3.1426 to 2.8774, saving to models/epo5.tar
2025-09-08 00:19:32,721 - model.pytorch.dcrnn_supervisor - INFO - epoch complete
2025-09-08 00:19:32,721 - model.pytorch.dcrnn_supervisor - INFO - evaluating now!
2025-09-08 00:20:25,065 - model.pytorch.dcrnn_supervisor - INFO - Epoch [6/20] (329) val_mae_adv:2.7600, val_mis_adv:31.3320, val_width_adv:15.7171, val_mse_adv:33.3640, val_rmse_adv:5.7762
2025-09-08 00:22:05,810 - model.pytorch.dcrnn_supervisor - INFO - Epoch [6/20] (329) test_mae_adv:2.4062, test_mis_adv:26.6063, test_width_adv:14.2356, test_mse_adv:25.1606, test_rmse_adv:5.0160
2025-09-08 00:22:05,826 - model.pytorch.dcrnn_supervisor - INFO - Saved model at 6
2025-09-08 00:22:05,826 - model.pytorch.dcrnn_supervisor - INFO - Val loss_adv decrease from 2.8774 to 2.7600, saving to models/epo6.tar
2025-09-08 00:29:30,501 - model.pytorch.dcrnn_supervisor - INFO - epoch complete
2025-09-08 00:29:30,517 - model.pytorch.dcrnn_supervisor - INFO - evaluating now!
2025-09-08 00:30:31,662 - model.pytorch.dcrnn_supervisor - INFO - Epoch [7/20] (376) val_mae_adv:3.1391, val_mis_adv:30.6791, val_width_adv:18.2807, val_mse_adv:37.7527, val_rmse_adv:6.1443
2025-09-08 00:32:21,873 - model.pytorch.dcrnn_supervisor - INFO - Epoch [7/20] (376) test_mae_adv:2.7724, test_mis_adv:26.7555, test_width_adv:16.8417, test_mse_adv:28.6429, test_rmse_adv:5.3519
2025-09-08 00:39:45,170 - model.pytorch.dcrnn_supervisor - INFO - epoch complete
2025-09-08 00:39:45,170 - model.pytorch.dcrnn_supervisor - INFO - evaluating now!
2025-09-08 00:40:44,311 - model.pytorch.dcrnn_supervisor - INFO - Epoch [8/20] (423) val_mae_adv:2.8066, val_mis_adv:31.5499, val_width_adv:23.5514, val_mse_adv:30.0908, val_rmse_adv:5.4855
2025-09-08 00:42:40,370 - model.pytorch.dcrnn_supervisor - INFO - Epoch [8/20] (423) test_mae_adv:2.4902, test_mis_adv:27.6157, test_width_adv:21.4639, test_mse_adv:22.8361, test_rmse_adv:4.7787
2025-09-08 00:50:13,690 - model.pytorch.dcrnn_supervisor - INFO - epoch complete
2025-09-08 00:50:13,690 - model.pytorch.dcrnn_supervisor - INFO - evaluating now!
2025-09-08 00:51:07,808 - model.pytorch.dcrnn_supervisor - INFO - Epoch [9/20] (470) val_mae_adv:2.4235, val_mis_adv:33.6766, val_width_adv:25.2520, val_mse_adv:26.4932, val_rmse_adv:5.1472
2025-09-08 00:52:58,984 - model.pytorch.dcrnn_supervisor - INFO - Epoch [9/20] (470) test_mae_adv:2.1300, test_mis_adv:28.9440, test_width_adv:22.3686, test_mse_adv:20.5552, test_rmse_adv:4.5338
2025-09-08 00:52:59,016 - model.pytorch.dcrnn_supervisor - INFO - Saved model at 9
2025-09-08 00:52:59,016 - model.pytorch.dcrnn_supervisor - INFO - Val loss_adv decrease from 2.7600 to 2.4235, saving to models/epo9.tar
2025-09-08 01:00:34,333 - model.pytorch.dcrnn_supervisor - INFO - epoch complete
2025-09-08 01:00:34,333 - model.pytorch.dcrnn_supervisor - INFO - evaluating now!
2025-09-08 01:01:28,808 - model.pytorch.dcrnn_supervisor - INFO - Epoch [10/20] (517) val_mae_adv:2.5520, val_mis_adv:34.1999, val_width_adv:25.5666, val_mse_adv:26.3732, val_rmse_adv:5.1355
2025-09-08 01:03:17,912 - model.pytorch.dcrnn_supervisor - INFO - Epoch [10/20] (517) test_mae_adv:2.2746, test_mis_adv:29.1823, test_width_adv:22.4615, test_mse_adv:20.6198, test_rmse_adv:4.5409
2025-09-08 01:10:52,204 - model.pytorch.dcrnn_supervisor - INFO - epoch complete
2025-09-08 01:10:52,204 - model.pytorch.dcrnn_supervisor - INFO - evaluating now!
2025-09-08 01:11:46,588 - model.pytorch.dcrnn_supervisor - INFO - Epoch [11/20] (564) val_mae_adv:2.6916, val_mis_adv:37.9580, val_width_adv:31.3860, val_mse_adv:27.0924, val_rmse_adv:5.2050
2025-09-08 01:13:42,488 - model.pytorch.dcrnn_supervisor - INFO - Epoch [11/20] (564) test_mae_adv:2.4154, test_mis_adv:32.6348, test_width_adv:27.6068, test_mse_adv:21.1753, test_rmse_adv:4.6017
2025-09-08 01:21:17,872 - model.pytorch.dcrnn_supervisor - INFO - epoch complete
2025-09-08 01:21:17,872 - model.pytorch.dcrnn_supervisor - INFO - evaluating now!
2025-09-08 01:22:16,272 - model.pytorch.dcrnn_supervisor - INFO - Epoch [12/20] (611) val_mae_adv:2.5093, val_mis_adv:33.7472, val_width_adv:25.0887, val_mse_adv:27.8536, val_rmse_adv:5.2776
2025-09-08 01:24:01,641 - model.pytorch.dcrnn_supervisor - INFO - Epoch [12/20] (611) test_mae_adv:2.2045, test_mis_adv:28.9003, test_width_adv:22.0744, test_mse_adv:21.3769, test_rmse_adv:4.6235
2025-09-08 01:31:25,896 - model.pytorch.dcrnn_supervisor - INFO - epoch complete
2025-09-08 01:31:25,896 - model.pytorch.dcrnn_supervisor - INFO - evaluating now!
2025-09-08 01:32:18,173 - model.pytorch.dcrnn_supervisor - INFO - Epoch [13/20] (658) val_mae_adv:2.4442, val_mis_adv:35.5400, val_width_adv:28.8868, val_mse_adv:25.1588, val_rmse_adv:5.0159
2025-09-08 01:34:07,590 - model.pytorch.dcrnn_supervisor - INFO - Epoch [13/20] (658) test_mae_adv:2.1764, test_mis_adv:30.6538, test_width_adv:25.6097, test_mse_adv:19.7860, test_rmse_adv:4.4481
2025-09-08 01:41:39,968 - model.pytorch.dcrnn_supervisor - INFO - epoch complete
2025-09-08 01:41:39,968 - model.pytorch.dcrnn_supervisor - INFO - evaluating now!
2025-09-08 01:42:34,165 - model.pytorch.dcrnn_supervisor - INFO - Epoch [14/20] (705) val_mae_adv:2.7881, val_mis_adv:40.6967, val_width_adv:35.5432, val_mse_adv:26.4896, val_rmse_adv:5.1468
2025-09-08 01:44:32,357 - model.pytorch.dcrnn_supervisor - INFO - Epoch [14/20] (705) test_mae_adv:2.5370, test_mis_adv:35.2129, test_width_adv:31.3848, test_mse_adv:21.1549, test_rmse_adv:4.5994
2025-09-08 01:51:44,661 - model.pytorch.dcrnn_supervisor - INFO - epoch complete
2025-09-08 01:51:44,661 - model.pytorch.dcrnn_supervisor - INFO - evaluating now!
2025-09-08 01:52:38,976 - model.pytorch.dcrnn_supervisor - INFO - Epoch [15/20] (752) val_mae_adv:2.4924, val_mis_adv:33.9239, val_width_adv:26.7298, val_mse_adv:27.6360, val_rmse_adv:5.2570
2025-09-08 01:54:28,834 - model.pytorch.dcrnn_supervisor - INFO - Epoch [15/20] (752) test_mae_adv:2.1808, test_mis_adv:29.0267, test_width_adv:23.4799, test_mse_adv:21.1901, test_rmse_adv:4.6033
2025-09-08 02:01:53,128 - model.pytorch.dcrnn_supervisor - INFO - epoch complete
2025-09-08 02:01:53,128 - model.pytorch.dcrnn_supervisor - INFO - evaluating now!
2025-09-08 02:02:44,399 - model.pytorch.dcrnn_supervisor - INFO - Epoch [16/20] (799) val_mae_adv:2.6887, val_mis_adv:33.5953, val_width_adv:27.4713, val_mse_adv:25.1038, val_rmse_adv:5.0104
2025-09-08 02:04:33,542 - model.pytorch.dcrnn_supervisor - INFO - Epoch [16/20] (799) test_mae_adv:2.4392, test_mis_adv:28.8913, test_width_adv:24.2594, test_mse_adv:19.9344, test_rmse_adv:4.4648
2025-09-08 02:11:58,896 - model.pytorch.dcrnn_supervisor - INFO - epoch complete
2025-09-08 02:11:58,896 - model.pytorch.dcrnn_supervisor - INFO - evaluating now!
2025-09-08 02:12:54,245 - model.pytorch.dcrnn_supervisor - INFO - Epoch [17/20] (846) val_mae_adv:2.4545, val_mis_adv:36.3639, val_width_adv:30.8235, val_mse_adv:24.6149, val_rmse_adv:4.9613
2025-09-08 02:14:45,420 - model.pytorch.dcrnn_supervisor - INFO - Epoch [17/20] (846) test_mae_adv:2.1936, test_mis_adv:31.3104, test_width_adv:27.1320, test_mse_adv:19.3732, test_rmse_adv:4.4015
2025-09-08 02:22:02,845 - model.pytorch.dcrnn_supervisor - INFO - epoch complete
2025-09-08 02:22:02,845 - model.pytorch.dcrnn_supervisor - INFO - evaluating now!
2025-09-08 02:22:55,943 - model.pytorch.dcrnn_supervisor - INFO - Epoch [18/20] (893) val_mae_adv:2.6543, val_mis_adv:37.4399, val_width_adv:32.4697, val_mse_adv:25.0900, val_rmse_adv:5.0090
2025-09-08 02:24:41,163 - model.pytorch.dcrnn_supervisor - INFO - Epoch [18/20] (893) test_mae_adv:2.4236, test_mis_adv:32.5322, test_width_adv:28.8254, test_mse_adv:20.1799, test_rmse_adv:4.4922
2025-09-08 02:31:59,274 - model.pytorch.dcrnn_supervisor - INFO - epoch complete
2025-09-08 02:31:59,274 - model.pytorch.dcrnn_supervisor - INFO - evaluating now!
2025-09-08 02:32:50,947 - model.pytorch.dcrnn_supervisor - INFO - Epoch [19/20] (940) val_mae_adv:2.6661, val_mis_adv:30.7805, val_width_adv:25.1412, val_mse_adv:25.2453, val_rmse_adv:5.0245
2025-09-08 02:34:35,789 - model.pytorch.dcrnn_supervisor - INFO - Epoch [19/20] (940) test_mae_adv:2.4329, test_mis_adv:26.9002, test_width_adv:22.6497, test_mse_adv:20.3468, test_rmse_adv:4.5107
