2025-08-12 21:32:20,508 - model.pytorch.dcrnn_supervisor - INFO - Log directory: data/model\dcrnn_DR_2_h_12_16-16_lr_0.01_bs_256_0812213220/
2025-08-12 21:32:43,811 - model.pytorch.dcrnn_supervisor - INFO - Model created
2025-08-12 21:33:02,721 - model.pytorch.dcrnn_supervisor - INFO - Start training ...
2025-08-12 21:33:02,721 - model.pytorch.dcrnn_supervisor - INFO - num_batches:47
2025-08-12 21:33:04,878 - model.pytorch.dcrnn_supervisor - INFO - Total trainable parameters 25479
2025-08-12 21:35:06,338 - model.pytorch.dcrnn_supervisor - INFO - epoch complete
2025-08-12 21:35:06,343 - model.pytorch.dcrnn_supervisor - INFO - evaluating now!
2025-08-12 21:35:33,249 - model.pytorch.dcrnn_supervisor - INFO - Epoch [0/20] (47) val_mae_adv:4.7029, val_mis_adv:107.6833, val_width_adv:8.3182, val_mse_adv:84.6380, val_rmse_adv:9.1999
2025-08-12 21:36:29,216 - model.pytorch.dcrnn_supervisor - INFO - Epoch [0/20] (47) test_mae_adv:4.2060, test_mis_adv:89.3328, test_width_adv:8.3608, test_mse_adv:65.0173, test_rmse_adv:8.0633
2025-08-12 21:36:29,296 - model.pytorch.dcrnn_supervisor - INFO - Saved model at 0
2025-08-12 21:36:29,312 - model.pytorch.dcrnn_supervisor - INFO - Val loss_adv decrease from inf to 4.7029, saving to models/epo0.tar
2025-08-12 21:38:34,840 - model.pytorch.dcrnn_supervisor - INFO - epoch complete
2025-08-12 21:38:34,840 - model.pytorch.dcrnn_supervisor - INFO - evaluating now!
2025-08-12 21:39:01,055 - model.pytorch.dcrnn_supervisor - INFO - Epoch [1/20] (94) val_mae_adv:4.8449, val_mis_adv:112.1611, val_width_adv:7.1767, val_mse_adv:72.0592, val_rmse_adv:8.4888
2025-08-12 21:39:55,369 - model.pytorch.dcrnn_supervisor - INFO - Epoch [1/20] (94) test_mae_adv:4.4649, test_mis_adv:98.0977, test_width_adv:7.1625, test_mse_adv:57.0405, test_rmse_adv:7.5525
2025-08-12 21:41:55,422 - model.pytorch.dcrnn_supervisor - INFO - epoch complete
2025-08-12 21:41:55,437 - model.pytorch.dcrnn_supervisor - INFO - evaluating now!
2025-08-12 21:42:23,009 - model.pytorch.dcrnn_supervisor - INFO - Epoch [2/20] (141) val_mae_adv:4.9983, val_mis_adv:114.7009, val_width_adv:7.0291, val_mse_adv:65.1702, val_rmse_adv:8.0728
2025-08-12 21:43:16,499 - model.pytorch.dcrnn_supervisor - INFO - Epoch [2/20] (141) test_mae_adv:4.6232, test_mis_adv:102.1248, test_width_adv:6.9164, test_mse_adv:53.3330, test_rmse_adv:7.3029
2025-08-12 21:45:19,014 - model.pytorch.dcrnn_supervisor - INFO - epoch complete
2025-08-12 21:45:19,014 - model.pytorch.dcrnn_supervisor - INFO - evaluating now!
2025-08-12 21:45:45,058 - model.pytorch.dcrnn_supervisor - INFO - Epoch [3/20] (188) val_mae_adv:4.1853, val_mis_adv:99.5003, val_width_adv:5.8998, val_mse_adv:59.7634, val_rmse_adv:7.7307
2025-08-12 21:46:42,760 - model.pytorch.dcrnn_supervisor - INFO - Epoch [3/20] (188) test_mae_adv:3.7321, test_mis_adv:84.6686, test_width_adv:5.7613, test_mse_adv:46.7127, test_rmse_adv:6.8347
2025-08-12 21:46:42,776 - model.pytorch.dcrnn_supervisor - INFO - Saved model at 3
2025-08-12 21:46:42,776 - model.pytorch.dcrnn_supervisor - INFO - Val loss_adv decrease from 4.7029 to 4.1853, saving to models/epo3.tar
2025-08-12 21:48:45,245 - model.pytorch.dcrnn_supervisor - INFO - epoch complete
2025-08-12 21:48:45,260 - model.pytorch.dcrnn_supervisor - INFO - evaluating now!
2025-08-12 21:49:11,742 - model.pytorch.dcrnn_supervisor - INFO - Epoch [4/20] (235) val_mae_adv:3.5659, val_mis_adv:68.8092, val_width_adv:6.2310, val_mse_adv:39.2280, val_rmse_adv:6.2632
2025-08-12 21:50:04,922 - model.pytorch.dcrnn_supervisor - INFO - Epoch [4/20] (235) test_mae_adv:3.2299, test_mis_adv:58.5276, test_width_adv:6.0208, test_mse_adv:30.9235, test_rmse_adv:5.5609
2025-08-12 21:50:04,938 - model.pytorch.dcrnn_supervisor - INFO - Saved model at 4
2025-08-12 21:50:04,938 - model.pytorch.dcrnn_supervisor - INFO - Val loss_adv decrease from 4.1853 to 3.5659, saving to models/epo4.tar
2025-08-12 21:52:06,485 - model.pytorch.dcrnn_supervisor - INFO - epoch complete
2025-08-12 21:52:06,489 - model.pytorch.dcrnn_supervisor - INFO - evaluating now!
2025-08-12 21:52:33,256 - model.pytorch.dcrnn_supervisor - INFO - Epoch [5/20] (282) val_mae_adv:5.2570, val_mis_adv:109.3120, val_width_adv:8.2125, val_mse_adv:55.4338, val_rmse_adv:7.4454
2025-08-12 21:53:26,346 - model.pytorch.dcrnn_supervisor - INFO - Epoch [5/20] (282) test_mae_adv:4.9511, test_mis_adv:101.7736, test_width_adv:7.9057, test_mse_adv:46.9952, test_rmse_adv:6.8553
2025-08-12 21:55:28,253 - model.pytorch.dcrnn_supervisor - INFO - epoch complete
2025-08-12 21:55:28,253 - model.pytorch.dcrnn_supervisor - INFO - evaluating now!
2025-08-12 21:55:54,243 - model.pytorch.dcrnn_supervisor - INFO - Epoch [6/20] (329) val_mae_adv:2.9757, val_mis_adv:55.4439, val_width_adv:5.7902, val_mse_adv:34.3106, val_rmse_adv:5.8575
2025-08-12 21:56:50,991 - model.pytorch.dcrnn_supervisor - INFO - Epoch [6/20] (329) test_mae_adv:2.6565, test_mis_adv:46.1925, test_width_adv:5.5960, test_mse_adv:26.8468, test_rmse_adv:5.1814
2025-08-12 21:56:51,006 - model.pytorch.dcrnn_supervisor - INFO - Saved model at 6
2025-08-12 21:56:51,006 - model.pytorch.dcrnn_supervisor - INFO - Val loss_adv decrease from 3.5659 to 2.9757, saving to models/epo6.tar
2025-08-12 21:58:52,993 - model.pytorch.dcrnn_supervisor - INFO - epoch complete
2025-08-12 21:58:52,993 - model.pytorch.dcrnn_supervisor - INFO - evaluating now!
2025-08-12 21:59:20,718 - model.pytorch.dcrnn_supervisor - INFO - Epoch [7/20] (376) val_mae_adv:2.6117, val_mis_adv:49.5072, val_width_adv:5.4564, val_mse_adv:29.3533, val_rmse_adv:5.4179
2025-08-12 22:00:13,871 - model.pytorch.dcrnn_supervisor - INFO - Epoch [7/20] (376) test_mae_adv:2.3030, test_mis_adv:40.9604, test_width_adv:5.2502, test_mse_adv:22.8888, test_rmse_adv:4.7842
2025-08-12 22:00:13,903 - model.pytorch.dcrnn_supervisor - INFO - Saved model at 7
2025-08-12 22:00:13,903 - model.pytorch.dcrnn_supervisor - INFO - Val loss_adv decrease from 2.9757 to 2.6117, saving to models/epo7.tar
2025-08-12 22:02:16,226 - model.pytorch.dcrnn_supervisor - INFO - epoch complete
2025-08-12 22:02:16,226 - model.pytorch.dcrnn_supervisor - INFO - evaluating now!
2025-08-12 22:02:43,597 - model.pytorch.dcrnn_supervisor - INFO - Epoch [8/20] (423) val_mae_adv:4.0115, val_mis_adv:80.2179, val_width_adv:5.1813, val_mse_adv:44.0626, val_rmse_adv:6.6380
2025-08-12 22:03:37,780 - model.pytorch.dcrnn_supervisor - INFO - Epoch [8/20] (423) test_mae_adv:3.7166, test_mis_adv:69.9798, test_width_adv:5.0456, test_mse_adv:35.4004, test_rmse_adv:5.9498
2025-08-12 22:05:38,589 - model.pytorch.dcrnn_supervisor - INFO - epoch complete
2025-08-12 22:05:38,605 - model.pytorch.dcrnn_supervisor - INFO - evaluating now!
2025-08-12 22:06:05,564 - model.pytorch.dcrnn_supervisor - INFO - Epoch [9/20] (470) val_mae_adv:3.4496, val_mis_adv:65.2996, val_width_adv:5.8967, val_mse_adv:32.1972, val_rmse_adv:5.6743
2025-08-12 22:07:01,973 - model.pytorch.dcrnn_supervisor - INFO - Epoch [9/20] (470) test_mae_adv:3.1997, test_mis_adv:58.1747, test_width_adv:5.6611, test_mse_adv:26.2890, test_rmse_adv:5.1273
2025-08-12 22:09:04,975 - model.pytorch.dcrnn_supervisor - INFO - epoch complete
2025-08-12 22:09:04,975 - model.pytorch.dcrnn_supervisor - INFO - evaluating now!
2025-08-12 22:09:31,825 - model.pytorch.dcrnn_supervisor - INFO - Epoch [10/20] (517) val_mae_adv:3.0107, val_mis_adv:55.8950, val_width_adv:5.2944, val_mse_adv:32.4880, val_rmse_adv:5.6998
2025-08-12 22:10:25,625 - model.pytorch.dcrnn_supervisor - INFO - Epoch [10/20] (517) test_mae_adv:2.7297, test_mis_adv:47.3289, test_width_adv:5.1270, test_mse_adv:25.8276, test_rmse_adv:5.0821
2025-08-12 22:12:30,160 - model.pytorch.dcrnn_supervisor - INFO - epoch complete
2025-08-12 22:12:30,160 - model.pytorch.dcrnn_supervisor - INFO - evaluating now!
2025-08-12 22:12:56,043 - model.pytorch.dcrnn_supervisor - INFO - Epoch [11/20] (564) val_mae_adv:2.5702, val_mis_adv:50.7433, val_width_adv:4.9028, val_mse_adv:27.3373, val_rmse_adv:5.2285
2025-08-12 22:13:49,741 - model.pytorch.dcrnn_supervisor - INFO - Epoch [11/20] (564) test_mae_adv:2.2932, test_mis_adv:42.6192, test_width_adv:4.6947, test_mse_adv:21.4443, test_rmse_adv:4.6308
2025-08-12 22:13:49,757 - model.pytorch.dcrnn_supervisor - INFO - Saved model at 11
2025-08-12 22:13:49,759 - model.pytorch.dcrnn_supervisor - INFO - Val loss_adv decrease from 2.6117 to 2.5702, saving to models/epo11.tar
2025-08-12 22:15:53,094 - model.pytorch.dcrnn_supervisor - INFO - epoch complete
2025-08-12 22:15:53,094 - model.pytorch.dcrnn_supervisor - INFO - evaluating now!
2025-08-12 22:16:23,838 - model.pytorch.dcrnn_supervisor - INFO - Epoch [12/20] (611) val_mae_adv:2.7373, val_mis_adv:51.8454, val_width_adv:5.2837, val_mse_adv:27.3989, val_rmse_adv:5.2344
2025-08-12 22:17:17,204 - model.pytorch.dcrnn_supervisor - INFO - Epoch [12/20] (611) test_mae_adv:2.4798, test_mis_adv:44.3196, test_width_adv:5.0487, test_mse_adv:21.8135, test_rmse_adv:4.6705
2025-08-12 22:19:21,735 - model.pytorch.dcrnn_supervisor - INFO - epoch complete
2025-08-12 22:19:21,735 - model.pytorch.dcrnn_supervisor - INFO - evaluating now!
2025-08-12 22:19:47,834 - model.pytorch.dcrnn_supervisor - INFO - Epoch [13/20] (658) val_mae_adv:2.5975, val_mis_adv:54.9145, val_width_adv:4.2312, val_mse_adv:28.4493, val_rmse_adv:5.3338
2025-08-12 22:20:42,451 - model.pytorch.dcrnn_supervisor - INFO - Epoch [13/20] (658) test_mae_adv:2.3112, test_mis_adv:46.5443, test_width_adv:4.0346, test_mse_adv:22.3853, test_rmse_adv:4.7313
2025-08-12 22:22:43,470 - model.pytorch.dcrnn_supervisor - INFO - epoch complete
2025-08-12 22:22:43,470 - model.pytorch.dcrnn_supervisor - INFO - evaluating now!
2025-08-12 22:23:11,351 - model.pytorch.dcrnn_supervisor - INFO - Epoch [14/20] (705) val_mae_adv:2.5103, val_mis_adv:53.5676, val_width_adv:4.2639, val_mse_adv:27.7376, val_rmse_adv:5.2666
2025-08-12 22:24:04,942 - model.pytorch.dcrnn_supervisor - INFO - Epoch [14/20] (705) test_mae_adv:2.2200, test_mis_adv:45.0465, test_width_adv:4.0728, test_mse_adv:21.7135, test_rmse_adv:4.6598
2025-08-12 22:24:04,959 - model.pytorch.dcrnn_supervisor - INFO - Saved model at 14
2025-08-12 22:24:04,959 - model.pytorch.dcrnn_supervisor - INFO - Val loss_adv decrease from 2.5702 to 2.5103, saving to models/epo14.tar
2025-08-12 22:26:07,185 - model.pytorch.dcrnn_supervisor - INFO - epoch complete
2025-08-12 22:26:07,185 - model.pytorch.dcrnn_supervisor - INFO - evaluating now!
2025-08-12 22:26:36,642 - model.pytorch.dcrnn_supervisor - INFO - Epoch [15/20] (752) val_mae_adv:2.7424, val_mis_adv:55.4698, val_width_adv:4.7151, val_mse_adv:26.5895, val_rmse_adv:5.1565
2025-08-12 22:27:30,339 - model.pytorch.dcrnn_supervisor - INFO - Epoch [15/20] (752) test_mae_adv:2.5028, test_mis_adv:48.1366, test_width_adv:4.5032, test_mse_adv:21.1922, test_rmse_adv:4.6035
2025-08-12 22:29:31,242 - model.pytorch.dcrnn_supervisor - INFO - epoch complete
2025-08-12 22:29:31,242 - model.pytorch.dcrnn_supervisor - INFO - evaluating now!
2025-08-12 22:29:57,303 - model.pytorch.dcrnn_supervisor - INFO - Epoch [16/20] (799) val_mae_adv:2.6119, val_mis_adv:55.2208, val_width_adv:4.3693, val_mse_adv:26.0023, val_rmse_adv:5.0992
2025-08-12 22:30:51,148 - model.pytorch.dcrnn_supervisor - INFO - Epoch [16/20] (799) test_mae_adv:2.3754, test_mis_adv:48.0896, test_width_adv:4.1556, test_mse_adv:20.7009, test_rmse_adv:4.5498
2025-08-12 22:32:53,482 - model.pytorch.dcrnn_supervisor - INFO - epoch complete
2025-08-12 22:32:53,482 - model.pytorch.dcrnn_supervisor - INFO - evaluating now!
2025-08-12 22:33:20,218 - model.pytorch.dcrnn_supervisor - INFO - Epoch [17/20] (846) val_mae_adv:2.9982, val_mis_adv:42.8444, val_width_adv:9.2018, val_mse_adv:32.4777, val_rmse_adv:5.6989
2025-08-12 22:34:13,137 - model.pytorch.dcrnn_supervisor - INFO - Epoch [17/20] (846) test_mae_adv:2.7518, test_mis_adv:36.5118, test_width_adv:8.9998, test_mse_adv:26.2646, test_rmse_adv:5.1249
2025-08-12 22:36:15,060 - model.pytorch.dcrnn_supervisor - INFO - epoch complete
2025-08-12 22:36:15,060 - model.pytorch.dcrnn_supervisor - INFO - evaluating now!
2025-08-12 22:36:42,080 - model.pytorch.dcrnn_supervisor - INFO - Epoch [18/20] (893) val_mae_adv:2.7017, val_mis_adv:55.0811, val_width_adv:4.6274, val_mse_adv:28.4852, val_rmse_adv:5.3372
2025-08-12 22:37:37,316 - model.pytorch.dcrnn_supervisor - INFO - Epoch [18/20] (893) test_mae_adv:2.4577, test_mis_adv:48.1018, test_width_adv:4.3960, test_mse_adv:22.6565, test_rmse_adv:4.7599
2025-08-12 22:39:42,086 - model.pytorch.dcrnn_supervisor - INFO - epoch complete
2025-08-12 22:39:42,086 - model.pytorch.dcrnn_supervisor - INFO - evaluating now!
2025-08-12 22:40:09,436 - model.pytorch.dcrnn_supervisor - INFO - Epoch [19/20] (940) val_mae_adv:2.4894, val_mis_adv:48.5536, val_width_adv:4.6031, val_mse_adv:27.4542, val_rmse_adv:5.2397
2025-08-12 22:41:02,314 - model.pytorch.dcrnn_supervisor - INFO - Epoch [19/20] (940) test_mae_adv:2.2412, test_mis_adv:41.6125, test_width_adv:4.3773, test_mse_adv:21.7875, test_rmse_adv:4.6677
2025-08-12 22:41:02,330 - model.pytorch.dcrnn_supervisor - INFO - Saved model at 19
2025-08-12 22:41:02,330 - model.pytorch.dcrnn_supervisor - INFO - Val loss_adv decrease from 2.5103 to 2.4894, saving to models/epo19.tar
