2025-08-08 00:27:22,962 - model.pytorch.dcrnn_supervisor - INFO - Log directory: data/model\dcrnn_DR_2_h_12_16-16_lr_0.01_bs_256_0808002722/
2025-08-08 00:27:45,008 - model.pytorch.dcrnn_supervisor - INFO - Model created
2025-08-08 00:28:07,700 - model.pytorch.dcrnn_supervisor - INFO - Start training ...
2025-08-08 00:28:07,701 - model.pytorch.dcrnn_supervisor - INFO - num_batches:47
2025-08-08 00:28:09,690 - model.pytorch.dcrnn_supervisor - INFO - Total trainable parameters 26641
2025-08-08 00:30:20,253 - model.pytorch.dcrnn_supervisor - INFO - epoch complete
2025-08-08 00:30:20,255 - model.pytorch.dcrnn_supervisor - INFO - evaluating now!
2025-08-08 00:30:29,392 - model.pytorch.dcrnn_supervisor - INFO - Epoch [0/20] (47) val_mae:4.8547, val_mis: 61.4318, val_width: 43.2486, val_mse: 79.3256, val_rmse: 8.9065 , 
2025-08-08 00:30:48,137 - model.pytorch.dcrnn_supervisor - INFO - Epoch [0/20] (47) test_mae:4.4370,test_mis: 56.2816, test_width: 43.6530, test_mse: 61.5616, test_rmse: 7.8461 , 
2025-08-08 00:30:48,237 - model.pytorch.dcrnn_supervisor - INFO - Saved model at 0
2025-08-08 00:30:48,239 - model.pytorch.dcrnn_supervisor - INFO - Val loss decrease from inf to 4.8547, saving to models/epo0.tar
2025-08-08 00:32:59,797 - model.pytorch.dcrnn_supervisor - INFO - epoch complete
2025-08-08 00:32:59,799 - model.pytorch.dcrnn_supervisor - INFO - evaluating now!
2025-08-08 00:33:08,557 - model.pytorch.dcrnn_supervisor - INFO - Epoch [1/20] (94) val_mae:3.8415, val_mis: 37.5212, val_width: 29.9138, val_mse: 55.5932, val_rmse: 7.4561 , 
2025-08-08 00:33:25,599 - model.pytorch.dcrnn_supervisor - INFO - Epoch [1/20] (94) test_mae:3.4364,test_mis: 33.3789, test_width: 27.0305, test_mse: 43.5698, test_rmse: 6.6007 , 
2025-08-08 00:33:25,621 - model.pytorch.dcrnn_supervisor - INFO - Saved model at 1
2025-08-08 00:33:25,622 - model.pytorch.dcrnn_supervisor - INFO - Val loss decrease from 4.8547 to 3.8415, saving to models/epo1.tar
2025-08-08 00:35:39,605 - model.pytorch.dcrnn_supervisor - INFO - epoch complete
2025-08-08 00:35:39,606 - model.pytorch.dcrnn_supervisor - INFO - evaluating now!
2025-08-08 00:35:47,992 - model.pytorch.dcrnn_supervisor - INFO - Epoch [2/20] (141) val_mae:2.9634, val_mis: 33.7143, val_width: 26.5359, val_mse: 38.6305, val_rmse: 6.2153 , 
2025-08-08 00:36:09,250 - model.pytorch.dcrnn_supervisor - INFO - Epoch [2/20] (141) test_mae:2.5939,test_mis: 29.8698, test_width: 24.4544, test_mse: 29.0892, test_rmse: 5.3934 , 
2025-08-08 00:36:09,275 - model.pytorch.dcrnn_supervisor - INFO - Saved model at 2
2025-08-08 00:36:09,278 - model.pytorch.dcrnn_supervisor - INFO - Val loss decrease from 3.8415 to 2.9634, saving to models/epo2.tar
2025-08-08 00:38:28,181 - model.pytorch.dcrnn_supervisor - INFO - epoch complete
2025-08-08 00:38:28,182 - model.pytorch.dcrnn_supervisor - INFO - evaluating now!
2025-08-08 00:38:37,361 - model.pytorch.dcrnn_supervisor - INFO - Epoch [3/20] (188) val_mae:2.9300, val_mis: 32.2448, val_width: 24.6346, val_mse: 36.3726, val_rmse: 6.0310 , 
2025-08-08 00:38:55,231 - model.pytorch.dcrnn_supervisor - INFO - Epoch [3/20] (188) test_mae:2.5686,test_mis: 28.7660, test_width: 23.0718, test_mse: 27.2444, test_rmse: 5.2196 , 
2025-08-08 00:38:55,251 - model.pytorch.dcrnn_supervisor - INFO - Saved model at 3
2025-08-08 00:38:55,253 - model.pytorch.dcrnn_supervisor - INFO - Val loss decrease from 2.9634 to 2.9300, saving to models/epo3.tar
2025-08-08 00:41:01,171 - model.pytorch.dcrnn_supervisor - INFO - epoch complete
2025-08-08 00:41:01,173 - model.pytorch.dcrnn_supervisor - INFO - evaluating now!
2025-08-08 00:41:09,401 - model.pytorch.dcrnn_supervisor - INFO - Epoch [4/20] (235) val_mae:2.6670, val_mis: 34.9627, val_width: 28.4822, val_mse: 31.5040, val_rmse: 5.6128 , 
2025-08-08 00:41:27,151 - model.pytorch.dcrnn_supervisor - INFO - Epoch [4/20] (235) test_mae:2.3196,test_mis: 31.0887, test_width: 26.1779, test_mse: 23.7034, test_rmse: 4.8686 , 
2025-08-08 00:41:27,171 - model.pytorch.dcrnn_supervisor - INFO - Saved model at 4
2025-08-08 00:41:27,172 - model.pytorch.dcrnn_supervisor - INFO - Val loss decrease from 2.9300 to 2.6670, saving to models/epo4.tar
2025-08-08 00:43:32,806 - model.pytorch.dcrnn_supervisor - INFO - epoch complete
2025-08-08 00:43:32,809 - model.pytorch.dcrnn_supervisor - INFO - evaluating now!
2025-08-08 00:43:41,451 - model.pytorch.dcrnn_supervisor - INFO - Epoch [5/20] (282) val_mae:2.5179, val_mis: 32.1976, val_width: 23.1304, val_mse: 30.5659, val_rmse: 5.5286 , 
2025-08-08 00:43:57,884 - model.pytorch.dcrnn_supervisor - INFO - Epoch [5/20] (282) test_mae:2.1693,test_mis: 28.0748, test_width: 21.1087, test_mse: 22.9584, test_rmse: 4.7915 , 
2025-08-08 00:43:57,903 - model.pytorch.dcrnn_supervisor - INFO - Saved model at 5
2025-08-08 00:43:57,904 - model.pytorch.dcrnn_supervisor - INFO - Val loss decrease from 2.6670 to 2.5179, saving to models/epo5.tar
2025-08-08 00:46:02,918 - model.pytorch.dcrnn_supervisor - INFO - epoch complete
2025-08-08 00:46:02,920 - model.pytorch.dcrnn_supervisor - INFO - evaluating now!
2025-08-08 00:46:11,160 - model.pytorch.dcrnn_supervisor - INFO - Epoch [6/20] (329) val_mae:2.3865, val_mis: 34.1856, val_width: 26.6594, val_mse: 27.5940, val_rmse: 5.2530 , 
2025-08-08 00:46:28,214 - model.pytorch.dcrnn_supervisor - INFO - Epoch [6/20] (329) test_mae:2.0645,test_mis: 29.8430, test_width: 24.1137, test_mse: 20.9606, test_rmse: 4.5783 , 
2025-08-08 00:46:28,243 - model.pytorch.dcrnn_supervisor - INFO - Saved model at 6
2025-08-08 00:46:28,244 - model.pytorch.dcrnn_supervisor - INFO - Val loss decrease from 2.5179 to 2.3865, saving to models/epo6.tar
2025-08-08 00:48:34,531 - model.pytorch.dcrnn_supervisor - INFO - epoch complete
2025-08-08 00:48:34,533 - model.pytorch.dcrnn_supervisor - INFO - evaluating now!
2025-08-08 00:48:42,744 - model.pytorch.dcrnn_supervisor - INFO - Epoch [7/20] (376) val_mae:2.4000, val_mis: 33.3150, val_width: 25.1821, val_mse: 27.7861, val_rmse: 5.2713 , 
2025-08-08 00:48:58,998 - model.pytorch.dcrnn_supervisor - INFO - Epoch [7/20] (376) test_mae:2.0801,test_mis: 28.9017, test_width: 22.6759, test_mse: 21.1433, test_rmse: 4.5982 , 
2025-08-08 00:51:03,216 - model.pytorch.dcrnn_supervisor - INFO - epoch complete
2025-08-08 00:51:03,217 - model.pytorch.dcrnn_supervisor - INFO - evaluating now!
2025-08-08 00:51:12,223 - model.pytorch.dcrnn_supervisor - INFO - Epoch [8/20] (423) val_mae:2.8283, val_mis: 38.0885, val_width: 32.8166, val_mse: 28.1307, val_rmse: 5.3038 , 
2025-08-08 00:51:29,603 - model.pytorch.dcrnn_supervisor - INFO - Epoch [8/20] (423) test_mae:2.5361,test_mis: 33.9174, test_width: 30.0229, test_mse: 21.7633, test_rmse: 4.6651 , 
2025-08-08 00:53:47,621 - model.pytorch.dcrnn_supervisor - INFO - epoch complete
2025-08-08 00:53:47,622 - model.pytorch.dcrnn_supervisor - INFO - evaluating now!
2025-08-08 00:53:55,673 - model.pytorch.dcrnn_supervisor - INFO - Epoch [9/20] (470) val_mae:2.3887, val_mis: 36.5100, val_width: 30.6406, val_mse: 26.3940, val_rmse: 5.1375 , 
2025-08-08 00:54:13,090 - model.pytorch.dcrnn_supervisor - INFO - Epoch [9/20] (470) test_mae:2.0828,test_mis: 32.3364, test_width: 27.9106, test_mse: 20.2064, test_rmse: 4.4952 , 
2025-08-08 00:56:26,707 - model.pytorch.dcrnn_supervisor - INFO - epoch complete
2025-08-08 00:56:26,708 - model.pytorch.dcrnn_supervisor - INFO - evaluating now!
2025-08-08 00:56:36,073 - model.pytorch.dcrnn_supervisor - INFO - Epoch [10/20] (517) val_mae:2.4492, val_mis: 33.7320, val_width: 27.7333, val_mse: 28.1796, val_rmse: 5.3084 , 
2025-08-08 00:56:53,516 - model.pytorch.dcrnn_supervisor - INFO - Epoch [10/20] (517) test_mae:2.1262,test_mis: 30.1256, test_width: 25.5990, test_mse: 21.3990, test_rmse: 4.6259 , 
2025-08-08 00:59:03,119 - model.pytorch.dcrnn_supervisor - INFO - epoch complete
2025-08-08 00:59:03,120 - model.pytorch.dcrnn_supervisor - INFO - evaluating now!
2025-08-08 00:59:11,548 - model.pytorch.dcrnn_supervisor - INFO - Epoch [11/20] (564) val_mae:2.5208, val_mis: 41.5460, val_width: 38.0514, val_mse: 26.2667, val_rmse: 5.1251 , 
2025-08-08 00:59:28,548 - model.pytorch.dcrnn_supervisor - INFO - Epoch [11/20] (564) test_mae:2.2467,test_mis: 38.0262, test_width: 35.4036, test_mse: 20.3437, test_rmse: 4.5104 , 
2025-08-08 01:01:37,275 - model.pytorch.dcrnn_supervisor - INFO - epoch complete
2025-08-08 01:01:37,276 - model.pytorch.dcrnn_supervisor - INFO - evaluating now!
2025-08-08 01:01:45,981 - model.pytorch.dcrnn_supervisor - INFO - Epoch [12/20] (611) val_mae:2.2953, val_mis: 36.3105, val_width: 30.2820, val_mse: 25.2651, val_rmse: 5.0264 , 
2025-08-08 01:02:02,510 - model.pytorch.dcrnn_supervisor - INFO - Epoch [12/20] (611) test_mae:2.0103,test_mis: 31.9852, test_width: 27.3675, test_mse: 19.6391, test_rmse: 4.4316 , 
2025-08-08 01:02:02,528 - model.pytorch.dcrnn_supervisor - INFO - Saved model at 12
2025-08-08 01:02:02,529 - model.pytorch.dcrnn_supervisor - INFO - Val loss decrease from 2.3865 to 2.2953, saving to models/epo12.tar
2025-08-08 01:04:11,794 - model.pytorch.dcrnn_supervisor - INFO - epoch complete
2025-08-08 01:04:11,795 - model.pytorch.dcrnn_supervisor - INFO - evaluating now!
2025-08-08 01:04:20,169 - model.pytorch.dcrnn_supervisor - INFO - Epoch [13/20] (658) val_mae:2.4121, val_mis: 39.3542, val_width: 35.3175, val_mse: 24.8088, val_rmse: 4.9808 , 
2025-08-08 01:04:39,224 - model.pytorch.dcrnn_supervisor - INFO - Epoch [13/20] (658) test_mae:2.1338,test_mis: 35.4574, test_width: 32.4450, test_mse: 19.3005, test_rmse: 4.3932 , 
2025-08-08 01:06:51,289 - model.pytorch.dcrnn_supervisor - INFO - epoch complete
2025-08-08 01:06:51,290 - model.pytorch.dcrnn_supervisor - INFO - evaluating now!
2025-08-08 01:06:59,512 - model.pytorch.dcrnn_supervisor - INFO - Epoch [14/20] (705) val_mae:2.2829, val_mis: 40.2301, val_width: 36.0773, val_mse: 24.4939, val_rmse: 4.9491 , 
2025-08-08 01:07:18,173 - model.pytorch.dcrnn_supervisor - INFO - Epoch [14/20] (705) test_mae:2.0017,test_mis: 36.3171, test_width: 33.2066, test_mse: 19.0362, test_rmse: 4.3631 , 
2025-08-08 01:07:18,196 - model.pytorch.dcrnn_supervisor - INFO - Saved model at 14
2025-08-08 01:07:18,197 - model.pytorch.dcrnn_supervisor - INFO - Val loss decrease from 2.2953 to 2.2829, saving to models/epo14.tar
2025-08-08 01:09:28,398 - model.pytorch.dcrnn_supervisor - INFO - epoch complete
2025-08-08 01:09:28,399 - model.pytorch.dcrnn_supervisor - INFO - evaluating now!
2025-08-08 01:09:38,830 - model.pytorch.dcrnn_supervisor - INFO - Epoch [15/20] (752) val_mae:2.3262, val_mis: 43.0023, val_width: 39.7607, val_mse: 23.9458, val_rmse: 4.8934 , 
2025-08-08 01:10:01,571 - model.pytorch.dcrnn_supervisor - INFO - Epoch [15/20] (752) test_mae:2.0678,test_mis: 38.9324, test_width: 36.5039, test_mse: 18.8683, test_rmse: 4.3438 , 
2025-08-08 01:12:14,555 - model.pytorch.dcrnn_supervisor - INFO - epoch complete
2025-08-08 01:12:14,556 - model.pytorch.dcrnn_supervisor - INFO - evaluating now!
2025-08-08 01:12:22,824 - model.pytorch.dcrnn_supervisor - INFO - Epoch [16/20] (799) val_mae:2.3332, val_mis: 49.2760, val_width: 46.5092, val_mse: 24.2543, val_rmse: 4.9249 , 
2025-08-08 01:12:41,491 - model.pytorch.dcrnn_supervisor - INFO - Epoch [16/20] (799) test_mae:2.0723,test_mis: 44.7038, test_width: 42.6484, test_mse: 19.1332, test_rmse: 4.3742 , 
2025-08-08 01:14:52,574 - model.pytorch.dcrnn_supervisor - INFO - epoch complete
2025-08-08 01:14:52,575 - model.pytorch.dcrnn_supervisor - INFO - evaluating now!
2025-08-08 01:15:01,384 - model.pytorch.dcrnn_supervisor - INFO - Epoch [17/20] (846) val_mae:2.2184, val_mis: 44.7524, val_width: 41.7219, val_mse: 23.5583, val_rmse: 4.8537 , 
2025-08-08 01:15:18,840 - model.pytorch.dcrnn_supervisor - INFO - Epoch [17/20] (846) test_mae:1.9489,test_mis: 40.7764, test_width: 38.5072, test_mse: 18.4297, test_rmse: 4.2930 , 
2025-08-08 01:15:18,862 - model.pytorch.dcrnn_supervisor - INFO - Saved model at 17
2025-08-08 01:15:18,863 - model.pytorch.dcrnn_supervisor - INFO - Val loss decrease from 2.2829 to 2.2184, saving to models/epo17.tar
2025-08-08 01:17:28,407 - model.pytorch.dcrnn_supervisor - INFO - epoch complete
2025-08-08 01:17:28,408 - model.pytorch.dcrnn_supervisor - INFO - evaluating now!
2025-08-08 01:17:37,426 - model.pytorch.dcrnn_supervisor - INFO - Epoch [18/20] (893) val_mae:2.1950, val_mis: 45.0680, val_width: 42.1741, val_mse: 23.2541, val_rmse: 4.8223 , 
2025-08-08 01:17:54,911 - model.pytorch.dcrnn_supervisor - INFO - Epoch [18/20] (893) test_mae:1.9322,test_mis: 40.9725, test_width: 38.7874, test_mse: 18.2614, test_rmse: 4.2733 , 
2025-08-08 01:17:54,931 - model.pytorch.dcrnn_supervisor - INFO - Saved model at 18
2025-08-08 01:17:54,931 - model.pytorch.dcrnn_supervisor - INFO - Val loss decrease from 2.2184 to 2.1950, saving to models/epo18.tar
2025-08-08 01:20:05,497 - model.pytorch.dcrnn_supervisor - INFO - epoch complete
2025-08-08 01:20:05,497 - model.pytorch.dcrnn_supervisor - INFO - evaluating now!
2025-08-08 01:20:13,940 - model.pytorch.dcrnn_supervisor - INFO - Epoch [19/20] (940) val_mae:2.4443, val_mis: 46.4503, val_width: 43.7601, val_mse: 24.4917, val_rmse: 4.9489 , 
2025-08-08 01:20:31,630 - model.pytorch.dcrnn_supervisor - INFO - Epoch [19/20] (940) test_mae:2.1679,test_mis: 42.4591, test_width: 40.4675, test_mse: 19.0858, test_rmse: 4.3687 , 
