2025-09-12 22:12:31,092 - model.pytorch.dcrnn_supervisor - INFO - Log directory: data/model\dcrnn_DR_2_h_12_16-16_lr_0.01_bs_256_0912221231/
2025-09-12 22:12:38,236 - model.pytorch.dcrnn_supervisor - INFO - Model created
2025-09-12 22:13:01,593 - model.pytorch.dcrnn_supervisor - INFO - Start training ...
2025-09-12 22:13:01,593 - model.pytorch.dcrnn_supervisor - INFO - num_batches:49
2025-09-12 22:13:02,966 - model.pytorch.dcrnn_supervisor - INFO - Total trainable parameters 24243
2025-09-12 22:13:05,566 - model.pytorch.dcrnn_supervisor - INFO - Total trainable parameters 24243
2025-09-12 22:13:07,762 - model.pytorch.dcrnn_supervisor - INFO - Total trainable parameters 24243
2025-09-12 22:19:24,465 - model.pytorch.dcrnn_supervisor - INFO - epoch complete
2025-09-12 22:19:24,497 - model.pytorch.dcrnn_supervisor - INFO - evaluating now!
2025-09-12 22:20:04,952 - model.pytorch.dcrnn_supervisor - INFO - Epoch [0/20] (49) [PGD eps=0.03, steps=2] val_mae_adv:4.1531, val_mis_adv:107.5158, val_width_adv:5.3733, val_mse_adv:55.0641, val_rmse_adv:7.4205
2025-09-12 22:21:26,932 - model.pytorch.dcrnn_supervisor - INFO - Epoch [0/20] (49) [PGD eps=0.03, steps=2] test_mae_adv:4.1139, test_mis_adv:106.6071, test_width_adv:5.3703, test_mse_adv:56.6125, test_rmse_adv:7.5241
2025-09-12 22:21:26,948 - model.pytorch.dcrnn_supervisor - INFO - Saved model at 0
2025-09-12 22:21:26,948 - model.pytorch.dcrnn_supervisor - INFO - Val loss_adv decrease from inf to 4.1531, saving to models/epo0.tar
2025-09-12 22:27:07,791 - model.pytorch.dcrnn_supervisor - INFO - epoch complete
2025-09-12 22:27:07,791 - model.pytorch.dcrnn_supervisor - INFO - evaluating now!
2025-09-12 22:27:46,587 - model.pytorch.dcrnn_supervisor - INFO - Epoch [1/20] (98) [PGD eps=0.03, steps=2] val_mae_adv:4.2321, val_mis_adv:102.3446, val_width_adv:5.7200, val_mse_adv:44.7186, val_rmse_adv:6.6872
2025-09-12 22:29:02,285 - model.pytorch.dcrnn_supervisor - INFO - Epoch [1/20] (98) [PGD eps=0.03, steps=2] test_mae_adv:4.3481, test_mis_adv:106.5795, test_width_adv:5.7149, test_mse_adv:47.1258, test_rmse_adv:6.8648
2025-09-12 22:34:40,706 - model.pytorch.dcrnn_supervisor - INFO - epoch complete
2025-09-12 22:34:40,706 - model.pytorch.dcrnn_supervisor - INFO - evaluating now!
2025-09-12 22:35:18,865 - model.pytorch.dcrnn_supervisor - INFO - Epoch [2/20] (147) [PGD eps=0.03, steps=2] val_mae_adv:3.4428, val_mis_adv:83.7299, val_width_adv:5.2389, val_mse_adv:42.1161, val_rmse_adv:6.4897
2025-09-12 22:36:41,980 - model.pytorch.dcrnn_supervisor - INFO - Epoch [2/20] (147) [PGD eps=0.03, steps=2] test_mae_adv:3.4851, test_mis_adv:85.1697, test_width_adv:5.2391, test_mse_adv:44.1484, test_rmse_adv:6.6444
2025-09-12 22:36:41,980 - model.pytorch.dcrnn_supervisor - INFO - Saved model at 2
2025-09-12 22:36:41,996 - model.pytorch.dcrnn_supervisor - INFO - Val loss_adv decrease from 4.1531 to 3.4428, saving to models/epo2.tar
2025-09-12 22:42:22,269 - model.pytorch.dcrnn_supervisor - INFO - epoch complete
2025-09-12 22:42:22,269 - model.pytorch.dcrnn_supervisor - INFO - evaluating now!
2025-09-12 22:43:02,048 - model.pytorch.dcrnn_supervisor - INFO - Epoch [3/20] (196) [PGD eps=0.03, steps=2] val_mae_adv:3.3940, val_mis_adv:76.0514, val_width_adv:5.2294, val_mse_adv:34.5595, val_rmse_adv:5.8787
2025-09-12 22:44:20,883 - model.pytorch.dcrnn_supervisor - INFO - Epoch [3/20] (196) [PGD eps=0.03, steps=2] test_mae_adv:3.4516, test_mis_adv:78.0224, test_width_adv:5.2154, test_mse_adv:35.8956, test_rmse_adv:5.9913
2025-09-12 22:44:20,899 - model.pytorch.dcrnn_supervisor - INFO - Saved model at 3
2025-09-12 22:44:20,899 - model.pytorch.dcrnn_supervisor - INFO - Val loss_adv decrease from 3.4428 to 3.3940, saving to models/epo3.tar
2025-09-12 22:50:04,678 - model.pytorch.dcrnn_supervisor - INFO - epoch complete
2025-09-12 22:50:04,678 - model.pytorch.dcrnn_supervisor - INFO - evaluating now!
2025-09-12 22:50:44,653 - model.pytorch.dcrnn_supervisor - INFO - Epoch [4/20] (245) [PGD eps=0.03, steps=2] val_mae_adv:4.3147, val_mis_adv:101.5022, val_width_adv:5.6230, val_mse_adv:39.5644, val_rmse_adv:6.2900
2025-09-12 22:52:03,581 - model.pytorch.dcrnn_supervisor - INFO - Epoch [4/20] (245) [PGD eps=0.03, steps=2] test_mae_adv:4.3871, test_mis_adv:104.5415, test_width_adv:5.5629, test_mse_adv:40.9851, test_rmse_adv:6.4020
2025-09-12 22:57:52,558 - model.pytorch.dcrnn_supervisor - INFO - epoch complete
2025-09-12 22:57:52,558 - model.pytorch.dcrnn_supervisor - INFO - evaluating now!
2025-09-12 22:58:32,490 - model.pytorch.dcrnn_supervisor - INFO - Epoch [5/20] (294) [PGD eps=0.03, steps=2] val_mae_adv:3.0536, val_mis_adv:66.0625, val_width_adv:5.0937, val_mse_adv:31.2622, val_rmse_adv:5.5913
2025-09-12 22:59:50,976 - model.pytorch.dcrnn_supervisor - INFO - Epoch [5/20] (294) [PGD eps=0.03, steps=2] test_mae_adv:3.0950, test_mis_adv:67.3011, test_width_adv:5.0828, test_mse_adv:32.3799, test_rmse_adv:5.6903
2025-09-12 22:59:50,992 - model.pytorch.dcrnn_supervisor - INFO - Saved model at 5
2025-09-12 22:59:50,992 - model.pytorch.dcrnn_supervisor - INFO - Val loss_adv decrease from 3.3940 to 3.0536, saving to models/epo5.tar
2025-09-12 23:05:31,327 - model.pytorch.dcrnn_supervisor - INFO - epoch complete
2025-09-12 23:05:31,327 - model.pytorch.dcrnn_supervisor - INFO - evaluating now!
2025-09-12 23:06:09,879 - model.pytorch.dcrnn_supervisor - INFO - Epoch [6/20] (343) [PGD eps=0.03, steps=2] val_mae_adv:2.9870, val_mis_adv:66.8080, val_width_adv:4.6266, val_mse_adv:31.2766, val_rmse_adv:5.5925
2025-09-12 23:07:32,602 - model.pytorch.dcrnn_supervisor - INFO - Epoch [6/20] (343) [PGD eps=0.03, steps=2] test_mae_adv:3.0129, test_mis_adv:67.1755, test_width_adv:4.6413, test_mse_adv:32.1356, test_rmse_adv:5.6688
2025-09-12 23:07:32,602 - model.pytorch.dcrnn_supervisor - INFO - Saved model at 6
2025-09-12 23:07:32,618 - model.pytorch.dcrnn_supervisor - INFO - Val loss_adv decrease from 3.0536 to 2.9870, saving to models/epo6.tar
2025-09-12 23:13:12,123 - model.pytorch.dcrnn_supervisor - INFO - epoch complete
2025-09-12 23:13:12,123 - model.pytorch.dcrnn_supervisor - INFO - evaluating now!
2025-09-12 23:13:51,301 - model.pytorch.dcrnn_supervisor - INFO - Epoch [7/20] (392) [PGD eps=0.03, steps=2] val_mae_adv:3.4275, val_mis_adv:80.9030, val_width_adv:4.5270, val_mse_adv:37.1746, val_rmse_adv:6.0971
2025-09-12 23:15:10,265 - model.pytorch.dcrnn_supervisor - INFO - Epoch [7/20] (392) [PGD eps=0.03, steps=2] test_mae_adv:3.3700, test_mis_adv:78.7919, test_width_adv:4.5371, test_mse_adv:37.3246, test_rmse_adv:6.1094
2025-09-12 23:20:56,237 - model.pytorch.dcrnn_supervisor - INFO - epoch complete
2025-09-12 23:20:56,237 - model.pytorch.dcrnn_supervisor - INFO - evaluating now!
2025-09-12 23:21:36,476 - model.pytorch.dcrnn_supervisor - INFO - Epoch [8/20] (441) [PGD eps=0.03, steps=2] val_mae_adv:2.7932, val_mis_adv:61.0186, val_width_adv:4.5852, val_mse_adv:27.5637, val_rmse_adv:5.2501
2025-09-12 23:22:54,806 - model.pytorch.dcrnn_supervisor - INFO - Epoch [8/20] (441) [PGD eps=0.03, steps=2] test_mae_adv:2.8229, test_mis_adv:61.8099, test_width_adv:4.5732, test_mse_adv:28.2656, test_rmse_adv:5.3165
2025-09-12 23:22:54,837 - model.pytorch.dcrnn_supervisor - INFO - Saved model at 8
2025-09-12 23:22:54,840 - model.pytorch.dcrnn_supervisor - INFO - Val loss_adv decrease from 2.9870 to 2.7932, saving to models/epo8.tar
2025-09-12 23:28:58,625 - model.pytorch.dcrnn_supervisor - INFO - epoch complete
2025-09-12 23:28:58,625 - model.pytorch.dcrnn_supervisor - INFO - evaluating now!
2025-09-12 23:29:38,414 - model.pytorch.dcrnn_supervisor - INFO - Epoch [9/20] (490) [PGD eps=0.03, steps=2] val_mae_adv:2.8584, val_mis_adv:59.0375, val_width_adv:4.9758, val_mse_adv:27.9781, val_rmse_adv:5.2894
2025-09-12 23:30:57,972 - model.pytorch.dcrnn_supervisor - INFO - Epoch [9/20] (490) [PGD eps=0.03, steps=2] test_mae_adv:2.8708, test_mis_adv:59.4521, test_width_adv:4.9406, test_mse_adv:28.6207, test_rmse_adv:5.3498
2025-09-12 23:36:38,955 - model.pytorch.dcrnn_supervisor - INFO - epoch complete
2025-09-12 23:36:38,955 - model.pytorch.dcrnn_supervisor - INFO - evaluating now!
2025-09-12 23:37:16,222 - model.pytorch.dcrnn_supervisor - INFO - Epoch [10/20] (539) [PGD eps=0.03, steps=2] val_mae_adv:2.7289, val_mis_adv:56.8474, val_width_adv:4.8055, val_mse_adv:27.5159, val_rmse_adv:5.2456
2025-09-12 23:38:36,205 - model.pytorch.dcrnn_supervisor - INFO - Epoch [10/20] (539) [PGD eps=0.03, steps=2] test_mae_adv:2.7367, test_mis_adv:57.2351, test_width_adv:4.7835, test_mse_adv:28.4025, test_rmse_adv:5.3294
2025-09-12 23:38:36,224 - model.pytorch.dcrnn_supervisor - INFO - Saved model at 10
2025-09-12 23:38:36,224 - model.pytorch.dcrnn_supervisor - INFO - Val loss_adv decrease from 2.7932 to 2.7289, saving to models/epo10.tar
2025-09-12 23:44:16,941 - model.pytorch.dcrnn_supervisor - INFO - epoch complete
2025-09-12 23:44:16,941 - model.pytorch.dcrnn_supervisor - INFO - evaluating now!
2025-09-12 23:44:56,997 - model.pytorch.dcrnn_supervisor - INFO - Epoch [11/20] (588) [PGD eps=0.03, steps=2] val_mae_adv:2.5885, val_mis_adv:55.8763, val_width_adv:4.4770, val_mse_adv:24.6886, val_rmse_adv:4.9688
2025-09-12 23:46:18,557 - model.pytorch.dcrnn_supervisor - INFO - Epoch [11/20] (588) [PGD eps=0.03, steps=2] test_mae_adv:2.6469, test_mis_adv:57.7936, test_width_adv:4.4859, test_mse_adv:25.7990, test_rmse_adv:5.0793
2025-09-12 23:46:18,573 - model.pytorch.dcrnn_supervisor - INFO - Saved model at 11
2025-09-12 23:46:18,573 - model.pytorch.dcrnn_supervisor - INFO - Val loss_adv decrease from 2.7289 to 2.5885, saving to models/epo11.tar
2025-09-12 23:51:59,933 - model.pytorch.dcrnn_supervisor - INFO - epoch complete
2025-09-12 23:51:59,933 - model.pytorch.dcrnn_supervisor - INFO - evaluating now!
2025-09-12 23:52:39,411 - model.pytorch.dcrnn_supervisor - INFO - Epoch [12/20] (637) [PGD eps=0.03, steps=2] val_mae_adv:2.6897, val_mis_adv:60.1447, val_width_adv:4.3142, val_mse_adv:26.6116, val_rmse_adv:5.1586
2025-09-12 23:53:56,955 - model.pytorch.dcrnn_supervisor - INFO - Epoch [12/20] (637) [PGD eps=0.03, steps=2] test_mae_adv:2.6796, test_mis_adv:59.9268, test_width_adv:4.3053, test_mse_adv:27.0549, test_rmse_adv:5.2014
2025-09-12 23:59:48,993 - model.pytorch.dcrnn_supervisor - INFO - epoch complete
2025-09-12 23:59:48,993 - model.pytorch.dcrnn_supervisor - INFO - evaluating now!
2025-09-13 00:00:26,942 - model.pytorch.dcrnn_supervisor - INFO - Epoch [13/20] (686) [PGD eps=0.03, steps=2] val_mae_adv:2.8878, val_mis_adv:77.7518, val_width_adv:4.1511, val_mse_adv:31.2167, val_rmse_adv:5.5872
2025-09-13 00:01:44,292 - model.pytorch.dcrnn_supervisor - INFO - Epoch [13/20] (686) [PGD eps=0.03, steps=2] test_mae_adv:2.8908, test_mis_adv:77.3294, test_width_adv:4.1498, test_mse_adv:32.4786, test_rmse_adv:5.6990
2025-09-13 00:07:31,381 - model.pytorch.dcrnn_supervisor - INFO - epoch complete
2025-09-13 00:07:31,381 - model.pytorch.dcrnn_supervisor - INFO - evaluating now!
2025-09-13 00:08:09,803 - model.pytorch.dcrnn_supervisor - INFO - Epoch [14/20] (735) [PGD eps=0.03, steps=2] val_mae_adv:2.4379, val_mis_adv:51.0590, val_width_adv:4.2503, val_mse_adv:23.1988, val_rmse_adv:4.8165
2025-09-13 00:09:28,924 - model.pytorch.dcrnn_supervisor - INFO - Epoch [14/20] (735) [PGD eps=0.03, steps=2] test_mae_adv:2.4815, test_mis_adv:52.4911, test_width_adv:4.2503, test_mse_adv:24.1131, test_rmse_adv:4.9105
2025-09-13 00:09:28,940 - model.pytorch.dcrnn_supervisor - INFO - Saved model at 14
2025-09-13 00:09:28,940 - model.pytorch.dcrnn_supervisor - INFO - Val loss_adv decrease from 2.5885 to 2.4379, saving to models/epo14.tar
2025-09-13 00:15:28,128 - model.pytorch.dcrnn_supervisor - INFO - epoch complete
2025-09-13 00:15:28,144 - model.pytorch.dcrnn_supervisor - INFO - evaluating now!
2025-09-13 00:16:10,363 - model.pytorch.dcrnn_supervisor - INFO - Epoch [15/20] (784) [PGD eps=0.03, steps=2] val_mae_adv:2.9794, val_mis_adv:66.6740, val_width_adv:4.5144, val_mse_adv:25.0875, val_rmse_adv:5.0087
2025-09-13 00:17:29,451 - model.pytorch.dcrnn_supervisor - INFO - Epoch [15/20] (784) [PGD eps=0.03, steps=2] test_mae_adv:3.0585, test_mis_adv:69.2398, test_width_adv:4.5198, test_mse_adv:26.0121, test_rmse_adv:5.1002
2025-09-13 00:23:24,811 - model.pytorch.dcrnn_supervisor - INFO - epoch complete
2025-09-13 00:23:24,811 - model.pytorch.dcrnn_supervisor - INFO - evaluating now!
2025-09-13 00:24:04,878 - model.pytorch.dcrnn_supervisor - INFO - Epoch [16/20] (833) [PGD eps=0.03, steps=2] val_mae_adv:3.4165, val_mis_adv:77.4208, val_width_adv:5.9625, val_mse_adv:30.2248, val_rmse_adv:5.4977
2025-09-13 00:25:24,182 - model.pytorch.dcrnn_supervisor - INFO - Epoch [16/20] (833) [PGD eps=0.03, steps=2] test_mae_adv:3.4271, test_mis_adv:78.2429, test_width_adv:5.8998, test_mse_adv:30.4273, test_rmse_adv:5.5161
2025-09-13 00:31:16,627 - model.pytorch.dcrnn_supervisor - INFO - epoch complete
2025-09-13 00:31:16,627 - model.pytorch.dcrnn_supervisor - INFO - evaluating now!
2025-09-13 00:31:57,020 - model.pytorch.dcrnn_supervisor - INFO - Epoch [17/20] (882) [PGD eps=0.03, steps=2] val_mae_adv:2.4356, val_mis_adv:49.5011, val_width_adv:4.2637, val_mse_adv:23.4657, val_rmse_adv:4.8441
2025-09-13 00:33:14,084 - model.pytorch.dcrnn_supervisor - INFO - Epoch [17/20] (882) [PGD eps=0.03, steps=2] test_mae_adv:2.4368, test_mis_adv:49.8913, test_width_adv:4.2670, test_mse_adv:24.2523, test_rmse_adv:4.9247
2025-09-13 00:33:14,100 - model.pytorch.dcrnn_supervisor - INFO - Saved model at 17
2025-09-13 00:33:14,100 - model.pytorch.dcrnn_supervisor - INFO - Val loss_adv decrease from 2.4379 to 2.4356, saving to models/epo17.tar
2025-09-13 00:39:01,876 - model.pytorch.dcrnn_supervisor - INFO - epoch complete
2025-09-13 00:39:01,876 - model.pytorch.dcrnn_supervisor - INFO - evaluating now!
2025-09-13 00:39:42,270 - model.pytorch.dcrnn_supervisor - INFO - Epoch [18/20] (931) [PGD eps=0.03, steps=2] val_mae_adv:2.4196, val_mis_adv:53.0759, val_width_adv:3.9956, val_mse_adv:23.0484, val_rmse_adv:4.8009
2025-09-13 00:41:00,147 - model.pytorch.dcrnn_supervisor - INFO - Epoch [18/20] (931) [PGD eps=0.03, steps=2] test_mae_adv:2.4475, test_mis_adv:53.9122, test_width_adv:3.9902, test_mse_adv:23.9285, test_rmse_adv:4.8917
2025-09-13 00:41:00,163 - model.pytorch.dcrnn_supervisor - INFO - Saved model at 18
2025-09-13 00:41:00,163 - model.pytorch.dcrnn_supervisor - INFO - Val loss_adv decrease from 2.4356 to 2.4196, saving to models/epo18.tar
2025-09-13 00:46:47,515 - model.pytorch.dcrnn_supervisor - INFO - epoch complete
2025-09-13 00:46:47,515 - model.pytorch.dcrnn_supervisor - INFO - evaluating now!
2025-09-13 00:47:27,193 - model.pytorch.dcrnn_supervisor - INFO - Epoch [19/20] (980) [PGD eps=0.03, steps=2] val_mae_adv:3.1637, val_mis_adv:68.1453, val_width_adv:4.3995, val_mse_adv:30.6522, val_rmse_adv:5.5364
2025-09-13 00:48:46,148 - model.pytorch.dcrnn_supervisor - INFO - Epoch [19/20] (980) [PGD eps=0.03, steps=2] test_mae_adv:3.1194, test_mis_adv:66.5365, test_width_adv:4.4163, test_mse_adv:30.8153, test_rmse_adv:5.5512
