2025-08-12 17:26:38,698 - model.pytorch.dcrnn_supervisor - INFO - Log directory: data/model\dcrnn_DR_2_h_12_16-16_lr_0.01_bs_256_0812172638/
2025-08-12 17:27:03,003 - model.pytorch.dcrnn_supervisor - INFO - Model created
2025-08-12 17:27:30,060 - model.pytorch.dcrnn_supervisor - INFO - Start training ...
2025-08-12 17:27:30,061 - model.pytorch.dcrnn_supervisor - INFO - num_batches:47
2025-08-12 17:27:32,505 - model.pytorch.dcrnn_supervisor - INFO - Total trainable parameters 24243
2025-08-12 17:29:35,372 - model.pytorch.dcrnn_supervisor - INFO - epoch complete
2025-08-12 17:29:35,373 - model.pytorch.dcrnn_supervisor - INFO - evaluating now!
2025-08-12 17:30:01,145 - model.pytorch.dcrnn_supervisor - INFO - Epoch [0/20] (47) val_mae_adv:6.4351, val_mis_adv:109.3190, val_width_adv:11.8078, val_mse_adv:87.5688, val_rmse_adv:9.3578
2025-08-12 17:30:53,081 - model.pytorch.dcrnn_supervisor - INFO - Epoch [0/20] (47) test_mae_adv:6.2947, test_mis_adv:99.3208, test_width_adv:11.8853, test_mse_adv:75.6283, test_rmse_adv:8.6965
2025-08-12 17:30:53,123 - model.pytorch.dcrnn_supervisor - INFO - Saved model at 0
2025-08-12 17:30:53,124 - model.pytorch.dcrnn_supervisor - INFO - Val loss_adv decrease from inf to 6.4351, saving to models/epo0.tar
2025-08-12 17:32:55,266 - model.pytorch.dcrnn_supervisor - INFO - epoch complete
2025-08-12 17:32:55,268 - model.pytorch.dcrnn_supervisor - INFO - evaluating now!
2025-08-12 17:33:20,314 - model.pytorch.dcrnn_supervisor - INFO - Epoch [1/20] (94) val_mae_adv:5.5308, val_mis_adv:110.6076, val_width_adv:9.3620, val_mse_adv:74.7714, val_rmse_adv:8.6470
2025-08-12 17:34:12,137 - model.pytorch.dcrnn_supervisor - INFO - Epoch [1/20] (94) test_mae_adv:5.1534, test_mis_adv:99.0846, test_width_adv:9.2193, test_mse_adv:63.3562, test_rmse_adv:7.9597
2025-08-12 17:34:12,150 - model.pytorch.dcrnn_supervisor - INFO - Saved model at 1
2025-08-12 17:34:12,151 - model.pytorch.dcrnn_supervisor - INFO - Val loss_adv decrease from 6.4351 to 5.5308, saving to models/epo1.tar
2025-08-12 17:36:09,439 - model.pytorch.dcrnn_supervisor - INFO - epoch complete
2025-08-12 17:36:09,440 - model.pytorch.dcrnn_supervisor - INFO - evaluating now!
2025-08-12 17:36:35,227 - model.pytorch.dcrnn_supervisor - INFO - Epoch [2/20] (141) val_mae_adv:5.6808, val_mis_adv:129.9997, val_width_adv:7.2374, val_mse_adv:73.8836, val_rmse_adv:8.5956
2025-08-12 17:37:25,812 - model.pytorch.dcrnn_supervisor - INFO - Epoch [2/20] (141) test_mae_adv:5.2396, test_mis_adv:117.9232, test_width_adv:6.9244, test_mse_adv:62.0383, test_rmse_adv:7.8764
2025-08-12 17:39:24,015 - model.pytorch.dcrnn_supervisor - INFO - epoch complete
2025-08-12 17:39:24,016 - model.pytorch.dcrnn_supervisor - INFO - evaluating now!
2025-08-12 17:39:48,819 - model.pytorch.dcrnn_supervisor - INFO - Epoch [3/20] (188) val_mae_adv:5.5705, val_mis_adv:117.0357, val_width_adv:8.3213, val_mse_adv:68.6231, val_rmse_adv:8.2839
2025-08-12 17:40:40,538 - model.pytorch.dcrnn_supervisor - INFO - Epoch [3/20] (188) test_mae_adv:5.1558, test_mis_adv:104.5001, test_width_adv:8.0585, test_mse_adv:56.4425, test_rmse_adv:7.5128
2025-08-12 17:42:37,503 - model.pytorch.dcrnn_supervisor - INFO - epoch complete
2025-08-12 17:42:37,503 - model.pytorch.dcrnn_supervisor - INFO - evaluating now!
2025-08-12 17:43:02,663 - model.pytorch.dcrnn_supervisor - INFO - Epoch [4/20] (235) val_mae_adv:6.6109, val_mis_adv:152.4710, val_width_adv:8.1242, val_mse_adv:86.7940, val_rmse_adv:9.3163
2025-08-12 17:43:52,598 - model.pytorch.dcrnn_supervisor - INFO - Epoch [4/20] (235) test_mae_adv:6.1237, test_mis_adv:139.6803, test_width_adv:7.7030, test_mse_adv:75.1929, test_rmse_adv:8.6714
2025-08-12 17:45:50,321 - model.pytorch.dcrnn_supervisor - INFO - epoch complete
2025-08-12 17:45:50,323 - model.pytorch.dcrnn_supervisor - INFO - evaluating now!
2025-08-12 17:46:19,978 - model.pytorch.dcrnn_supervisor - INFO - Epoch [5/20] (282) val_mae_adv:4.4197, val_mis_adv:98.0528, val_width_adv:6.4312, val_mse_adv:54.5650, val_rmse_adv:7.3868
2025-08-12 17:47:10,977 - model.pytorch.dcrnn_supervisor - INFO - Epoch [5/20] (282) test_mae_adv:3.9846, test_mis_adv:85.3135, test_width_adv:6.1838, test_mse_adv:43.6072, test_rmse_adv:6.6036
2025-08-12 17:47:10,992 - model.pytorch.dcrnn_supervisor - INFO - Saved model at 5
2025-08-12 17:47:10,993 - model.pytorch.dcrnn_supervisor - INFO - Val loss_adv decrease from 5.5308 to 4.4197, saving to models/epo5.tar
2025-08-12 17:49:07,967 - model.pytorch.dcrnn_supervisor - INFO - epoch complete
2025-08-12 17:49:07,968 - model.pytorch.dcrnn_supervisor - INFO - evaluating now!
2025-08-12 17:49:32,584 - model.pytorch.dcrnn_supervisor - INFO - Epoch [6/20] (329) val_mae_adv:4.7629, val_mis_adv:101.0843, val_width_adv:6.3436, val_mse_adv:55.4407, val_rmse_adv:7.4459
2025-08-12 17:50:23,007 - model.pytorch.dcrnn_supervisor - INFO - Epoch [6/20] (329) test_mae_adv:4.3484, test_mis_adv:88.9728, test_width_adv:6.0750, test_mse_adv:45.0907, test_rmse_adv:6.7150
2025-08-12 17:52:20,806 - model.pytorch.dcrnn_supervisor - INFO - epoch complete
2025-08-12 17:52:20,807 - model.pytorch.dcrnn_supervisor - INFO - evaluating now!
2025-08-12 17:52:45,551 - model.pytorch.dcrnn_supervisor - INFO - Epoch [7/20] (376) val_mae_adv:3.8942, val_mis_adv:77.8381, val_width_adv:6.2141, val_mse_adv:44.5600, val_rmse_adv:6.6753
2025-08-12 17:53:35,346 - model.pytorch.dcrnn_supervisor - INFO - Epoch [7/20] (376) test_mae_adv:3.5138, test_mis_adv:66.9934, test_width_adv:5.9723, test_mse_adv:35.5689, test_rmse_adv:5.9640
2025-08-12 17:53:35,348 - model.pytorch.dcrnn_supervisor - INFO - Saved model at 7
2025-08-12 17:53:35,348 - model.pytorch.dcrnn_supervisor - INFO - Val loss_adv decrease from 4.4197 to 3.8942, saving to models/epo7.tar
2025-08-12 17:55:33,687 - model.pytorch.dcrnn_supervisor - INFO - epoch complete
2025-08-12 17:55:33,688 - model.pytorch.dcrnn_supervisor - INFO - evaluating now!
2025-08-12 17:55:59,227 - model.pytorch.dcrnn_supervisor - INFO - Epoch [8/20] (423) val_mae_adv:3.8104, val_mis_adv:78.6617, val_width_adv:6.0470, val_mse_adv:44.7539, val_rmse_adv:6.6898
2025-08-12 17:56:51,835 - model.pytorch.dcrnn_supervisor - INFO - Epoch [8/20] (423) test_mae_adv:3.4813, test_mis_adv:69.3382, test_width_adv:5.8322, test_mse_adv:37.1218, test_rmse_adv:6.0928
2025-08-12 17:56:51,849 - model.pytorch.dcrnn_supervisor - INFO - Saved model at 8
2025-08-12 17:56:51,850 - model.pytorch.dcrnn_supervisor - INFO - Val loss_adv decrease from 3.8942 to 3.8104, saving to models/epo8.tar
2025-08-12 17:58:48,843 - model.pytorch.dcrnn_supervisor - INFO - epoch complete
2025-08-12 17:58:48,844 - model.pytorch.dcrnn_supervisor - INFO - evaluating now!
2025-08-12 17:59:14,646 - model.pytorch.dcrnn_supervisor - INFO - Epoch [9/20] (470) val_mae_adv:3.5176, val_mis_adv:67.2283, val_width_adv:6.2540, val_mse_adv:40.8621, val_rmse_adv:6.3923
2025-08-12 18:00:04,819 - model.pytorch.dcrnn_supervisor - INFO - Epoch [9/20] (470) test_mae_adv:3.1120, test_mis_adv:56.4928, test_width_adv:5.9879, test_mse_adv:32.2480, test_rmse_adv:5.6787
2025-08-12 18:00:04,831 - model.pytorch.dcrnn_supervisor - INFO - Saved model at 9
2025-08-12 18:00:04,832 - model.pytorch.dcrnn_supervisor - INFO - Val loss_adv decrease from 3.8104 to 3.5176, saving to models/epo9.tar
2025-08-12 18:02:04,393 - model.pytorch.dcrnn_supervisor - INFO - epoch complete
2025-08-12 18:02:04,393 - model.pytorch.dcrnn_supervisor - INFO - evaluating now!
2025-08-12 18:02:30,898 - model.pytorch.dcrnn_supervisor - INFO - Epoch [10/20] (517) val_mae_adv:3.5295, val_mis_adv:76.5304, val_width_adv:5.1384, val_mse_adv:40.4947, val_rmse_adv:6.3635
2025-08-12 18:03:27,133 - model.pytorch.dcrnn_supervisor - INFO - Epoch [10/20] (517) test_mae_adv:3.1582, test_mis_adv:66.1914, test_width_adv:4.8846, test_mse_adv:32.4632, test_rmse_adv:5.6976
2025-08-12 18:05:23,876 - model.pytorch.dcrnn_supervisor - INFO - epoch complete
2025-08-12 18:05:23,877 - model.pytorch.dcrnn_supervisor - INFO - evaluating now!
2025-08-12 18:05:48,425 - model.pytorch.dcrnn_supervisor - INFO - Epoch [11/20] (564) val_mae_adv:4.8467, val_mis_adv:108.5141, val_width_adv:6.7066, val_mse_adv:46.9852, val_rmse_adv:6.8546
2025-08-12 18:06:42,382 - model.pytorch.dcrnn_supervisor - INFO - Epoch [11/20] (564) test_mae_adv:4.6226, test_mis_adv:102.1536, test_width_adv:6.5071, test_mse_adv:40.4583, test_rmse_adv:6.3607
2025-08-12 18:08:40,650 - model.pytorch.dcrnn_supervisor - INFO - epoch complete
2025-08-12 18:08:40,651 - model.pytorch.dcrnn_supervisor - INFO - evaluating now!
2025-08-12 18:09:05,288 - model.pytorch.dcrnn_supervisor - INFO - Epoch [12/20] (611) val_mae_adv:3.5898, val_mis_adv:67.8621, val_width_adv:6.4522, val_mse_adv:36.6671, val_rmse_adv:6.0553
2025-08-12 18:09:54,903 - model.pytorch.dcrnn_supervisor - INFO - Epoch [12/20] (611) test_mae_adv:3.2505, test_mis_adv:57.5190, test_width_adv:6.2419, test_mse_adv:29.4442, test_rmse_adv:5.4263
2025-08-12 18:11:52,889 - model.pytorch.dcrnn_supervisor - INFO - epoch complete
2025-08-12 18:11:52,889 - model.pytorch.dcrnn_supervisor - INFO - evaluating now!
2025-08-12 18:12:19,144 - model.pytorch.dcrnn_supervisor - INFO - Epoch [13/20] (658) val_mae_adv:3.3769, val_mis_adv:71.7240, val_width_adv:5.9619, val_mse_adv:47.0927, val_rmse_adv:6.8624
2025-08-12 18:13:08,556 - model.pytorch.dcrnn_supervisor - INFO - Epoch [13/20] (658) test_mae_adv:2.9584, test_mis_adv:58.4306, test_width_adv:5.8036, test_mse_adv:35.6060, test_rmse_adv:5.9671
2025-08-12 18:13:08,569 - model.pytorch.dcrnn_supervisor - INFO - Saved model at 13
2025-08-12 18:13:08,570 - model.pytorch.dcrnn_supervisor - INFO - Val loss_adv decrease from 3.5176 to 3.3769, saving to models/epo13.tar
2025-08-12 18:15:06,160 - model.pytorch.dcrnn_supervisor - INFO - epoch complete
2025-08-12 18:15:06,161 - model.pytorch.dcrnn_supervisor - INFO - evaluating now!
2025-08-12 18:15:31,367 - model.pytorch.dcrnn_supervisor - INFO - Epoch [14/20] (705) val_mae_adv:3.5479, val_mis_adv:73.2944, val_width_adv:5.5050, val_mse_adv:38.7927, val_rmse_adv:6.2284
2025-08-12 18:16:26,169 - model.pytorch.dcrnn_supervisor - INFO - Epoch [14/20] (705) test_mae_adv:3.2190, test_mis_adv:64.3557, test_width_adv:5.2495, test_mse_adv:31.5134, test_rmse_adv:5.6137
2025-08-12 18:18:23,181 - model.pytorch.dcrnn_supervisor - INFO - epoch complete
2025-08-12 18:18:23,182 - model.pytorch.dcrnn_supervisor - INFO - evaluating now!
2025-08-12 18:18:48,006 - model.pytorch.dcrnn_supervisor - INFO - Epoch [15/20] (752) val_mae_adv:3.6139, val_mis_adv:76.6143, val_width_adv:5.3327, val_mse_adv:40.0283, val_rmse_adv:6.3268
2025-08-12 18:19:38,770 - model.pytorch.dcrnn_supervisor - INFO - Epoch [15/20] (752) test_mae_adv:3.3059, test_mis_adv:68.1132, test_width_adv:5.0282, test_mse_adv:32.7180, test_rmse_adv:5.7200
2025-08-12 18:21:35,289 - model.pytorch.dcrnn_supervisor - INFO - epoch complete
2025-08-12 18:21:35,289 - model.pytorch.dcrnn_supervisor - INFO - evaluating now!
2025-08-12 18:22:00,122 - model.pytorch.dcrnn_supervisor - INFO - Epoch [16/20] (799) val_mae_adv:7.5662, val_mis_adv:187.9981, val_width_adv:5.5556, val_mse_adv:91.2347, val_rmse_adv:9.5517
2025-08-12 18:22:51,355 - model.pytorch.dcrnn_supervisor - INFO - Epoch [16/20] (799) test_mae_adv:7.3852, test_mis_adv:181.0456, test_width_adv:5.4472, test_mse_adv:81.9412, test_rmse_adv:9.0521
2025-08-12 18:24:49,300 - model.pytorch.dcrnn_supervisor - INFO - epoch complete
2025-08-12 18:24:49,301 - model.pytorch.dcrnn_supervisor - INFO - evaluating now!
2025-08-12 18:25:14,689 - model.pytorch.dcrnn_supervisor - INFO - Epoch [17/20] (846) val_mae_adv:3.2680, val_mis_adv:65.1767, val_width_adv:5.6636, val_mse_adv:35.3962, val_rmse_adv:5.9495
2025-08-12 18:26:06,010 - model.pytorch.dcrnn_supervisor - INFO - Epoch [17/20] (846) test_mae_adv:2.9559, test_mis_adv:55.9955, test_width_adv:5.4595, test_mse_adv:28.2401, test_rmse_adv:5.3141
2025-08-12 18:26:06,024 - model.pytorch.dcrnn_supervisor - INFO - Saved model at 17
2025-08-12 18:26:06,025 - model.pytorch.dcrnn_supervisor - INFO - Val loss_adv decrease from 3.3769 to 3.2680, saving to models/epo17.tar
2025-08-12 18:28:06,534 - model.pytorch.dcrnn_supervisor - INFO - epoch complete
2025-08-12 18:28:06,535 - model.pytorch.dcrnn_supervisor - INFO - evaluating now!
2025-08-12 18:28:31,910 - model.pytorch.dcrnn_supervisor - INFO - Epoch [18/20] (893) val_mae_adv:3.1232, val_mis_adv:68.4775, val_width_adv:5.1574, val_mse_adv:33.7429, val_rmse_adv:5.8089
2025-08-12 18:29:21,772 - model.pytorch.dcrnn_supervisor - INFO - Epoch [18/20] (893) test_mae_adv:2.8439, test_mis_adv:60.5216, test_width_adv:4.9342, test_mse_adv:27.2263, test_rmse_adv:5.2179
2025-08-12 18:29:21,789 - model.pytorch.dcrnn_supervisor - INFO - Saved model at 18
2025-08-12 18:29:21,790 - model.pytorch.dcrnn_supervisor - INFO - Val loss_adv decrease from 3.2680 to 3.1232, saving to models/epo18.tar
2025-08-12 18:31:18,098 - model.pytorch.dcrnn_supervisor - INFO - epoch complete
2025-08-12 18:31:18,098 - model.pytorch.dcrnn_supervisor - INFO - evaluating now!
2025-08-12 18:31:43,240 - model.pytorch.dcrnn_supervisor - INFO - Epoch [19/20] (940) val_mae_adv:3.2742, val_mis_adv:68.6535, val_width_adv:4.9899, val_mse_adv:36.5779, val_rmse_adv:6.0480
2025-08-12 18:32:34,348 - model.pytorch.dcrnn_supervisor - INFO - Epoch [19/20] (940) test_mae_adv:2.9712, test_mis_adv:60.1766, test_width_adv:4.7435, test_mse_adv:29.5382, test_rmse_adv:5.4349
