2025-08-17 18:06:54,574 - model.pytorch.dcrnn_supervisor - INFO - Log directory: data/model\dcrnn_DR_2_h_12_16-16_lr_0.01_bs_256_0817180654/
2025-08-17 18:07:20,766 - model.pytorch.dcrnn_supervisor - INFO - Model created
2025-08-17 18:07:42,410 - model.pytorch.dcrnn_supervisor - INFO - Start training ...
2025-08-17 18:07:42,410 - model.pytorch.dcrnn_supervisor - INFO - num_batches:47
2025-08-17 18:07:44,452 - model.pytorch.dcrnn_supervisor - INFO - Total trainable parameters 25479
2025-08-17 18:07:47,349 - model.pytorch.dcrnn_supervisor - INFO - Total trainable parameters 25479
2025-08-17 18:07:49,988 - model.pytorch.dcrnn_supervisor - INFO - Total trainable parameters 25479
2025-08-17 18:13:56,866 - model.pytorch.dcrnn_supervisor - INFO - epoch complete
2025-08-17 18:13:56,867 - model.pytorch.dcrnn_supervisor - INFO - evaluating now!
2025-08-17 18:14:45,960 - model.pytorch.dcrnn_supervisor - INFO - Epoch [0/20] (47) [PGD eps=0.03, steps=2, alpha=0.015000, rand=True] val_mae_adv:6.6019, val_mis_adv:121.9871, val_width_adv:10.0682, val_mse_adv:93.3473, val_rmse_adv:9.6616
2025-08-17 18:16:18,396 - model.pytorch.dcrnn_supervisor - INFO - Epoch [0/20] (47) [PGD eps=0.03, steps=2, alpha=0.015000, rand=True] test_mae_adv:6.2536, test_mis_adv:110.6551, test_width_adv:9.9318, test_mse_adv:79.2164, test_rmse_adv:8.9004
2025-08-17 18:16:18,508 - model.pytorch.dcrnn_supervisor - INFO - Saved model at 0
2025-08-17 18:16:18,508 - model.pytorch.dcrnn_supervisor - INFO - Val loss_adv decrease from inf to 6.6019, saving to models/epo0.tar
2025-08-17 18:22:35,486 - model.pytorch.dcrnn_supervisor - INFO - epoch complete
2025-08-17 18:22:35,486 - model.pytorch.dcrnn_supervisor - INFO - evaluating now!
2025-08-17 18:23:22,505 - model.pytorch.dcrnn_supervisor - INFO - Epoch [1/20] (94) [PGD eps=0.03, steps=2, alpha=0.015000, rand=True] val_mae_adv:5.4847, val_mis_adv:116.0256, val_width_adv:7.9515, val_mse_adv:75.0085, val_rmse_adv:8.6607
2025-08-17 18:24:53,919 - model.pytorch.dcrnn_supervisor - INFO - Epoch [1/20] (94) [PGD eps=0.03, steps=2, alpha=0.015000, rand=True] test_mae_adv:5.1047, test_mis_adv:104.2454, test_width_adv:7.7392, test_mse_adv:62.6364, test_rmse_adv:7.9143
2025-08-17 18:24:53,935 - model.pytorch.dcrnn_supervisor - INFO - Saved model at 1
2025-08-17 18:24:53,935 - model.pytorch.dcrnn_supervisor - INFO - Val loss_adv decrease from 6.6019 to 5.4847, saving to models/epo1.tar
2025-08-17 18:31:11,272 - model.pytorch.dcrnn_supervisor - INFO - epoch complete
2025-08-17 18:31:11,272 - model.pytorch.dcrnn_supervisor - INFO - evaluating now!
2025-08-17 18:31:55,760 - model.pytorch.dcrnn_supervisor - INFO - Epoch [2/20] (141) [PGD eps=0.03, steps=2, alpha=0.015000, rand=True] val_mae_adv:5.2309, val_mis_adv:119.6003, val_width_adv:6.8926, val_mse_adv:65.7614, val_rmse_adv:8.1093
2025-08-17 18:33:27,495 - model.pytorch.dcrnn_supervisor - INFO - Epoch [2/20] (141) [PGD eps=0.03, steps=2, alpha=0.015000, rand=True] test_mae_adv:4.7865, test_mis_adv:106.3242, test_width_adv:6.6613, test_mse_adv:53.9183, test_rmse_adv:7.3429
2025-08-17 18:33:27,511 - model.pytorch.dcrnn_supervisor - INFO - Saved model at 2
2025-08-17 18:33:27,511 - model.pytorch.dcrnn_supervisor - INFO - Val loss_adv decrease from 5.4847 to 5.2309, saving to models/epo2.tar
2025-08-17 18:39:40,014 - model.pytorch.dcrnn_supervisor - INFO - epoch complete
2025-08-17 18:39:40,014 - model.pytorch.dcrnn_supervisor - INFO - evaluating now!
2025-08-17 18:40:25,930 - model.pytorch.dcrnn_supervisor - INFO - Epoch [3/20] (188) [PGD eps=0.03, steps=2, alpha=0.015000, rand=True] val_mae_adv:5.3098, val_mis_adv:126.1179, val_width_adv:6.2670, val_mse_adv:62.4995, val_rmse_adv:7.9057
2025-08-17 18:41:55,514 - model.pytorch.dcrnn_supervisor - INFO - Epoch [3/20] (188) [PGD eps=0.03, steps=2, alpha=0.015000, rand=True] test_mae_adv:4.8685, test_mis_adv:112.7089, test_width_adv:5.9981, test_mse_adv:51.1046, test_rmse_adv:7.1488
2025-08-17 18:48:08,202 - model.pytorch.dcrnn_supervisor - INFO - epoch complete
2025-08-17 18:48:08,202 - model.pytorch.dcrnn_supervisor - INFO - evaluating now!
2025-08-17 18:48:52,422 - model.pytorch.dcrnn_supervisor - INFO - Epoch [4/20] (235) [PGD eps=0.03, steps=2, alpha=0.015000, rand=True] val_mae_adv:3.9536, val_mis_adv:89.6532, val_width_adv:5.2774, val_mse_adv:44.8044, val_rmse_adv:6.6936
2025-08-17 18:50:23,575 - model.pytorch.dcrnn_supervisor - INFO - Epoch [4/20] (235) [PGD eps=0.03, steps=2, alpha=0.015000, rand=True] test_mae_adv:3.5649, test_mis_adv:77.7655, test_width_adv:5.0454, test_mse_adv:35.0874, test_rmse_adv:5.9235
2025-08-17 18:50:23,591 - model.pytorch.dcrnn_supervisor - INFO - Saved model at 4
2025-08-17 18:50:23,591 - model.pytorch.dcrnn_supervisor - INFO - Val loss_adv decrease from 5.2309 to 3.9536, saving to models/epo4.tar
2025-08-17 18:56:39,680 - model.pytorch.dcrnn_supervisor - INFO - epoch complete
2025-08-17 18:56:39,680 - model.pytorch.dcrnn_supervisor - INFO - evaluating now!
2025-08-17 18:57:25,845 - model.pytorch.dcrnn_supervisor - INFO - Epoch [5/20] (282) [PGD eps=0.03, steps=2, alpha=0.015000, rand=True] val_mae_adv:4.0882, val_mis_adv:91.9767, val_width_adv:5.4332, val_mse_adv:45.8899, val_rmse_adv:6.7742
2025-08-17 18:58:56,891 - model.pytorch.dcrnn_supervisor - INFO - Epoch [5/20] (282) [PGD eps=0.03, steps=2, alpha=0.015000, rand=True] test_mae_adv:3.6560, test_mis_adv:79.0473, test_width_adv:5.1780, test_mse_adv:36.1489, test_rmse_adv:6.0124
2025-08-17 19:05:10,934 - model.pytorch.dcrnn_supervisor - INFO - epoch complete
2025-08-17 19:05:10,934 - model.pytorch.dcrnn_supervisor - INFO - evaluating now!
2025-08-17 19:05:54,759 - model.pytorch.dcrnn_supervisor - INFO - Epoch [6/20] (329) [PGD eps=0.03, steps=2, alpha=0.015000, rand=True] val_mae_adv:2.8943, val_mis_adv:58.5662, val_width_adv:5.1719, val_mse_adv:32.1308, val_rmse_adv:5.6684
2025-08-17 19:07:25,983 - model.pytorch.dcrnn_supervisor - INFO - Epoch [6/20] (329) [PGD eps=0.03, steps=2, alpha=0.015000, rand=True] test_mae_adv:2.5579, test_mis_adv:49.2652, test_width_adv:4.9094, test_mse_adv:24.7223, test_rmse_adv:4.9722
2025-08-17 19:07:25,998 - model.pytorch.dcrnn_supervisor - INFO - Saved model at 6
2025-08-17 19:07:25,998 - model.pytorch.dcrnn_supervisor - INFO - Val loss_adv decrease from 3.9536 to 2.8943, saving to models/epo6.tar
2025-08-17 19:13:33,780 - model.pytorch.dcrnn_supervisor - INFO - epoch complete
2025-08-17 19:13:33,780 - model.pytorch.dcrnn_supervisor - INFO - evaluating now!
2025-08-17 19:14:21,176 - model.pytorch.dcrnn_supervisor - INFO - Epoch [7/20] (376) [PGD eps=0.03, steps=2, alpha=0.015000, rand=True] val_mae_adv:3.6417, val_mis_adv:75.0844, val_width_adv:5.9538, val_mse_adv:40.7181, val_rmse_adv:6.3811
2025-08-17 19:15:50,922 - model.pytorch.dcrnn_supervisor - INFO - Epoch [7/20] (376) [PGD eps=0.03, steps=2, alpha=0.015000, rand=True] test_mae_adv:3.3031, test_mis_adv:66.0137, test_width_adv:5.6771, test_mse_adv:33.3026, test_rmse_adv:5.7708
2025-08-17 19:21:59,691 - model.pytorch.dcrnn_supervisor - INFO - epoch complete
2025-08-17 19:21:59,691 - model.pytorch.dcrnn_supervisor - INFO - evaluating now!
2025-08-17 19:22:44,476 - model.pytorch.dcrnn_supervisor - INFO - Epoch [8/20] (423) [PGD eps=0.03, steps=2, alpha=0.015000, rand=True] val_mae_adv:2.9611, val_mis_adv:61.2226, val_width_adv:4.6431, val_mse_adv:32.5178, val_rmse_adv:5.7024
2025-08-17 19:24:16,853 - model.pytorch.dcrnn_supervisor - INFO - Epoch [8/20] (423) [PGD eps=0.03, steps=2, alpha=0.015000, rand=True] test_mae_adv:2.6380, test_mis_adv:52.3030, test_width_adv:4.3668, test_mse_adv:25.7686, test_rmse_adv:5.0763
2025-08-17 19:30:34,129 - model.pytorch.dcrnn_supervisor - INFO - epoch complete
2025-08-17 19:30:34,129 - model.pytorch.dcrnn_supervisor - INFO - evaluating now!
2025-08-17 19:31:19,404 - model.pytorch.dcrnn_supervisor - INFO - Epoch [9/20] (470) [PGD eps=0.03, steps=2, alpha=0.015000, rand=True] val_mae_adv:3.5707, val_mis_adv:65.9620, val_width_adv:5.5816, val_mse_adv:47.7340, val_rmse_adv:6.9090
2025-08-17 19:32:49,180 - model.pytorch.dcrnn_supervisor - INFO - Epoch [9/20] (470) [PGD eps=0.03, steps=2, alpha=0.015000, rand=True] test_mae_adv:3.2033, test_mis_adv:57.5726, test_width_adv:5.1438, test_mse_adv:38.7761, test_rmse_adv:6.2270
2025-08-17 19:38:56,537 - model.pytorch.dcrnn_supervisor - INFO - epoch complete
2025-08-17 19:38:56,537 - model.pytorch.dcrnn_supervisor - INFO - evaluating now!
2025-08-17 19:39:41,536 - model.pytorch.dcrnn_supervisor - INFO - Epoch [10/20] (517) [PGD eps=0.03, steps=2, alpha=0.015000, rand=True] val_mae_adv:3.1354, val_mis_adv:62.5990, val_width_adv:4.7659, val_mse_adv:31.2828, val_rmse_adv:5.5931
2025-08-17 19:41:12,080 - model.pytorch.dcrnn_supervisor - INFO - Epoch [10/20] (517) [PGD eps=0.03, steps=2, alpha=0.015000, rand=True] test_mae_adv:2.8814, test_mis_adv:54.7976, test_width_adv:4.5796, test_mse_adv:25.3072, test_rmse_adv:5.0306
2025-08-17 19:47:23,088 - model.pytorch.dcrnn_supervisor - INFO - epoch complete
2025-08-17 19:47:23,088 - model.pytorch.dcrnn_supervisor - INFO - evaluating now!
2025-08-17 19:48:08,092 - model.pytorch.dcrnn_supervisor - INFO - Epoch [11/20] (564) [PGD eps=0.03, steps=2, alpha=0.015000, rand=True] val_mae_adv:3.3910, val_mis_adv:74.7659, val_width_adv:4.9153, val_mse_adv:37.2602, val_rmse_adv:6.1041
2025-08-17 19:49:37,927 - model.pytorch.dcrnn_supervisor - INFO - Epoch [11/20] (564) [PGD eps=0.03, steps=2, alpha=0.015000, rand=True] test_mae_adv:3.0964, test_mis_adv:67.0035, test_width_adv:4.6114, test_mse_adv:30.7239, test_rmse_adv:5.5429
2025-08-17 19:55:49,422 - model.pytorch.dcrnn_supervisor - INFO - epoch complete
2025-08-17 19:55:49,422 - model.pytorch.dcrnn_supervisor - INFO - evaluating now!
2025-08-17 19:56:35,589 - model.pytorch.dcrnn_supervisor - INFO - Epoch [12/20] (611) [PGD eps=0.03, steps=2, alpha=0.015000, rand=True] val_mae_adv:2.6440, val_mis_adv:50.6248, val_width_adv:5.0376, val_mse_adv:31.1107, val_rmse_adv:5.5777
2025-08-17 19:58:12,830 - model.pytorch.dcrnn_supervisor - INFO - Epoch [12/20] (611) [PGD eps=0.03, steps=2, alpha=0.015000, rand=True] test_mae_adv:2.3405, test_mis_adv:42.9916, test_width_adv:4.7284, test_mse_adv:24.5107, test_rmse_adv:4.9508
2025-08-17 19:58:12,846 - model.pytorch.dcrnn_supervisor - INFO - Saved model at 12
2025-08-17 19:58:12,846 - model.pytorch.dcrnn_supervisor - INFO - Val loss_adv decrease from 2.8943 to 2.6440, saving to models/epo12.tar
2025-08-17 20:04:22,239 - model.pytorch.dcrnn_supervisor - INFO - epoch complete
2025-08-17 20:04:22,239 - model.pytorch.dcrnn_supervisor - INFO - evaluating now!
2025-08-17 20:05:06,722 - model.pytorch.dcrnn_supervisor - INFO - Epoch [13/20] (658) [PGD eps=0.03, steps=2, alpha=0.015000, rand=True] val_mae_adv:2.5078, val_mis_adv:53.8349, val_width_adv:4.1074, val_mse_adv:26.2940, val_rmse_adv:5.1278
2025-08-17 20:06:37,141 - model.pytorch.dcrnn_supervisor - INFO - Epoch [13/20] (658) [PGD eps=0.03, steps=2, alpha=0.015000, rand=True] test_mae_adv:2.2420, test_mis_adv:45.9831, test_width_adv:3.8932, test_mse_adv:20.8904, test_rmse_adv:4.5706
2025-08-17 20:06:37,157 - model.pytorch.dcrnn_supervisor - INFO - Saved model at 13
2025-08-17 20:06:37,157 - model.pytorch.dcrnn_supervisor - INFO - Val loss_adv decrease from 2.6440 to 2.5078, saving to models/epo13.tar
2025-08-17 20:13:05,597 - model.pytorch.dcrnn_supervisor - INFO - epoch complete
2025-08-17 20:13:05,613 - model.pytorch.dcrnn_supervisor - INFO - evaluating now!
2025-08-17 20:13:50,004 - model.pytorch.dcrnn_supervisor - INFO - Epoch [14/20] (705) [PGD eps=0.03, steps=2, alpha=0.015000, rand=True] val_mae_adv:2.5123, val_mis_adv:54.6092, val_width_adv:4.4317, val_mse_adv:26.2418, val_rmse_adv:5.1227
2025-08-17 20:15:26,647 - model.pytorch.dcrnn_supervisor - INFO - Epoch [14/20] (705) [PGD eps=0.03, steps=2, alpha=0.015000, rand=True] test_mae_adv:2.2489, test_mis_adv:46.6252, test_width_adv:4.2497, test_mse_adv:20.7489, test_rmse_adv:4.5551
2025-08-17 20:21:36,230 - model.pytorch.dcrnn_supervisor - INFO - epoch complete
2025-08-17 20:21:36,230 - model.pytorch.dcrnn_supervisor - INFO - evaluating now!
2025-08-17 20:22:21,963 - model.pytorch.dcrnn_supervisor - INFO - Epoch [15/20] (752) [PGD eps=0.03, steps=2, alpha=0.015000, rand=True] val_mae_adv:3.2006, val_mis_adv:58.8461, val_width_adv:6.3776, val_mse_adv:47.7336, val_rmse_adv:6.9090
2025-08-17 20:23:53,865 - model.pytorch.dcrnn_supervisor - INFO - Epoch [15/20] (752) [PGD eps=0.03, steps=2, alpha=0.015000, rand=True] test_mae_adv:2.8389, test_mis_adv:50.2961, test_width_adv:6.0067, test_mse_adv:38.5756, test_rmse_adv:6.2109
2025-08-17 20:30:08,691 - model.pytorch.dcrnn_supervisor - INFO - epoch complete
2025-08-17 20:30:08,691 - model.pytorch.dcrnn_supervisor - INFO - evaluating now!
2025-08-17 20:30:53,113 - model.pytorch.dcrnn_supervisor - INFO - Epoch [16/20] (799) [PGD eps=0.03, steps=2, alpha=0.015000, rand=True] val_mae_adv:3.2676, val_mis_adv:72.6112, val_width_adv:3.9963, val_mse_adv:32.9911, val_rmse_adv:5.7438
2025-08-17 20:32:26,726 - model.pytorch.dcrnn_supervisor - INFO - Epoch [16/20] (799) [PGD eps=0.03, steps=2, alpha=0.015000, rand=True] test_mae_adv:3.0829, test_mis_adv:66.5730, test_width_adv:3.8132, test_mse_adv:27.7889, test_rmse_adv:5.2715
2025-08-17 20:38:38,402 - model.pytorch.dcrnn_supervisor - INFO - epoch complete
2025-08-17 20:38:38,402 - model.pytorch.dcrnn_supervisor - INFO - evaluating now!
2025-08-17 20:39:23,454 - model.pytorch.dcrnn_supervisor - INFO - Epoch [17/20] (846) [PGD eps=0.03, steps=2, alpha=0.015000, rand=True] val_mae_adv:4.0496, val_mis_adv:90.5434, val_width_adv:5.4631, val_mse_adv:68.1657, val_rmse_adv:8.2563
2025-08-17 20:40:52,951 - model.pytorch.dcrnn_supervisor - INFO - Epoch [17/20] (846) [PGD eps=0.03, steps=2, alpha=0.015000, rand=True] test_mae_adv:3.5951, test_mis_adv:78.8636, test_width_adv:5.0646, test_mse_adv:56.1952, test_rmse_adv:7.4963
2025-08-17 20:47:00,129 - model.pytorch.dcrnn_supervisor - INFO - epoch complete
2025-08-17 20:47:00,129 - model.pytorch.dcrnn_supervisor - INFO - evaluating now!
2025-08-17 20:47:45,146 - model.pytorch.dcrnn_supervisor - INFO - Epoch [18/20] (893) [PGD eps=0.03, steps=2, alpha=0.015000, rand=True] val_mae_adv:3.2889, val_mis_adv:77.5319, val_width_adv:4.2405, val_mse_adv:29.9799, val_rmse_adv:5.4754
2025-08-17 20:49:15,356 - model.pytorch.dcrnn_supervisor - INFO - Epoch [18/20] (893) [PGD eps=0.03, steps=2, alpha=0.015000, rand=True] test_mae_adv:3.1285, test_mis_adv:72.8597, test_width_adv:4.0690, test_mse_adv:25.7455, test_rmse_adv:5.0740
2025-08-17 20:55:26,843 - model.pytorch.dcrnn_supervisor - INFO - epoch complete
2025-08-17 20:55:26,843 - model.pytorch.dcrnn_supervisor - INFO - evaluating now!
2025-08-17 20:56:15,376 - model.pytorch.dcrnn_supervisor - INFO - Epoch [19/20] (940) [PGD eps=0.03, steps=2, alpha=0.015000, rand=True] val_mae_adv:2.7690, val_mis_adv:66.5063, val_width_adv:3.8277, val_mse_adv:35.1976, val_rmse_adv:5.9328
2025-08-17 20:57:50,387 - model.pytorch.dcrnn_supervisor - INFO - Epoch [19/20] (940) [PGD eps=0.03, steps=2, alpha=0.015000, rand=True] test_mae_adv:2.4310, test_mis_adv:55.3549, test_width_adv:3.6823, test_mse_adv:26.7323, test_rmse_adv:5.1703
