2025-08-05 18:20:32,524 - model.pytorch.dcrnn_supervisor - INFO - Log directory: data/model\dcrnn_DR_2_h_12_16-16_lr_0.01_bs_256_0805182032/
2025-08-05 18:20:54,913 - model.pytorch.dcrnn_supervisor - INFO - Model created
2025-08-05 18:20:58,536 - model.pytorch.dcrnn_supervisor - INFO - Start training ...
2025-08-05 18:20:58,536 - model.pytorch.dcrnn_supervisor - INFO - num_batches:47
2025-08-05 18:21:00,363 - model.pytorch.dcrnn_supervisor - INFO - Total trainable parameters 25479
2025-08-05 18:23:04,267 - model.pytorch.dcrnn_supervisor - INFO - epoch complete
2025-08-05 18:23:04,267 - model.pytorch.dcrnn_supervisor - INFO - evaluating now!
2025-08-05 18:23:12,906 - model.pytorch.dcrnn_supervisor - INFO - Epoch [0/20] (47) val_mae:4.8742, val_mis: 105.3743, val_width: 8.3159, val_mse: 74.7946, val_rmse: 8.6484 , 
2025-08-05 18:23:30,280 - model.pytorch.dcrnn_supervisor - INFO - Epoch [0/20] (47) test_mae:4.4574,test_mis: 91.5288, test_width: 8.2760, test_mse: 59.1032, test_rmse: 7.6879 , 
2025-08-05 18:23:30,390 - model.pytorch.dcrnn_supervisor - INFO - Saved model at 0
2025-08-05 18:23:30,390 - model.pytorch.dcrnn_supervisor - INFO - Val loss decrease from inf to 4.8742, saving to models/epo0.tar
2025-08-05 18:25:36,670 - model.pytorch.dcrnn_supervisor - INFO - epoch complete
2025-08-05 18:25:36,670 - model.pytorch.dcrnn_supervisor - INFO - evaluating now!
2025-08-05 18:25:44,676 - model.pytorch.dcrnn_supervisor - INFO - Epoch [1/20] (94) val_mae:4.8411, val_mis: 106.4521, val_width: 7.6321, val_mse: 67.2315, val_rmse: 8.1995 , 
2025-08-05 18:26:01,258 - model.pytorch.dcrnn_supervisor - INFO - Epoch [1/20] (94) test_mae:4.5009,test_mis: 94.6413, test_width: 7.5305, test_mse: 53.9059, test_rmse: 7.3421 , 
2025-08-05 18:26:01,274 - model.pytorch.dcrnn_supervisor - INFO - Saved model at 1
2025-08-05 18:26:01,274 - model.pytorch.dcrnn_supervisor - INFO - Val loss decrease from 4.8742 to 4.8411, saving to models/epo1.tar
2025-08-05 18:28:05,527 - model.pytorch.dcrnn_supervisor - INFO - epoch complete
2025-08-05 18:28:05,527 - model.pytorch.dcrnn_supervisor - INFO - evaluating now!
2025-08-05 18:28:14,292 - model.pytorch.dcrnn_supervisor - INFO - Epoch [2/20] (141) val_mae:4.6473, val_mis: 104.4457, val_width: 6.8717, val_mse: 63.5688, val_rmse: 7.9730 , 
2025-08-05 18:28:31,509 - model.pytorch.dcrnn_supervisor - INFO - Epoch [2/20] (141) test_mae:4.2951,test_mis: 92.3402, test_width: 6.7383, test_mse: 50.7127, test_rmse: 7.1213 , 
2025-08-05 18:28:31,524 - model.pytorch.dcrnn_supervisor - INFO - Saved model at 2
2025-08-05 18:28:31,524 - model.pytorch.dcrnn_supervisor - INFO - Val loss decrease from 4.8411 to 4.6473, saving to models/epo2.tar
2025-08-05 18:30:35,556 - model.pytorch.dcrnn_supervisor - INFO - epoch complete
2025-08-05 18:30:35,556 - model.pytorch.dcrnn_supervisor - INFO - evaluating now!
2025-08-05 18:30:43,720 - model.pytorch.dcrnn_supervisor - INFO - Epoch [3/20] (188) val_mae:5.1149, val_mis: 124.3163, val_width: 7.0705, val_mse: 65.6106, val_rmse: 8.1000 , 
2025-08-05 18:31:00,114 - model.pytorch.dcrnn_supervisor - INFO - Epoch [3/20] (188) test_mae:4.8096,test_mis: 114.3734, test_width: 6.8959, test_mse: 53.8135, test_rmse: 7.3358 , 
2025-08-05 18:33:02,698 - model.pytorch.dcrnn_supervisor - INFO - epoch complete
2025-08-05 18:33:02,698 - model.pytorch.dcrnn_supervisor - INFO - evaluating now!
2025-08-05 18:33:10,878 - model.pytorch.dcrnn_supervisor - INFO - Epoch [4/20] (235) val_mae:3.9266, val_mis: 76.0002, val_width: 6.5623, val_mse: 50.6081, val_rmse: 7.1139 , 
2025-08-05 18:33:28,366 - model.pytorch.dcrnn_supervisor - INFO - Epoch [4/20] (235) test_mae:3.5293,test_mis: 64.4289, test_width: 6.3712, test_mse: 39.2829, test_rmse: 6.2676 , 
2025-08-05 18:33:28,382 - model.pytorch.dcrnn_supervisor - INFO - Saved model at 4
2025-08-05 18:33:28,382 - model.pytorch.dcrnn_supervisor - INFO - Val loss decrease from 4.6473 to 3.9266, saving to models/epo4.tar
2025-08-05 18:35:32,567 - model.pytorch.dcrnn_supervisor - INFO - epoch complete
2025-08-05 18:35:32,567 - model.pytorch.dcrnn_supervisor - INFO - evaluating now!
2025-08-05 18:35:40,770 - model.pytorch.dcrnn_supervisor - INFO - Epoch [5/20] (282) val_mae:3.8964, val_mis: 71.0168, val_width: 6.8710, val_mse: 47.5143, val_rmse: 6.8931 , 
2025-08-05 18:35:57,806 - model.pytorch.dcrnn_supervisor - INFO - Epoch [5/20] (282) test_mae:3.5007,test_mis: 59.5654, test_width: 6.6956, test_mse: 36.8925, test_rmse: 6.0739 , 
2025-08-05 18:35:57,831 - model.pytorch.dcrnn_supervisor - INFO - Saved model at 5
2025-08-05 18:35:57,833 - model.pytorch.dcrnn_supervisor - INFO - Val loss decrease from 3.9266 to 3.8964, saving to models/epo5.tar
2025-08-05 18:37:59,926 - model.pytorch.dcrnn_supervisor - INFO - epoch complete
2025-08-05 18:37:59,926 - model.pytorch.dcrnn_supervisor - INFO - evaluating now!
2025-08-05 18:38:08,014 - model.pytorch.dcrnn_supervisor - INFO - Epoch [6/20] (329) val_mae:4.6892, val_mis: 110.5498, val_width: 6.8184, val_mse: 57.6600, val_rmse: 7.5934 , 
2025-08-05 18:38:26,162 - model.pytorch.dcrnn_supervisor - INFO - Epoch [6/20] (329) test_mae:4.2446,test_mis: 98.2039, test_width: 6.6046, test_mse: 46.2945, test_rmse: 6.8040 , 
2025-08-05 18:40:33,240 - model.pytorch.dcrnn_supervisor - INFO - epoch complete
2025-08-05 18:40:33,240 - model.pytorch.dcrnn_supervisor - INFO - evaluating now!
2025-08-05 18:40:41,558 - model.pytorch.dcrnn_supervisor - INFO - Epoch [7/20] (376) val_mae:3.6484, val_mis: 67.6903, val_width: 6.3674, val_mse: 43.1237, val_rmse: 6.5669 , 
2025-08-05 18:40:58,188 - model.pytorch.dcrnn_supervisor - INFO - Epoch [7/20] (376) test_mae:3.2879,test_mis: 57.7286, test_width: 6.1872, test_mse: 33.6163, test_rmse: 5.7980 , 
2025-08-05 18:40:58,204 - model.pytorch.dcrnn_supervisor - INFO - Saved model at 7
2025-08-05 18:40:58,204 - model.pytorch.dcrnn_supervisor - INFO - Val loss decrease from 3.8964 to 3.6484, saving to models/epo7.tar
2025-08-05 18:43:07,875 - model.pytorch.dcrnn_supervisor - INFO - epoch complete
2025-08-05 18:43:07,878 - model.pytorch.dcrnn_supervisor - INFO - evaluating now!
2025-08-05 18:43:17,659 - model.pytorch.dcrnn_supervisor - INFO - Epoch [8/20] (423) val_mae:4.1279, val_mis: 89.4316, val_width: 5.2033, val_mse: 52.3889, val_rmse: 7.2380 , 
2025-08-05 18:43:37,304 - model.pytorch.dcrnn_supervisor - INFO - Epoch [8/20] (423) test_mae:3.6890,test_mis: 76.1329, test_width: 5.0456, test_mse: 40.9732, test_rmse: 6.4010 , 
2025-08-05 18:45:44,922 - model.pytorch.dcrnn_supervisor - INFO - epoch complete
2025-08-05 18:45:44,922 - model.pytorch.dcrnn_supervisor - INFO - evaluating now!
2025-08-05 18:45:53,731 - model.pytorch.dcrnn_supervisor - INFO - Epoch [9/20] (470) val_mae:3.6361, val_mis: 77.3717, val_width: 4.8385, val_mse: 42.5474, val_rmse: 6.5228 , 
2025-08-05 18:46:10,251 - model.pytorch.dcrnn_supervisor - INFO - Epoch [9/20] (470) test_mae:3.2833,test_mis: 67.1460, test_width: 4.6340, test_mse: 33.2496, test_rmse: 5.7662 , 
2025-08-05 18:46:10,283 - model.pytorch.dcrnn_supervisor - INFO - Saved model at 9
2025-08-05 18:46:10,283 - model.pytorch.dcrnn_supervisor - INFO - Val loss decrease from 3.6484 to 3.6361, saving to models/epo9.tar
2025-08-05 18:48:18,692 - model.pytorch.dcrnn_supervisor - INFO - epoch complete
2025-08-05 18:48:18,693 - model.pytorch.dcrnn_supervisor - INFO - evaluating now!
2025-08-05 18:48:27,515 - model.pytorch.dcrnn_supervisor - INFO - Epoch [10/20] (517) val_mae:3.9196, val_mis: 92.5281, val_width: 4.8267, val_mse: 43.1816, val_rmse: 6.5713 , 
2025-08-05 18:48:43,688 - model.pytorch.dcrnn_supervisor - INFO - Epoch [10/20] (517) test_mae:3.6603,test_mis: 85.0851, test_width: 4.6470, test_mse: 34.7979, test_rmse: 5.8990 , 
2025-08-05 18:50:52,329 - model.pytorch.dcrnn_supervisor - INFO - epoch complete
2025-08-05 18:50:52,329 - model.pytorch.dcrnn_supervisor - INFO - evaluating now!
2025-08-05 18:51:00,443 - model.pytorch.dcrnn_supervisor - INFO - Epoch [11/20] (564) val_mae:3.7072, val_mis: 80.0274, val_width: 5.1046, val_mse: 41.9614, val_rmse: 6.4778 , 
2025-08-05 18:51:17,363 - model.pytorch.dcrnn_supervisor - INFO - Epoch [11/20] (564) test_mae:3.3954,test_mis: 70.2519, test_width: 4.9711, test_mse: 33.3104, test_rmse: 5.7715 , 
2025-08-05 18:53:21,834 - model.pytorch.dcrnn_supervisor - INFO - epoch complete
2025-08-05 18:53:21,834 - model.pytorch.dcrnn_supervisor - INFO - evaluating now!
2025-08-05 18:53:30,212 - model.pytorch.dcrnn_supervisor - INFO - Epoch [12/20] (611) val_mae:3.8102, val_mis: 88.7605, val_width: 4.2100, val_mse: 45.1802, val_rmse: 6.7216 , 
2025-08-05 18:53:46,300 - model.pytorch.dcrnn_supervisor - INFO - Epoch [12/20] (611) test_mae:3.4079,test_mis: 75.9675, test_width: 4.0677, test_mse: 35.3783, test_rmse: 5.9480 , 
2025-08-05 18:55:55,434 - model.pytorch.dcrnn_supervisor - INFO - epoch complete
2025-08-05 18:55:55,434 - model.pytorch.dcrnn_supervisor - INFO - evaluating now!
2025-08-05 18:56:03,928 - model.pytorch.dcrnn_supervisor - INFO - Epoch [13/20] (658) val_mae:3.6777, val_mis: 85.1219, val_width: 4.0892, val_mse: 47.2365, val_rmse: 6.8729 , 
2025-08-05 18:56:21,978 - model.pytorch.dcrnn_supervisor - INFO - Epoch [13/20] (658) test_mae:3.2464,test_mis: 71.2969, test_width: 3.9429, test_mse: 36.4120, test_rmse: 6.0342 , 
2025-08-05 18:58:29,738 - model.pytorch.dcrnn_supervisor - INFO - epoch complete
2025-08-05 18:58:29,738 - model.pytorch.dcrnn_supervisor - INFO - evaluating now!
2025-08-05 18:58:38,252 - model.pytorch.dcrnn_supervisor - INFO - Epoch [14/20] (705) val_mae:4.8014, val_mis: 122.0485, val_width: 5.5580, val_mse: 49.7659, val_rmse: 7.0545 , 
2025-08-05 18:58:55,119 - model.pytorch.dcrnn_supervisor - INFO - Epoch [14/20] (705) test_mae:4.7290,test_mis: 119.3470, test_width: 5.4719, test_mse: 43.2679, test_rmse: 6.5778 , 
