2025-08-22 16:02:32,968 - model.pytorch.dcrnn_supervisor - INFO - Log directory: data/model\dcrnn_DR_2_h_12_16-16_lr_0.01_bs_256_0822160232/
2025-08-22 16:02:40,622 - model.pytorch.dcrnn_supervisor - INFO - Model created
2025-08-22 16:03:03,745 - model.pytorch.dcrnn_supervisor - INFO - Start training ...
2025-08-22 16:03:03,745 - model.pytorch.dcrnn_supervisor - INFO - num_batches:49
2025-08-22 16:03:05,698 - model.pytorch.dcrnn_supervisor - INFO - Total trainable parameters 24931
2025-08-22 16:03:08,463 - model.pytorch.dcrnn_supervisor - INFO - Total trainable parameters 24931
2025-08-22 16:03:11,063 - model.pytorch.dcrnn_supervisor - INFO - Total trainable parameters 24931
2025-08-22 16:09:32,154 - model.pytorch.dcrnn_supervisor - INFO - epoch complete
2025-08-22 16:09:32,154 - model.pytorch.dcrnn_supervisor - INFO - evaluating now!
2025-08-22 16:10:17,074 - model.pytorch.dcrnn_supervisor - INFO - Epoch [0/20] (49) [PGD eps=0.03, steps=2, alpha=0.015000, rand=True] val_mae_adv:4.4108, val_mis_adv:90.6880, val_width_adv:7.6882, val_mse_adv:46.8537, val_rmse_adv:6.8450
2025-08-22 16:11:47,544 - model.pytorch.dcrnn_supervisor - INFO - Epoch [0/20] (49) [PGD eps=0.03, steps=2, alpha=0.015000, rand=True] test_mae_adv:4.5297, test_mis_adv:94.4887, test_width_adv:7.6395, test_mse_adv:49.1686, test_rmse_adv:7.0120
2025-08-22 16:11:47,576 - model.pytorch.dcrnn_supervisor - INFO - Saved model at 0
2025-08-22 16:11:47,576 - model.pytorch.dcrnn_supervisor - INFO - Val loss_adv decrease from inf to 4.4108, saving to models/epo0.tar
2025-08-22 16:18:30,947 - model.pytorch.dcrnn_supervisor - INFO - epoch complete
2025-08-22 16:18:30,947 - model.pytorch.dcrnn_supervisor - INFO - evaluating now!
2025-08-22 16:19:18,912 - model.pytorch.dcrnn_supervisor - INFO - Epoch [1/20] (98) [PGD eps=0.03, steps=2, alpha=0.015000, rand=True] val_mae_adv:3.7105, val_mis_adv:78.2212, val_width_adv:5.7866, val_mse_adv:36.7723, val_rmse_adv:6.0640
2025-08-22 16:20:52,600 - model.pytorch.dcrnn_supervisor - INFO - Epoch [1/20] (98) [PGD eps=0.03, steps=2, alpha=0.015000, rand=True] test_mae_adv:3.7752, test_mis_adv:80.7788, test_width_adv:5.7213, test_mse_adv:38.0667, test_rmse_adv:6.1698
2025-08-22 16:20:52,618 - model.pytorch.dcrnn_supervisor - INFO - Saved model at 1
2025-08-22 16:20:52,620 - model.pytorch.dcrnn_supervisor - INFO - Val loss_adv decrease from 4.4108 to 3.7105, saving to models/epo1.tar
2025-08-22 16:27:31,029 - model.pytorch.dcrnn_supervisor - INFO - epoch complete
2025-08-22 16:27:31,029 - model.pytorch.dcrnn_supervisor - INFO - evaluating now!
2025-08-22 16:28:17,494 - model.pytorch.dcrnn_supervisor - INFO - Epoch [2/20] (147) [PGD eps=0.03, steps=2, alpha=0.015000, rand=True] val_mae_adv:4.1638, val_mis_adv:98.5736, val_width_adv:5.0658, val_mse_adv:45.0614, val_rmse_adv:6.7128
2025-08-22 16:29:50,670 - model.pytorch.dcrnn_supervisor - INFO - Epoch [2/20] (147) [PGD eps=0.03, steps=2, alpha=0.015000, rand=True] test_mae_adv:4.1649, test_mis_adv:98.5697, test_width_adv:5.0645, test_mse_adv:46.0463, test_rmse_adv:6.7857
2025-08-22 16:36:34,928 - model.pytorch.dcrnn_supervisor - INFO - epoch complete
2025-08-22 16:36:34,929 - model.pytorch.dcrnn_supervisor - INFO - evaluating now!
2025-08-22 16:37:20,609 - model.pytorch.dcrnn_supervisor - INFO - Epoch [3/20] (196) [PGD eps=0.03, steps=2, alpha=0.015000, rand=True] val_mae_adv:3.7333, val_mis_adv:79.1393, val_width_adv:5.0855, val_mse_adv:32.4701, val_rmse_adv:5.6983
2025-08-22 16:38:56,961 - model.pytorch.dcrnn_supervisor - INFO - Epoch [3/20] (196) [PGD eps=0.03, steps=2, alpha=0.015000, rand=True] test_mae_adv:3.7938, test_mis_adv:81.1539, test_width_adv:5.0532, test_mse_adv:33.3868, test_rmse_adv:5.7781
2025-08-22 16:45:45,157 - model.pytorch.dcrnn_supervisor - INFO - epoch complete
2025-08-22 16:45:45,158 - model.pytorch.dcrnn_supervisor - INFO - evaluating now!
2025-08-22 16:46:31,651 - model.pytorch.dcrnn_supervisor - INFO - Epoch [4/20] (245) [PGD eps=0.03, steps=2, alpha=0.015000, rand=True] val_mae_adv:2.9593, val_mis_adv:58.9330, val_width_adv:4.7447, val_mse_adv:25.1664, val_rmse_adv:5.0166
2025-08-22 16:48:06,580 - model.pytorch.dcrnn_supervisor - INFO - Epoch [4/20] (245) [PGD eps=0.03, steps=2, alpha=0.015000, rand=True] test_mae_adv:2.9794, test_mis_adv:59.1859, test_width_adv:4.7836, test_mse_adv:25.5423, test_rmse_adv:5.0539
2025-08-22 16:48:06,591 - model.pytorch.dcrnn_supervisor - INFO - Saved model at 4
2025-08-22 16:48:06,592 - model.pytorch.dcrnn_supervisor - INFO - Val loss_adv decrease from 3.7105 to 2.9593, saving to models/epo4.tar
2025-08-22 16:54:44,428 - model.pytorch.dcrnn_supervisor - INFO - epoch complete
2025-08-22 16:54:44,428 - model.pytorch.dcrnn_supervisor - INFO - evaluating now!
2025-08-22 16:55:30,833 - model.pytorch.dcrnn_supervisor - INFO - Epoch [5/20] (294) [PGD eps=0.03, steps=2, alpha=0.015000, rand=True] val_mae_adv:4.0126, val_mis_adv:74.4230, val_width_adv:6.1656, val_mse_adv:33.7655, val_rmse_adv:5.8108
2025-08-22 16:57:05,513 - model.pytorch.dcrnn_supervisor - INFO - Epoch [5/20] (294) [PGD eps=0.03, steps=2, alpha=0.015000, rand=True] test_mae_adv:3.9743, test_mis_adv:73.5021, test_width_adv:6.1179, test_mse_adv:33.6744, test_rmse_adv:5.8030
2025-08-22 17:03:52,381 - model.pytorch.dcrnn_supervisor - INFO - epoch complete
2025-08-22 17:03:52,387 - model.pytorch.dcrnn_supervisor - INFO - evaluating now!
2025-08-22 17:04:40,023 - model.pytorch.dcrnn_supervisor - INFO - Epoch [6/20] (343) [PGD eps=0.03, steps=2, alpha=0.015000, rand=True] val_mae_adv:5.3268, val_mis_adv:108.4855, val_width_adv:7.4433, val_mse_adv:81.3329, val_rmse_adv:9.0185
2025-08-22 17:06:15,523 - model.pytorch.dcrnn_supervisor - INFO - Epoch [6/20] (343) [PGD eps=0.03, steps=2, alpha=0.015000, rand=True] test_mae_adv:5.0482, test_mis_adv:102.5347, test_width_adv:7.1748, test_mse_adv:75.3024, test_rmse_adv:8.6777
2025-08-22 17:13:04,741 - model.pytorch.dcrnn_supervisor - INFO - epoch complete
2025-08-22 17:13:04,742 - model.pytorch.dcrnn_supervisor - INFO - evaluating now!
2025-08-22 17:13:53,645 - model.pytorch.dcrnn_supervisor - INFO - Epoch [7/20] (392) [PGD eps=0.03, steps=2, alpha=0.015000, rand=True] val_mae_adv:2.3212, val_mis_adv:41.1135, val_width_adv:4.4353, val_mse_adv:19.1235, val_rmse_adv:4.3730
2025-08-22 17:15:27,391 - model.pytorch.dcrnn_supervisor - INFO - Epoch [7/20] (392) [PGD eps=0.03, steps=2, alpha=0.015000, rand=True] test_mae_adv:2.3253, test_mis_adv:41.1277, test_width_adv:4.4633, test_mse_adv:19.5649, test_rmse_adv:4.4232
2025-08-22 17:15:27,407 - model.pytorch.dcrnn_supervisor - INFO - Saved model at 7
2025-08-22 17:15:27,407 - model.pytorch.dcrnn_supervisor - INFO - Val loss_adv decrease from 2.9593 to 2.3212, saving to models/epo7.tar
2025-08-22 17:22:21,157 - model.pytorch.dcrnn_supervisor - INFO - epoch complete
2025-08-22 17:22:21,158 - model.pytorch.dcrnn_supervisor - INFO - evaluating now!
2025-08-22 17:23:12,085 - model.pytorch.dcrnn_supervisor - INFO - Epoch [8/20] (441) [PGD eps=0.03, steps=2, alpha=0.015000, rand=True] val_mae_adv:3.4148, val_mis_adv:66.6688, val_width_adv:5.2104, val_mse_adv:26.7181, val_rmse_adv:5.1690
2025-08-22 17:24:50,409 - model.pytorch.dcrnn_supervisor - INFO - Epoch [8/20] (441) [PGD eps=0.03, steps=2, alpha=0.015000, rand=True] test_mae_adv:3.4036, test_mis_adv:66.7151, test_width_adv:5.1865, test_mse_adv:26.9843, test_rmse_adv:5.1946
2025-08-22 17:31:31,779 - model.pytorch.dcrnn_supervisor - INFO - epoch complete
2025-08-22 17:31:31,779 - model.pytorch.dcrnn_supervisor - INFO - evaluating now!
2025-08-22 17:32:19,501 - model.pytorch.dcrnn_supervisor - INFO - Epoch [9/20] (490) [PGD eps=0.03, steps=2, alpha=0.015000, rand=True] val_mae_adv:3.1578, val_mis_adv:71.7327, val_width_adv:3.8236, val_mse_adv:22.2039, val_rmse_adv:4.7121
2025-08-22 17:33:55,651 - model.pytorch.dcrnn_supervisor - INFO - Epoch [9/20] (490) [PGD eps=0.03, steps=2, alpha=0.015000, rand=True] test_mae_adv:3.2178, test_mis_adv:73.5125, test_width_adv:3.8355, test_mse_adv:22.7989, test_rmse_adv:4.7748
2025-08-22 17:40:38,218 - model.pytorch.dcrnn_supervisor - INFO - epoch complete
2025-08-22 17:40:38,218 - model.pytorch.dcrnn_supervisor - INFO - evaluating now!
2025-08-22 17:41:23,236 - model.pytorch.dcrnn_supervisor - INFO - Epoch [10/20] (539) [PGD eps=0.03, steps=2, alpha=0.015000, rand=True] val_mae_adv:3.7396, val_mis_adv:82.6760, val_width_adv:4.9755, val_mse_adv:30.2949, val_rmse_adv:5.5041
2025-08-22 17:42:57,477 - model.pytorch.dcrnn_supervisor - INFO - Epoch [10/20] (539) [PGD eps=0.03, steps=2, alpha=0.015000, rand=True] test_mae_adv:3.6911, test_mis_adv:80.0858, test_width_adv:5.0438, test_mse_adv:29.9496, test_rmse_adv:5.4726
2025-08-22 17:49:43,691 - model.pytorch.dcrnn_supervisor - INFO - epoch complete
2025-08-22 17:49:43,692 - model.pytorch.dcrnn_supervisor - INFO - evaluating now!
2025-08-22 17:50:27,653 - model.pytorch.dcrnn_supervisor - INFO - Epoch [11/20] (588) [PGD eps=0.03, steps=2, alpha=0.015000, rand=True] val_mae_adv:2.3749, val_mis_adv:45.1710, val_width_adv:4.1605, val_mse_adv:20.8957, val_rmse_adv:4.5712
2025-08-22 17:52:00,839 - model.pytorch.dcrnn_supervisor - INFO - Epoch [11/20] (588) [PGD eps=0.03, steps=2, alpha=0.015000, rand=True] test_mae_adv:2.3770, test_mis_adv:44.9220, test_width_adv:4.2055, test_mse_adv:21.4138, test_rmse_adv:4.6275
2025-08-22 17:58:27,050 - model.pytorch.dcrnn_supervisor - INFO - epoch complete
2025-08-22 17:58:27,053 - model.pytorch.dcrnn_supervisor - INFO - evaluating now!
2025-08-22 17:59:14,018 - model.pytorch.dcrnn_supervisor - INFO - Epoch [12/20] (637) [PGD eps=0.03, steps=2, alpha=0.015000, rand=True] val_mae_adv:2.3302, val_mis_adv:44.9226, val_width_adv:4.1756, val_mse_adv:18.6411, val_rmse_adv:4.3175
2025-08-22 18:00:45,885 - model.pytorch.dcrnn_supervisor - INFO - Epoch [12/20] (637) [PGD eps=0.03, steps=2, alpha=0.015000, rand=True] test_mae_adv:2.3390, test_mis_adv:45.0752, test_width_adv:4.2018, test_mse_adv:18.8977, test_rmse_adv:4.3471
2025-08-22 18:07:15,565 - model.pytorch.dcrnn_supervisor - INFO - epoch complete
2025-08-22 18:07:15,567 - model.pytorch.dcrnn_supervisor - INFO - evaluating now!
2025-08-22 18:08:01,011 - model.pytorch.dcrnn_supervisor - INFO - Epoch [13/20] (686) [PGD eps=0.03, steps=2, alpha=0.015000, rand=True] val_mae_adv:2.3504, val_mis_adv:45.8016, val_width_adv:3.9396, val_mse_adv:18.5860, val_rmse_adv:4.3111
2025-08-22 18:09:30,262 - model.pytorch.dcrnn_supervisor - INFO - Epoch [13/20] (686) [PGD eps=0.03, steps=2, alpha=0.015000, rand=True] test_mae_adv:2.3163, test_mis_adv:44.3880, test_width_adv:3.9873, test_mse_adv:18.4302, test_rmse_adv:4.2930
2025-08-22 18:16:04,696 - model.pytorch.dcrnn_supervisor - INFO - epoch complete
2025-08-22 18:16:04,698 - model.pytorch.dcrnn_supervisor - INFO - evaluating now!
2025-08-22 18:17:16,545 - model.pytorch.dcrnn_supervisor - INFO - Epoch [14/20] (735) [PGD eps=0.03, steps=2, alpha=0.015000, rand=True] val_mae_adv:2.9264, val_mis_adv:62.7252, val_width_adv:3.5704, val_mse_adv:19.8915, val_rmse_adv:4.4600
2025-08-22 22:27:24,628 - model.pytorch.dcrnn_supervisor - INFO - Epoch [14/20] (735) [PGD eps=0.03, steps=2, alpha=0.015000, rand=True] test_mae_adv:2.9839, test_mis_adv:64.3948, test_width_adv:3.5791, test_mse_adv:20.3823, test_rmse_adv:4.5147
2025-08-22 22:32:12,334 - model.pytorch.dcrnn_supervisor - INFO - epoch complete
2025-08-22 22:32:12,334 - model.pytorch.dcrnn_supervisor - INFO - evaluating now!
2025-08-22 22:32:55,171 - model.pytorch.dcrnn_supervisor - INFO - Epoch [15/20] (784) [PGD eps=0.03, steps=2, alpha=0.015000, rand=True] val_mae_adv:1.9271, val_mis_adv:34.5829, val_width_adv:3.9230, val_mse_adv:15.7145, val_rmse_adv:3.9642
2025-08-22 22:34:26,906 - model.pytorch.dcrnn_supervisor - INFO - Epoch [15/20] (784) [PGD eps=0.03, steps=2, alpha=0.015000, rand=True] test_mae_adv:1.9209, test_mis_adv:34.1981, test_width_adv:3.9586, test_mse_adv:15.7821, test_rmse_adv:3.9727
2025-08-22 22:34:26,938 - model.pytorch.dcrnn_supervisor - INFO - Saved model at 15
2025-08-22 22:34:26,938 - model.pytorch.dcrnn_supervisor - INFO - Val loss_adv decrease from 2.3212 to 1.9271, saving to models/epo15.tar
2025-08-22 22:40:39,795 - model.pytorch.dcrnn_supervisor - INFO - epoch complete
2025-08-22 22:40:39,795 - model.pytorch.dcrnn_supervisor - INFO - evaluating now!
2025-08-22 22:41:23,095 - model.pytorch.dcrnn_supervisor - INFO - Epoch [16/20] (833) [PGD eps=0.03, steps=2, alpha=0.015000, rand=True] val_mae_adv:2.8586, val_mis_adv:59.1911, val_width_adv:4.9352, val_mse_adv:24.3826, val_rmse_adv:4.9379
2025-08-22 22:42:54,071 - model.pytorch.dcrnn_supervisor - INFO - Epoch [16/20] (833) [PGD eps=0.03, steps=2, alpha=0.015000, rand=True] test_mae_adv:2.8630, test_mis_adv:59.1422, test_width_adv:4.9651, test_mse_adv:24.9792, test_rmse_adv:4.9979
2025-08-22 22:49:05,770 - model.pytorch.dcrnn_supervisor - INFO - epoch complete
2025-08-22 22:49:05,770 - model.pytorch.dcrnn_supervisor - INFO - evaluating now!
2025-08-22 22:49:47,874 - model.pytorch.dcrnn_supervisor - INFO - Epoch [17/20] (882) [PGD eps=0.03, steps=2, alpha=0.015000, rand=True] val_mae_adv:2.7520, val_mis_adv:47.4753, val_width_adv:4.9839, val_mse_adv:19.7332, val_rmse_adv:4.4422
2025-08-22 22:51:24,712 - model.pytorch.dcrnn_supervisor - INFO - Epoch [17/20] (882) [PGD eps=0.03, steps=2, alpha=0.015000, rand=True] test_mae_adv:2.7557, test_mis_adv:47.6272, test_width_adv:5.0106, test_mse_adv:20.0946, test_rmse_adv:4.4827
2025-08-22 22:58:00,094 - model.pytorch.dcrnn_supervisor - INFO - epoch complete
2025-08-22 22:58:00,094 - model.pytorch.dcrnn_supervisor - INFO - evaluating now!
2025-08-22 22:58:45,561 - model.pytorch.dcrnn_supervisor - INFO - Epoch [18/20] (931) [PGD eps=0.03, steps=2, alpha=0.015000, rand=True] val_mae_adv:2.8593, val_mis_adv:57.4127, val_width_adv:4.1567, val_mse_adv:25.1375, val_rmse_adv:5.0137
2025-08-22 23:00:18,448 - model.pytorch.dcrnn_supervisor - INFO - Epoch [18/20] (931) [PGD eps=0.03, steps=2, alpha=0.015000, rand=True] test_mae_adv:2.8853, test_mis_adv:56.7798, test_width_adv:4.3114, test_mse_adv:26.6999, test_rmse_adv:5.1672
2025-08-22 23:06:43,719 - model.pytorch.dcrnn_supervisor - INFO - epoch complete
2025-08-22 23:06:43,719 - model.pytorch.dcrnn_supervisor - INFO - evaluating now!
2025-08-22 23:07:30,767 - model.pytorch.dcrnn_supervisor - INFO - Epoch [19/20] (980) [PGD eps=0.03, steps=2, alpha=0.015000, rand=True] val_mae_adv:2.6099, val_mis_adv:52.4421, val_width_adv:4.0248, val_mse_adv:20.2184, val_rmse_adv:4.4965
2025-08-22 23:09:00,645 - model.pytorch.dcrnn_supervisor - INFO - Epoch [19/20] (980) [PGD eps=0.03, steps=2, alpha=0.015000, rand=True] test_mae_adv:2.6186, test_mis_adv:52.4727, test_width_adv:4.0539, test_mse_adv:20.7418, test_rmse_adv:4.5543
