2025-08-13 15:32:36,381 - model.pytorch.dcrnn_supervisor - INFO - Log directory: data/model\dcrnn_DR_2_h_12_16-16_lr_0.01_bs_256_0813153236/
2025-08-13 15:32:59,862 - model.pytorch.dcrnn_supervisor - INFO - Model created
2025-08-13 15:33:27,658 - model.pytorch.dcrnn_supervisor - INFO - Start training ...
2025-08-13 15:33:27,658 - model.pytorch.dcrnn_supervisor - INFO - num_batches:47
2025-08-13 15:33:29,877 - model.pytorch.dcrnn_supervisor - INFO - Total trainable parameters 26641
2025-08-13 15:35:39,442 - model.pytorch.dcrnn_supervisor - INFO - epoch complete
2025-08-13 15:35:39,442 - model.pytorch.dcrnn_supervisor - INFO - evaluating now!
2025-08-13 15:35:48,286 - model.pytorch.dcrnn_supervisor - INFO - Epoch [0/20] (47) val_mae:4.9462, val_mis: 60.3035, val_width: 40.1045, val_mse: 78.5215, val_rmse: 8.8612 , 
2025-08-13 15:36:06,169 - model.pytorch.dcrnn_supervisor - INFO - Epoch [0/20] (47) test_mae:4.5397,test_mis: 54.4842, test_width: 40.3611, test_mse: 61.1818, test_rmse: 7.8219 , 
2025-08-13 15:36:06,221 - model.pytorch.dcrnn_supervisor - INFO - Saved model at 0
2025-08-13 15:36:06,221 - model.pytorch.dcrnn_supervisor - INFO - Val loss decrease from inf to 4.9462, saving to models/epo0.tar
2025-08-13 15:38:17,236 - model.pytorch.dcrnn_supervisor - INFO - epoch complete
2025-08-13 15:38:17,236 - model.pytorch.dcrnn_supervisor - INFO - evaluating now!
2025-08-13 15:38:29,065 - model.pytorch.dcrnn_supervisor - INFO - Epoch [1/20] (94) val_mae:4.5280, val_mis: 49.1043, val_width: 46.1410, val_mse: 53.5215, val_rmse: 7.3158 , 
2025-08-13 15:38:48,063 - model.pytorch.dcrnn_supervisor - INFO - Epoch [1/20] (94) test_mae:4.1349,test_mis: 44.9904, test_width: 42.6245, test_mse: 42.5707, test_rmse: 6.5246 , 
2025-08-13 15:38:48,080 - model.pytorch.dcrnn_supervisor - INFO - Saved model at 1
2025-08-13 15:38:48,080 - model.pytorch.dcrnn_supervisor - INFO - Val loss decrease from 4.9462 to 4.5280, saving to models/epo1.tar
2025-08-13 15:41:14,431 - model.pytorch.dcrnn_supervisor - INFO - epoch complete
2025-08-13 15:41:14,431 - model.pytorch.dcrnn_supervisor - INFO - evaluating now!
2025-08-13 15:41:24,510 - model.pytorch.dcrnn_supervisor - INFO - Epoch [2/20] (141) val_mae:3.0468, val_mis: 34.4198, val_width: 28.5814, val_mse: 35.8307, val_rmse: 5.9859 , 
2025-08-13 15:41:44,303 - model.pytorch.dcrnn_supervisor - INFO - Epoch [2/20] (141) test_mae:2.7032,test_mis: 30.8709, test_width: 26.4755, test_mse: 27.3048, test_rmse: 5.2254 , 
2025-08-13 15:41:44,335 - model.pytorch.dcrnn_supervisor - INFO - Saved model at 2
2025-08-13 15:41:44,335 - model.pytorch.dcrnn_supervisor - INFO - Val loss decrease from 4.5280 to 3.0468, saving to models/epo2.tar
2025-08-13 15:43:59,079 - model.pytorch.dcrnn_supervisor - INFO - epoch complete
2025-08-13 15:43:59,079 - model.pytorch.dcrnn_supervisor - INFO - evaluating now!
2025-08-13 15:44:07,594 - model.pytorch.dcrnn_supervisor - INFO - Epoch [3/20] (188) val_mae:2.8168, val_mis: 30.5845, val_width: 21.2515, val_mse: 35.4417, val_rmse: 5.9533 , 
2025-08-13 15:44:26,327 - model.pytorch.dcrnn_supervisor - INFO - Epoch [3/20] (188) test_mae:2.4569,test_mis: 26.7924, test_width: 19.5329, test_mse: 26.7611, test_rmse: 5.1731 , 
2025-08-13 15:44:26,343 - model.pytorch.dcrnn_supervisor - INFO - Saved model at 3
2025-08-13 15:44:26,343 - model.pytorch.dcrnn_supervisor - INFO - Val loss decrease from 3.0468 to 2.8168, saving to models/epo3.tar
2025-08-13 15:46:33,675 - model.pytorch.dcrnn_supervisor - INFO - epoch complete
2025-08-13 15:46:33,675 - model.pytorch.dcrnn_supervisor - INFO - evaluating now!
2025-08-13 15:46:42,133 - model.pytorch.dcrnn_supervisor - INFO - Epoch [4/20] (235) val_mae:3.5171, val_mis: 32.6453, val_width: 19.8823, val_mse: 40.2996, val_rmse: 6.3482 , 
2025-08-13 15:46:59,608 - model.pytorch.dcrnn_supervisor - INFO - Epoch [4/20] (235) test_mae:3.1774,test_mis: 28.4791, test_width: 18.2229, test_mse: 31.2914, test_rmse: 5.5939 , 
2025-08-13 15:49:06,989 - model.pytorch.dcrnn_supervisor - INFO - epoch complete
2025-08-13 15:49:06,989 - model.pytorch.dcrnn_supervisor - INFO - evaluating now!
2025-08-13 15:49:15,664 - model.pytorch.dcrnn_supervisor - INFO - Epoch [5/20] (282) val_mae:2.6547, val_mis: 30.9278, val_width: 22.8882, val_mse: 31.2928, val_rmse: 5.5940 , 
2025-08-13 15:49:33,545 - model.pytorch.dcrnn_supervisor - INFO - Epoch [5/20] (282) test_mae:2.3198,test_mis: 27.2441, test_width: 20.9784, test_mse: 23.6201, test_rmse: 4.8600 , 
2025-08-13 15:49:33,561 - model.pytorch.dcrnn_supervisor - INFO - Saved model at 5
2025-08-13 15:49:33,561 - model.pytorch.dcrnn_supervisor - INFO - Val loss decrease from 2.8168 to 2.6547, saving to models/epo5.tar
2025-08-13 15:51:40,445 - model.pytorch.dcrnn_supervisor - INFO - epoch complete
2025-08-13 15:51:40,445 - model.pytorch.dcrnn_supervisor - INFO - evaluating now!
2025-08-13 15:51:48,812 - model.pytorch.dcrnn_supervisor - INFO - Epoch [6/20] (329) val_mae:2.6017, val_mis: 30.0656, val_width: 21.1207, val_mse: 29.9231, val_rmse: 5.4702 , 
2025-08-13 15:52:05,920 - model.pytorch.dcrnn_supervisor - INFO - Epoch [6/20] (329) test_mae:2.2666,test_mis: 26.2368, test_width: 19.2389, test_mse: 22.6375, test_rmse: 4.7579 , 
2025-08-13 15:52:05,952 - model.pytorch.dcrnn_supervisor - INFO - Saved model at 6
2025-08-13 15:52:05,952 - model.pytorch.dcrnn_supervisor - INFO - Val loss decrease from 2.6547 to 2.6017, saving to models/epo6.tar
2025-08-13 15:54:14,577 - model.pytorch.dcrnn_supervisor - INFO - epoch complete
2025-08-13 15:54:14,593 - model.pytorch.dcrnn_supervisor - INFO - evaluating now!
2025-08-13 15:54:24,119 - model.pytorch.dcrnn_supervisor - INFO - Epoch [7/20] (376) val_mae:2.5502, val_mis: 29.7827, val_width: 18.6872, val_mse: 29.1591, val_rmse: 5.3999 , 
2025-08-13 15:54:41,766 - model.pytorch.dcrnn_supervisor - INFO - Epoch [7/20] (376) test_mae:2.2236,test_mis: 25.5840, test_width: 16.7500, test_mse: 22.2665, test_rmse: 4.7187 , 
2025-08-13 15:54:41,785 - model.pytorch.dcrnn_supervisor - INFO - Saved model at 7
2025-08-13 15:54:41,786 - model.pytorch.dcrnn_supervisor - INFO - Val loss decrease from 2.6017 to 2.5502, saving to models/epo7.tar
2025-08-13 15:56:52,114 - model.pytorch.dcrnn_supervisor - INFO - epoch complete
2025-08-13 15:56:52,114 - model.pytorch.dcrnn_supervisor - INFO - evaluating now!
2025-08-13 15:57:00,174 - model.pytorch.dcrnn_supervisor - INFO - Epoch [8/20] (423) val_mae:3.1685, val_mis: 33.3689, val_width: 27.6235, val_mse: 31.0344, val_rmse: 5.5709 , 
2025-08-13 15:57:17,733 - model.pytorch.dcrnn_supervisor - INFO - Epoch [8/20] (423) test_mae:2.8827,test_mis: 29.9263, test_width: 25.6037, test_mse: 24.1339, test_rmse: 4.9126 , 
2025-08-13 15:59:25,489 - model.pytorch.dcrnn_supervisor - INFO - epoch complete
2025-08-13 15:59:25,489 - model.pytorch.dcrnn_supervisor - INFO - evaluating now!
2025-08-13 15:59:34,089 - model.pytorch.dcrnn_supervisor - INFO - Epoch [9/20] (470) val_mae:2.6386, val_mis: 30.4748, val_width: 20.9323, val_mse: 30.3263, val_rmse: 5.5069 , 
2025-08-13 15:59:51,313 - model.pytorch.dcrnn_supervisor - INFO - Epoch [9/20] (470) test_mae:2.3235,test_mis: 26.4949, test_width: 18.9486, test_mse: 23.3565, test_rmse: 4.8329 , 
2025-08-13 16:01:57,645 - model.pytorch.dcrnn_supervisor - INFO - epoch complete
2025-08-13 16:01:57,658 - model.pytorch.dcrnn_supervisor - INFO - evaluating now!
2025-08-13 16:02:06,242 - model.pytorch.dcrnn_supervisor - INFO - Epoch [10/20] (517) val_mae:2.3905, val_mis: 31.2127, val_width: 22.5973, val_mse: 27.0065, val_rmse: 5.1968 , 
2025-08-13 16:02:24,625 - model.pytorch.dcrnn_supervisor - INFO - Epoch [10/20] (517) test_mae:2.0772,test_mis: 26.9637, test_width: 20.2529, test_mse: 20.6072, test_rmse: 4.5395 , 
2025-08-13 16:02:24,641 - model.pytorch.dcrnn_supervisor - INFO - Saved model at 10
2025-08-13 16:02:24,641 - model.pytorch.dcrnn_supervisor - INFO - Val loss decrease from 2.5502 to 2.3905, saving to models/epo10.tar
2025-08-13 16:04:32,287 - model.pytorch.dcrnn_supervisor - INFO - epoch complete
2025-08-13 16:04:32,287 - model.pytorch.dcrnn_supervisor - INFO - evaluating now!
2025-08-13 16:04:40,589 - model.pytorch.dcrnn_supervisor - INFO - Epoch [11/20] (564) val_mae:2.4858, val_mis: 31.5907, val_width: 24.5632, val_mse: 26.8519, val_rmse: 5.1819 , 
2025-08-13 16:04:57,241 - model.pytorch.dcrnn_supervisor - INFO - Epoch [11/20] (564) test_mae:2.1842,test_mis: 27.5634, test_width: 22.1491, test_mse: 20.5476, test_rmse: 4.5329 , 
2025-08-13 16:07:06,679 - model.pytorch.dcrnn_supervisor - INFO - epoch complete
2025-08-13 16:07:06,679 - model.pytorch.dcrnn_supervisor - INFO - evaluating now!
2025-08-13 16:07:15,207 - model.pytorch.dcrnn_supervisor - INFO - Epoch [12/20] (611) val_mae:2.3269, val_mis: 32.9613, val_width: 26.1022, val_mse: 25.4319, val_rmse: 5.0430 , 
2025-08-13 16:07:33,423 - model.pytorch.dcrnn_supervisor - INFO - Epoch [12/20] (611) test_mae:2.0347,test_mis: 28.7326, test_width: 23.4493, test_mse: 19.6029, test_rmse: 4.4275 , 
2025-08-13 16:07:33,434 - model.pytorch.dcrnn_supervisor - INFO - Saved model at 12
2025-08-13 16:07:33,434 - model.pytorch.dcrnn_supervisor - INFO - Val loss decrease from 2.3905 to 2.3269, saving to models/epo12.tar
2025-08-13 16:09:41,189 - model.pytorch.dcrnn_supervisor - INFO - epoch complete
2025-08-13 16:09:41,205 - model.pytorch.dcrnn_supervisor - INFO - evaluating now!
2025-08-13 16:09:49,502 - model.pytorch.dcrnn_supervisor - INFO - Epoch [13/20] (658) val_mae:2.3086, val_mis: 34.2310, val_width: 27.9434, val_mse: 25.5829, val_rmse: 5.0580 , 
2025-08-13 16:10:06,999 - model.pytorch.dcrnn_supervisor - INFO - Epoch [13/20] (658) test_mae:2.0182,test_mis: 30.0623, test_width: 25.2048, test_mse: 19.8305, test_rmse: 4.4531 , 
2025-08-13 16:10:07,015 - model.pytorch.dcrnn_supervisor - INFO - Saved model at 13
2025-08-13 16:10:07,031 - model.pytorch.dcrnn_supervisor - INFO - Val loss decrease from 2.3269 to 2.3086, saving to models/epo13.tar
2025-08-13 16:12:14,313 - model.pytorch.dcrnn_supervisor - INFO - epoch complete
2025-08-13 16:12:14,329 - model.pytorch.dcrnn_supervisor - INFO - evaluating now!
2025-08-13 16:12:23,571 - model.pytorch.dcrnn_supervisor - INFO - Epoch [14/20] (705) val_mae:2.2531, val_mis: 35.7887, val_width: 29.9231, val_mse: 24.4736, val_rmse: 4.9471 , 
2025-08-13 16:12:40,906 - model.pytorch.dcrnn_supervisor - INFO - Epoch [14/20] (705) test_mae:1.9735,test_mis: 31.3954, test_width: 26.8768, test_mse: 19.0791, test_rmse: 4.3680 , 
2025-08-13 16:12:40,940 - model.pytorch.dcrnn_supervisor - INFO - Saved model at 14
2025-08-13 16:12:40,940 - model.pytorch.dcrnn_supervisor - INFO - Val loss decrease from 2.3086 to 2.2531, saving to models/epo14.tar
2025-08-13 16:14:47,248 - model.pytorch.dcrnn_supervisor - INFO - epoch complete
2025-08-13 16:14:47,248 - model.pytorch.dcrnn_supervisor - INFO - evaluating now!
2025-08-13 16:14:55,484 - model.pytorch.dcrnn_supervisor - INFO - Epoch [15/20] (752) val_mae:2.2514, val_mis: 38.1435, val_width: 33.4978, val_mse: 23.2261, val_rmse: 4.8194 , 
2025-08-13 16:15:12,579 - model.pytorch.dcrnn_supervisor - INFO - Epoch [15/20] (752) test_mae:1.9941,test_mis: 33.9374, test_width: 30.4083, test_mse: 18.2422, test_rmse: 4.2711 , 
2025-08-13 16:15:12,595 - model.pytorch.dcrnn_supervisor - INFO - Saved model at 15
2025-08-13 16:15:12,595 - model.pytorch.dcrnn_supervisor - INFO - Val loss decrease from 2.2531 to 2.2514, saving to models/epo15.tar
2025-08-13 16:17:21,047 - model.pytorch.dcrnn_supervisor - INFO - epoch complete
2025-08-13 16:17:21,047 - model.pytorch.dcrnn_supervisor - INFO - evaluating now!
2025-08-13 16:17:29,686 - model.pytorch.dcrnn_supervisor - INFO - Epoch [16/20] (799) val_mae:2.4087, val_mis: 38.9183, val_width: 34.4181, val_mse: 25.2824, val_rmse: 5.0282 , 
2025-08-13 16:17:46,775 - model.pytorch.dcrnn_supervisor - INFO - Epoch [16/20] (799) test_mae:2.1230,test_mis: 34.7558, test_width: 31.3752, test_mse: 19.4544, test_rmse: 4.4107 , 
2025-08-13 16:19:54,886 - model.pytorch.dcrnn_supervisor - INFO - epoch complete
2025-08-13 16:19:54,886 - model.pytorch.dcrnn_supervisor - INFO - evaluating now!
2025-08-13 16:20:03,802 - model.pytorch.dcrnn_supervisor - INFO - Epoch [17/20] (846) val_mae:2.2451, val_mis: 39.8445, val_width: 35.8300, val_mse: 23.0728, val_rmse: 4.8034 , 
2025-08-13 16:20:21,808 - model.pytorch.dcrnn_supervisor - INFO - Epoch [17/20] (846) test_mae:1.9982,test_mis: 35.7918, test_width: 32.7347, test_mse: 18.2986, test_rmse: 4.2777 , 
2025-08-13 16:20:21,839 - model.pytorch.dcrnn_supervisor - INFO - Saved model at 17
2025-08-13 16:20:21,839 - model.pytorch.dcrnn_supervisor - INFO - Val loss decrease from 2.2514 to 2.2451, saving to models/epo17.tar
2025-08-13 16:22:28,556 - model.pytorch.dcrnn_supervisor - INFO - epoch complete
2025-08-13 16:22:28,556 - model.pytorch.dcrnn_supervisor - INFO - evaluating now!
2025-08-13 16:22:37,156 - model.pytorch.dcrnn_supervisor - INFO - Epoch [18/20] (893) val_mae:2.2050, val_mis: 39.1705, val_width: 34.4718, val_mse: 23.1303, val_rmse: 4.8094 , 
2025-08-13 16:22:54,207 - model.pytorch.dcrnn_supervisor - INFO - Epoch [18/20] (893) test_mae:1.9517,test_mis: 35.0227, test_width: 31.4182, test_mse: 18.2960, test_rmse: 4.2774 , 
2025-08-13 16:22:54,223 - model.pytorch.dcrnn_supervisor - INFO - Saved model at 18
2025-08-13 16:22:54,223 - model.pytorch.dcrnn_supervisor - INFO - Val loss decrease from 2.2451 to 2.2050, saving to models/epo18.tar
2025-08-13 16:25:03,419 - model.pytorch.dcrnn_supervisor - INFO - epoch complete
2025-08-13 16:25:03,419 - model.pytorch.dcrnn_supervisor - INFO - evaluating now!
2025-08-13 16:25:11,602 - model.pytorch.dcrnn_supervisor - INFO - Epoch [19/20] (940) val_mae:2.1806, val_mis: 38.8888, val_width: 34.1616, val_mse: 22.9372, val_rmse: 4.7893 , 
2025-08-13 16:25:30,205 - model.pytorch.dcrnn_supervisor - INFO - Epoch [19/20] (940) test_mae:1.9214,test_mis: 34.6698, test_width: 31.0737, test_mse: 18.0589, test_rmse: 4.2496 , 
2025-08-13 16:25:30,221 - model.pytorch.dcrnn_supervisor - INFO - Saved model at 19
2025-08-13 16:25:30,237 - model.pytorch.dcrnn_supervisor - INFO - Val loss decrease from 2.2050 to 2.1806, saving to models/epo19.tar
