2025-08-07 21:54:04,631 - model.pytorch.dcrnn_supervisor - INFO - Log directory: data/model\dcrnn_DR_2_h_12_16-16_lr_0.01_bs_256_0807215404/
2025-08-07 21:54:29,931 - model.pytorch.dcrnn_supervisor - INFO - Model created
2025-08-07 21:55:02,731 - model.pytorch.dcrnn_supervisor - INFO - Start training ...
2025-08-07 21:55:02,741 - model.pytorch.dcrnn_supervisor - INFO - num_batches:47
2025-08-07 21:55:04,694 - model.pytorch.dcrnn_supervisor - INFO - Total trainable parameters 24243
2025-08-07 21:57:01,039 - model.pytorch.dcrnn_supervisor - INFO - epoch complete
2025-08-07 21:57:01,041 - model.pytorch.dcrnn_supervisor - INFO - evaluating now!
2025-08-07 21:57:08,621 - model.pytorch.dcrnn_supervisor - INFO - Epoch [0/20] (47) val_mae:4.8858, val_mis: 115.5863, val_width: 7.6866, val_mse: 90.4016, val_rmse: 9.5080 , 
2025-08-07 21:57:23,955 - model.pytorch.dcrnn_supervisor - INFO - Epoch [0/20] (47) test_mae:4.3373,test_mis: 95.1448, test_width: 7.7100, test_mse: 69.1308, test_rmse: 8.3145 , 
2025-08-07 21:57:23,971 - model.pytorch.dcrnn_supervisor - INFO - Saved model at 0
2025-08-07 21:57:23,971 - model.pytorch.dcrnn_supervisor - INFO - Val loss decrease from inf to 4.8858, saving to models/epo0.tar
2025-08-07 21:59:19,915 - model.pytorch.dcrnn_supervisor - INFO - epoch complete
2025-08-07 21:59:19,915 - model.pytorch.dcrnn_supervisor - INFO - evaluating now!
2025-08-07 21:59:27,869 - model.pytorch.dcrnn_supervisor - INFO - Epoch [1/20] (94) val_mae:4.8946, val_mis: 129.1230, val_width: 6.3955, val_mse: 90.8810, val_rmse: 9.5332 , 
2025-08-07 21:59:44,154 - model.pytorch.dcrnn_supervisor - INFO - Epoch [1/20] (94) test_mae:4.3249,test_mis: 108.1184, test_width: 6.4151, test_mse: 69.6524, test_rmse: 8.3458 , 
2025-08-07 22:01:43,003 - model.pytorch.dcrnn_supervisor - INFO - epoch complete
2025-08-07 22:01:43,004 - model.pytorch.dcrnn_supervisor - INFO - evaluating now!
2025-08-07 22:01:51,694 - model.pytorch.dcrnn_supervisor - INFO - Epoch [2/20] (141) val_mae:4.4647, val_mis: 109.5616, val_width: 6.4997, val_mse: 71.9466, val_rmse: 8.4821 , 
2025-08-07 22:02:07,837 - model.pytorch.dcrnn_supervisor - INFO - Epoch [2/20] (141) test_mae:4.0281,test_mis: 93.3592, test_width: 6.4857, test_mse: 55.6773, test_rmse: 7.4617 , 
2025-08-07 22:02:07,858 - model.pytorch.dcrnn_supervisor - INFO - Saved model at 2
2025-08-07 22:02:07,859 - model.pytorch.dcrnn_supervisor - INFO - Val loss decrease from 4.8858 to 4.4647, saving to models/epo2.tar
2025-08-07 22:04:06,232 - model.pytorch.dcrnn_supervisor - INFO - epoch complete
2025-08-07 22:04:06,232 - model.pytorch.dcrnn_supervisor - INFO - evaluating now!
2025-08-07 22:04:13,674 - model.pytorch.dcrnn_supervisor - INFO - Epoch [3/20] (188) val_mae:4.3749, val_mis: 107.6931, val_width: 6.3158, val_mse: 68.3795, val_rmse: 8.2692 , 
2025-08-07 22:04:30,665 - model.pytorch.dcrnn_supervisor - INFO - Epoch [3/20] (188) test_mae:3.9362,test_mis: 91.8660, test_width: 6.2583, test_mse: 52.9114, test_rmse: 7.2740 , 
2025-08-07 22:04:30,674 - model.pytorch.dcrnn_supervisor - INFO - Saved model at 3
2025-08-07 22:04:30,674 - model.pytorch.dcrnn_supervisor - INFO - Val loss decrease from 4.4647 to 4.3749, saving to models/epo3.tar
2025-08-07 22:06:30,194 - model.pytorch.dcrnn_supervisor - INFO - epoch complete
2025-08-07 22:06:30,194 - model.pytorch.dcrnn_supervisor - INFO - evaluating now!
2025-08-07 22:06:38,154 - model.pytorch.dcrnn_supervisor - INFO - Epoch [4/20] (235) val_mae:4.4892, val_mis: 106.5199, val_width: 6.2840, val_mse: 61.9299, val_rmse: 7.8696 , 
2025-08-07 22:06:53,827 - model.pytorch.dcrnn_supervisor - INFO - Epoch [4/20] (235) test_mae:4.0212,test_mis: 90.8730, test_width: 6.1276, test_mse: 48.2386, test_rmse: 6.9454 , 
2025-08-07 22:08:53,194 - model.pytorch.dcrnn_supervisor - INFO - epoch complete
2025-08-07 22:08:53,194 - model.pytorch.dcrnn_supervisor - INFO - evaluating now!
2025-08-07 22:09:01,524 - model.pytorch.dcrnn_supervisor - INFO - Epoch [5/20] (282) val_mae:4.1882, val_mis: 99.7447, val_width: 5.9702, val_mse: 58.7590, val_rmse: 7.6654 , 
2025-08-07 22:09:17,775 - model.pytorch.dcrnn_supervisor - INFO - Epoch [5/20] (282) test_mae:3.7169,test_mis: 84.1723, test_width: 5.7802, test_mse: 45.4503, test_rmse: 6.7417 , 
2025-08-07 22:09:17,790 - model.pytorch.dcrnn_supervisor - INFO - Saved model at 5
2025-08-07 22:09:17,791 - model.pytorch.dcrnn_supervisor - INFO - Val loss decrease from 4.3749 to 4.1882, saving to models/epo5.tar
2025-08-07 22:11:18,509 - model.pytorch.dcrnn_supervisor - INFO - epoch complete
2025-08-07 22:11:18,509 - model.pytorch.dcrnn_supervisor - INFO - evaluating now!
2025-08-07 22:11:26,375 - model.pytorch.dcrnn_supervisor - INFO - Epoch [6/20] (329) val_mae:5.1033, val_mis: 131.3992, val_width: 5.6814, val_mse: 82.9043, val_rmse: 9.1052 , 
2025-08-07 22:11:42,699 - model.pytorch.dcrnn_supervisor - INFO - Epoch [6/20] (329) test_mae:4.6400,test_mis: 114.6860, test_width: 5.6011, test_mse: 65.5837, test_rmse: 8.0984 , 
2025-08-07 22:13:43,284 - model.pytorch.dcrnn_supervisor - INFO - epoch complete
2025-08-07 22:13:43,284 - model.pytorch.dcrnn_supervisor - INFO - evaluating now!
2025-08-07 22:13:50,759 - model.pytorch.dcrnn_supervisor - INFO - Epoch [7/20] (376) val_mae:4.5980, val_mis: 103.6378, val_width: 6.8772, val_mse: 58.5033, val_rmse: 7.6487 , 
2025-08-07 22:14:06,284 - model.pytorch.dcrnn_supervisor - INFO - Epoch [7/20] (376) test_mae:4.0797,test_mis: 87.2153, test_width: 6.6293, test_mse: 45.5690, test_rmse: 6.7505 , 
2025-08-07 22:16:04,859 - model.pytorch.dcrnn_supervisor - INFO - epoch complete
2025-08-07 22:16:04,859 - model.pytorch.dcrnn_supervisor - INFO - evaluating now!
2025-08-07 22:16:12,764 - model.pytorch.dcrnn_supervisor - INFO - Epoch [8/20] (423) val_mae:5.0569, val_mis: 119.9331, val_width: 5.9261, val_mse: 82.5481, val_rmse: 9.0856 , 
2025-08-07 22:16:28,887 - model.pytorch.dcrnn_supervisor - INFO - Epoch [8/20] (423) test_mae:4.5756,test_mis: 101.8001, test_width: 5.8781, test_mse: 64.6622, test_rmse: 8.0413 , 
2025-08-07 22:18:27,679 - model.pytorch.dcrnn_supervisor - INFO - epoch complete
2025-08-07 22:18:27,679 - model.pytorch.dcrnn_supervisor - INFO - evaluating now!
2025-08-07 22:18:35,883 - model.pytorch.dcrnn_supervisor - INFO - Epoch [9/20] (470) val_mae:4.0171, val_mis: 97.2499, val_width: 5.0399, val_mse: 52.5671, val_rmse: 7.2503 , 
2025-08-07 22:18:51,154 - model.pytorch.dcrnn_supervisor - INFO - Epoch [9/20] (470) test_mae:3.6455,test_mis: 83.8688, test_width: 4.9132, test_mse: 40.2002, test_rmse: 6.3404 , 
2025-08-07 22:18:51,168 - model.pytorch.dcrnn_supervisor - INFO - Saved model at 9
2025-08-07 22:18:51,168 - model.pytorch.dcrnn_supervisor - INFO - Val loss decrease from 4.1882 to 4.0171, saving to models/epo9.tar
2025-08-07 22:20:49,895 - model.pytorch.dcrnn_supervisor - INFO - epoch complete
2025-08-07 22:20:49,895 - model.pytorch.dcrnn_supervisor - INFO - evaluating now!
2025-08-07 22:20:57,182 - model.pytorch.dcrnn_supervisor - INFO - Epoch [10/20] (517) val_mae:3.4453, val_mis: 83.3319, val_width: 5.3759, val_mse: 54.5062, val_rmse: 7.3828 , 
2025-08-07 22:21:12,544 - model.pytorch.dcrnn_supervisor - INFO - Epoch [10/20] (517) test_mae:2.9788,test_mis: 67.6892, test_width: 5.2296, test_mse: 40.4171, test_rmse: 6.3574 , 
2025-08-07 22:21:12,560 - model.pytorch.dcrnn_supervisor - INFO - Saved model at 10
2025-08-07 22:21:12,561 - model.pytorch.dcrnn_supervisor - INFO - Val loss decrease from 4.0171 to 3.4453, saving to models/epo10.tar
2025-08-07 22:23:10,093 - model.pytorch.dcrnn_supervisor - INFO - epoch complete
2025-08-07 22:23:10,093 - model.pytorch.dcrnn_supervisor - INFO - evaluating now!
2025-08-07 22:23:17,682 - model.pytorch.dcrnn_supervisor - INFO - Epoch [11/20] (564) val_mae:3.7267, val_mis: 83.9981, val_width: 5.8609, val_mse: 46.4912, val_rmse: 6.8184 , 
2025-08-07 22:23:33,655 - model.pytorch.dcrnn_supervisor - INFO - Epoch [11/20] (564) test_mae:3.3539,test_mis: 71.4208, test_width: 5.6762, test_mse: 35.5909, test_rmse: 5.9658 , 
2025-08-07 22:25:35,119 - model.pytorch.dcrnn_supervisor - INFO - epoch complete
2025-08-07 22:25:35,123 - model.pytorch.dcrnn_supervisor - INFO - evaluating now!
2025-08-07 22:25:43,099 - model.pytorch.dcrnn_supervisor - INFO - Epoch [12/20] (611) val_mae:3.3895, val_mis: 80.7343, val_width: 4.9980, val_mse: 49.0233, val_rmse: 7.0017 , 
2025-08-07 22:25:58,073 - model.pytorch.dcrnn_supervisor - INFO - Epoch [12/20] (611) test_mae:2.9805,test_mis: 67.3151, test_width: 4.8261, test_mse: 37.2536, test_rmse: 6.1036 , 
2025-08-07 22:25:58,093 - model.pytorch.dcrnn_supervisor - INFO - Saved model at 12
2025-08-07 22:25:58,093 - model.pytorch.dcrnn_supervisor - INFO - Val loss decrease from 3.4453 to 3.3895, saving to models/epo12.tar
2025-08-07 22:27:56,488 - model.pytorch.dcrnn_supervisor - INFO - epoch complete
2025-08-07 22:27:56,488 - model.pytorch.dcrnn_supervisor - INFO - evaluating now!
2025-08-07 22:28:03,922 - model.pytorch.dcrnn_supervisor - INFO - Epoch [13/20] (658) val_mae:3.6994, val_mis: 82.3001, val_width: 5.4235, val_mse: 44.6358, val_rmse: 6.6810 , 
2025-08-07 22:28:18,938 - model.pytorch.dcrnn_supervisor - INFO - Epoch [13/20] (658) test_mae:3.3292,test_mis: 69.9518, test_width: 5.2426, test_mse: 34.2961, test_rmse: 5.8563 , 
2025-08-07 22:30:16,348 - model.pytorch.dcrnn_supervisor - INFO - epoch complete
2025-08-07 22:30:16,348 - model.pytorch.dcrnn_supervisor - INFO - evaluating now!
2025-08-07 22:30:23,785 - model.pytorch.dcrnn_supervisor - INFO - Epoch [14/20] (705) val_mae:3.5604, val_mis: 74.9144, val_width: 8.1019, val_mse: 53.0265, val_rmse: 7.2819 , 
2025-08-07 22:30:40,183 - model.pytorch.dcrnn_supervisor - INFO - Epoch [14/20] (705) test_mae:3.1123,test_mis: 60.8110, test_width: 8.0343, test_mse: 40.0214, test_rmse: 6.3262 , 
2025-08-07 22:32:42,587 - model.pytorch.dcrnn_supervisor - INFO - epoch complete
2025-08-07 22:32:42,588 - model.pytorch.dcrnn_supervisor - INFO - evaluating now!
2025-08-07 22:32:50,193 - model.pytorch.dcrnn_supervisor - INFO - Epoch [15/20] (752) val_mae:3.6079, val_mis: 77.7857, val_width: 7.0854, val_mse: 52.6742, val_rmse: 7.2577 , 
2025-08-07 22:33:05,485 - model.pytorch.dcrnn_supervisor - INFO - Epoch [15/20] (752) test_mae:3.1697,test_mis: 63.2638, test_width: 6.9732, test_mse: 39.5581, test_rmse: 6.2895 , 
2025-08-07 22:35:04,297 - model.pytorch.dcrnn_supervisor - INFO - epoch complete
2025-08-07 22:35:04,297 - model.pytorch.dcrnn_supervisor - INFO - evaluating now!
2025-08-07 22:35:12,433 - model.pytorch.dcrnn_supervisor - INFO - Epoch [16/20] (799) val_mae:3.3780, val_mis: 80.0155, val_width: 5.0815, val_mse: 46.8624, val_rmse: 6.8456 , 
2025-08-07 22:35:28,407 - model.pytorch.dcrnn_supervisor - INFO - Epoch [16/20] (799) test_mae:2.9755,test_mis: 66.8805, test_width: 4.9177, test_mse: 35.8149, test_rmse: 5.9846 , 
2025-08-07 22:35:28,428 - model.pytorch.dcrnn_supervisor - INFO - Saved model at 16
2025-08-07 22:35:28,428 - model.pytorch.dcrnn_supervisor - INFO - Val loss decrease from 3.3895 to 3.3780, saving to models/epo16.tar
2025-08-07 22:37:25,725 - model.pytorch.dcrnn_supervisor - INFO - epoch complete
2025-08-07 22:37:25,725 - model.pytorch.dcrnn_supervisor - INFO - evaluating now!
2025-08-07 22:37:33,942 - model.pytorch.dcrnn_supervisor - INFO - Epoch [17/20] (846) val_mae:3.4740, val_mis: 80.0720, val_width: 5.2263, val_mse: 41.1401, val_rmse: 6.4141 , 
2025-08-07 22:37:49,522 - model.pytorch.dcrnn_supervisor - INFO - Epoch [17/20] (846) test_mae:3.1226,test_mis: 69.0713, test_width: 5.0084, test_mse: 32.0251, test_rmse: 5.6591 , 
2025-08-07 22:39:48,181 - model.pytorch.dcrnn_supervisor - INFO - epoch complete
2025-08-07 22:39:48,181 - model.pytorch.dcrnn_supervisor - INFO - evaluating now!
2025-08-07 22:39:55,751 - model.pytorch.dcrnn_supervisor - INFO - Epoch [18/20] (893) val_mae:3.0510, val_mis: 68.6150, val_width: 5.0262, val_mse: 40.2988, val_rmse: 6.3481 , 
2025-08-07 22:40:11,261 - model.pytorch.dcrnn_supervisor - INFO - Epoch [18/20] (893) test_mae:2.6702,test_mis: 56.9755, test_width: 4.8294, test_mse: 30.8685, test_rmse: 5.5559 , 
2025-08-07 22:40:11,271 - model.pytorch.dcrnn_supervisor - INFO - Saved model at 18
2025-08-07 22:40:11,271 - model.pytorch.dcrnn_supervisor - INFO - Val loss decrease from 3.3780 to 3.0510, saving to models/epo18.tar
2025-08-07 22:42:10,830 - model.pytorch.dcrnn_supervisor - INFO - epoch complete
2025-08-07 22:42:10,830 - model.pytorch.dcrnn_supervisor - INFO - evaluating now!
2025-08-07 22:42:18,350 - model.pytorch.dcrnn_supervisor - INFO - Epoch [19/20] (940) val_mae:3.2485, val_mis: 76.5068, val_width: 4.6936, val_mse: 42.3043, val_rmse: 6.5042 , 
2025-08-07 22:42:34,585 - model.pytorch.dcrnn_supervisor - INFO - Epoch [19/20] (940) test_mae:2.8780,test_mis: 64.5042, test_width: 4.4883, test_mse: 32.2703, test_rmse: 5.6807 , 
