2025-08-03 22:43:54,716 - model.pytorch.dcrnn_supervisor - INFO - Log directory: data/model\dcrnn_DR_2_h_12_16-16_lr_0.01_bs_128_0803224354/
2025-08-03 22:44:20,255 - model.pytorch.dcrnn_supervisor - INFO - Model created
2025-08-03 22:44:50,570 - model.pytorch.dcrnn_supervisor - INFO - Start training ...
2025-08-03 22:44:50,571 - model.pytorch.dcrnn_supervisor - INFO - num_batches:93
2025-08-03 22:44:52,614 - model.pytorch.dcrnn_supervisor - INFO - Total trainable parameters 28871
2025-08-03 22:49:00,010 - model.pytorch.dcrnn_supervisor - INFO - epoch complete
2025-08-03 22:49:00,011 - model.pytorch.dcrnn_supervisor - INFO - evaluating now!
2025-08-03 22:49:16,183 - model.pytorch.dcrnn_supervisor - INFO - Epoch [0/50] (93) val_mae:5.7410, val_mis: 165.5550, val_width: 6.2665, val_mse: 108.6608, val_rmse: 10.4240 , 
2025-08-03 22:49:47,433 - model.pytorch.dcrnn_supervisor - INFO - Epoch [0/50] (93) test_mae:5.2346,test_mis: 146.0353, test_width: 6.3032, test_mse: 87.6102, test_rmse: 9.3600 , 
2025-08-03 22:49:47,563 - model.pytorch.dcrnn_supervisor - INFO - Saved model at 0
2025-08-03 22:49:47,564 - model.pytorch.dcrnn_supervisor - INFO - Val loss decrease from inf to 5.7410, saving to models/epo0.tar
2025-08-03 22:53:42,385 - model.pytorch.dcrnn_supervisor - INFO - epoch complete
2025-08-03 22:53:42,386 - model.pytorch.dcrnn_supervisor - INFO - evaluating now!
2025-08-03 22:53:57,557 - model.pytorch.dcrnn_supervisor - INFO - Epoch [1/50] (186) val_mae:5.8341, val_mis: 153.8453, val_width: 7.9174, val_mse: 109.1527, val_rmse: 10.4476 , 
2025-08-03 22:54:29,426 - model.pytorch.dcrnn_supervisor - INFO - Epoch [1/50] (186) test_mae:5.3180,test_mis: 134.9533, test_width: 7.8080, test_mse: 88.2744, test_rmse: 9.3954 , 
2025-08-03 22:58:25,144 - model.pytorch.dcrnn_supervisor - INFO - epoch complete
2025-08-03 22:58:25,145 - model.pytorch.dcrnn_supervisor - INFO - evaluating now!
2025-08-03 22:58:40,010 - model.pytorch.dcrnn_supervisor - INFO - Epoch [2/50] (279) val_mae:6.1483, val_mis: 166.2309, val_width: 6.7828, val_mse: 114.0941, val_rmse: 10.6815 , 
2025-08-03 22:59:08,861 - model.pytorch.dcrnn_supervisor - INFO - Epoch [2/50] (279) test_mae:5.6313,test_mis: 147.0415, test_width: 6.6814, test_mse: 92.8265, test_rmse: 9.6347 , 
2025-08-03 23:02:58,972 - model.pytorch.dcrnn_supervisor - INFO - epoch complete
2025-08-03 23:02:58,973 - model.pytorch.dcrnn_supervisor - INFO - evaluating now!
2025-08-03 23:03:15,271 - model.pytorch.dcrnn_supervisor - INFO - Epoch [3/50] (372) val_mae:5.8298, val_mis: 153.8239, val_width: 7.1640, val_mse: 108.9980, val_rmse: 10.4402 , 
2025-08-03 23:03:43,988 - model.pytorch.dcrnn_supervisor - INFO - Epoch [3/50] (372) test_mae:5.3113,test_mis: 134.8511, test_width: 7.0848, test_mse: 88.0869, test_rmse: 9.3855 , 
2025-08-03 23:07:33,471 - model.pytorch.dcrnn_supervisor - INFO - epoch complete
2025-08-03 23:07:33,472 - model.pytorch.dcrnn_supervisor - INFO - evaluating now!
2025-08-03 23:07:47,746 - model.pytorch.dcrnn_supervisor - INFO - Epoch [4/50] (465) val_mae:5.9120, val_mis: 151.4368, val_width: 7.2788, val_mse: 109.5979, val_rmse: 10.4689 , 
2025-08-03 23:08:16,716 - model.pytorch.dcrnn_supervisor - INFO - Epoch [4/50] (465) test_mae:5.3947,test_mis: 132.7168, test_width: 7.1721, test_mse: 88.6510, test_rmse: 9.4155 , 
2025-08-03 23:12:05,347 - model.pytorch.dcrnn_supervisor - INFO - epoch complete
2025-08-03 23:12:05,348 - model.pytorch.dcrnn_supervisor - INFO - evaluating now!
2025-08-03 23:12:20,112 - model.pytorch.dcrnn_supervisor - INFO - Epoch [5/50] (558) val_mae:5.1538, val_mis: 127.6094, val_width: 7.3223, val_mse: 97.6155, val_rmse: 9.8801 , 
2025-08-03 23:12:47,985 - model.pytorch.dcrnn_supervisor - INFO - Epoch [5/50] (558) test_mae:4.6441,test_mis: 109.4010, test_width: 7.2323, test_mse: 77.9040, test_rmse: 8.8263 , 
2025-08-03 23:12:48,088 - model.pytorch.dcrnn_supervisor - INFO - Saved model at 5
2025-08-03 23:12:48,089 - model.pytorch.dcrnn_supervisor - INFO - Val loss decrease from 5.7410 to 5.1538, saving to models/epo5.tar
2025-08-03 23:16:37,559 - model.pytorch.dcrnn_supervisor - INFO - epoch complete
2025-08-03 23:16:37,561 - model.pytorch.dcrnn_supervisor - INFO - evaluating now!
2025-08-03 23:16:51,323 - model.pytorch.dcrnn_supervisor - INFO - Epoch [6/50] (651) val_mae:4.9440, val_mis: 120.4836, val_width: 7.9506, val_mse: 93.4349, val_rmse: 9.6662 , 
2025-08-03 23:17:23,383 - model.pytorch.dcrnn_supervisor - INFO - Epoch [6/50] (651) test_mae:4.4378,test_mis: 102.5764, test_width: 7.7306, test_mse: 74.2025, test_rmse: 8.6141 , 
2025-08-03 23:17:23,486 - model.pytorch.dcrnn_supervisor - INFO - Saved model at 6
2025-08-03 23:17:23,486 - model.pytorch.dcrnn_supervisor - INFO - Val loss decrease from 5.1538 to 4.9440, saving to models/epo6.tar
2025-08-03 23:21:13,450 - model.pytorch.dcrnn_supervisor - INFO - epoch complete
2025-08-03 23:21:13,451 - model.pytorch.dcrnn_supervisor - INFO - evaluating now!
2025-08-03 23:21:27,734 - model.pytorch.dcrnn_supervisor - INFO - Epoch [7/50] (744) val_mae:4.6613, val_mis: 111.0613, val_width: 7.6585, val_mse: 87.0537, val_rmse: 9.3303 , 
2025-08-03 23:21:55,637 - model.pytorch.dcrnn_supervisor - INFO - Epoch [7/50] (744) test_mae:4.1662,test_mis: 93.7931, test_width: 7.4318, test_mse: 68.6720, test_rmse: 8.2869 , 
2025-08-03 23:21:55,653 - model.pytorch.dcrnn_supervisor - INFO - Saved model at 7
2025-08-03 23:21:55,654 - model.pytorch.dcrnn_supervisor - INFO - Val loss decrease from 4.9440 to 4.6613, saving to models/epo7.tar
2025-08-03 23:25:46,706 - model.pytorch.dcrnn_supervisor - INFO - epoch complete
2025-08-03 23:25:46,707 - model.pytorch.dcrnn_supervisor - INFO - evaluating now!
2025-08-03 23:26:00,859 - model.pytorch.dcrnn_supervisor - INFO - Epoch [8/50] (837) val_mae:4.5874, val_mis: 106.7855, val_width: 7.6385, val_mse: 82.8828, val_rmse: 9.1040 , 
2025-08-03 23:26:30,299 - model.pytorch.dcrnn_supervisor - INFO - Epoch [8/50] (837) test_mae:4.1109,test_mis: 90.4308, test_width: 7.3937, test_mse: 65.2445, test_rmse: 8.0774 , 
2025-08-03 23:26:30,316 - model.pytorch.dcrnn_supervisor - INFO - Saved model at 8
2025-08-03 23:26:30,317 - model.pytorch.dcrnn_supervisor - INFO - Val loss decrease from 4.6613 to 4.5874, saving to models/epo8.tar
2025-08-03 23:30:18,477 - model.pytorch.dcrnn_supervisor - INFO - epoch complete
2025-08-03 23:30:18,478 - model.pytorch.dcrnn_supervisor - INFO - evaluating now!
2025-08-03 23:30:32,170 - model.pytorch.dcrnn_supervisor - INFO - Epoch [9/50] (930) val_mae:4.6423, val_mis: 114.6218, val_width: 5.9832, val_mse: 78.8966, val_rmse: 8.8824 , 
2025-08-03 23:31:00,097 - model.pytorch.dcrnn_supervisor - INFO - Epoch [9/50] (930) test_mae:4.1931,test_mis: 98.7144, test_width: 5.8154, test_mse: 62.2970, test_rmse: 7.8928 , 
2025-08-03 23:34:49,358 - model.pytorch.dcrnn_supervisor - INFO - epoch complete
2025-08-03 23:34:49,359 - model.pytorch.dcrnn_supervisor - INFO - evaluating now!
2025-08-03 23:35:04,362 - model.pytorch.dcrnn_supervisor - INFO - Epoch [10/50] (1023) val_mae:4.7654, val_mis: 100.8872, val_width: 8.9019, val_mse: 78.7980, val_rmse: 8.8768 , 
2025-08-03 23:35:33,942 - model.pytorch.dcrnn_supervisor - INFO - Epoch [10/50] (1023) test_mae:4.3258,test_mis: 85.9583, test_width: 8.6501, test_mse: 62.3750, test_rmse: 7.8978 , 
2025-08-03 23:39:23,014 - model.pytorch.dcrnn_supervisor - INFO - epoch complete
2025-08-03 23:39:23,015 - model.pytorch.dcrnn_supervisor - INFO - evaluating now!
2025-08-03 23:39:37,769 - model.pytorch.dcrnn_supervisor - INFO - Epoch [11/50] (1116) val_mae:4.5820, val_mis: 107.0993, val_width: 7.1391, val_mse: 78.5887, val_rmse: 8.8650 , 
2025-08-03 23:40:06,883 - model.pytorch.dcrnn_supervisor - INFO - Epoch [11/50] (1116) test_mae:4.1285,test_mis: 91.6133, test_width: 6.8803, test_mse: 61.8969, test_rmse: 7.8675 , 
2025-08-03 23:40:06,986 - model.pytorch.dcrnn_supervisor - INFO - Saved model at 11
2025-08-03 23:40:06,987 - model.pytorch.dcrnn_supervisor - INFO - Val loss decrease from 4.5874 to 4.5820, saving to models/epo11.tar
2025-08-03 23:43:52,535 - model.pytorch.dcrnn_supervisor - INFO - epoch complete
2025-08-03 23:43:52,535 - model.pytorch.dcrnn_supervisor - INFO - evaluating now!
2025-08-03 23:44:06,946 - model.pytorch.dcrnn_supervisor - INFO - Epoch [12/50] (1209) val_mae:4.6090, val_mis: 109.8638, val_width: 6.5853, val_mse: 78.9249, val_rmse: 8.8840 , 
2025-08-03 23:44:34,983 - model.pytorch.dcrnn_supervisor - INFO - Epoch [12/50] (1209) test_mae:4.1557,test_mis: 94.4055, test_width: 6.3620, test_mse: 62.2299, test_rmse: 7.8886 , 
2025-08-03 23:48:21,853 - model.pytorch.dcrnn_supervisor - INFO - epoch complete
2025-08-03 23:48:21,853 - model.pytorch.dcrnn_supervisor - INFO - evaluating now!
2025-08-03 23:48:36,092 - model.pytorch.dcrnn_supervisor - INFO - Epoch [13/50] (1302) val_mae:4.5469, val_mis: 94.5129, val_width: 9.0875, val_mse: 79.2119, val_rmse: 8.9001 , 
2025-08-03 23:49:04,075 - model.pytorch.dcrnn_supervisor - INFO - Epoch [13/50] (1302) test_mae:4.0928,test_mis: 79.3108, test_width: 8.7454, test_mse: 62.4010, test_rmse: 7.8994 , 
2025-08-03 23:49:04,183 - model.pytorch.dcrnn_supervisor - INFO - Saved model at 13
2025-08-03 23:49:04,186 - model.pytorch.dcrnn_supervisor - INFO - Val loss decrease from 4.5820 to 4.5469, saving to models/epo13.tar
2025-08-03 23:52:50,223 - model.pytorch.dcrnn_supervisor - INFO - epoch complete
2025-08-03 23:52:50,223 - model.pytorch.dcrnn_supervisor - INFO - evaluating now!
2025-08-03 23:53:04,677 - model.pytorch.dcrnn_supervisor - INFO - Epoch [14/50] (1395) val_mae:4.5073, val_mis: 110.5973, val_width: 6.7493, val_mse: 79.0265, val_rmse: 8.8897 , 
2025-08-03 23:53:33,692 - model.pytorch.dcrnn_supervisor - INFO - Epoch [14/50] (1395) test_mae:4.0500,test_mis: 94.8754, test_width: 6.5417, test_mse: 62.1760, test_rmse: 7.8852 , 
2025-08-03 23:53:33,707 - model.pytorch.dcrnn_supervisor - INFO - Saved model at 14
2025-08-03 23:53:33,709 - model.pytorch.dcrnn_supervisor - INFO - Val loss decrease from 4.5469 to 4.5073, saving to models/epo14.tar
2025-08-03 23:57:22,249 - model.pytorch.dcrnn_supervisor - INFO - epoch complete
2025-08-03 23:57:22,250 - model.pytorch.dcrnn_supervisor - INFO - evaluating now!
2025-08-03 23:57:36,457 - model.pytorch.dcrnn_supervisor - INFO - Epoch [15/50] (1488) val_mae:4.6245, val_mis: 122.1277, val_width: 5.3415, val_mse: 84.4762, val_rmse: 9.1911 , 
2025-08-03 23:58:04,538 - model.pytorch.dcrnn_supervisor - INFO - Epoch [15/50] (1488) test_mae:4.1442,test_mis: 104.8184, test_width: 5.1659, test_mse: 66.6434, test_rmse: 8.1635 , 
2025-08-04 00:01:47,682 - model.pytorch.dcrnn_supervisor - INFO - epoch complete
2025-08-04 00:01:47,683 - model.pytorch.dcrnn_supervisor - INFO - evaluating now!
2025-08-04 00:02:02,075 - model.pytorch.dcrnn_supervisor - INFO - Epoch [16/50] (1581) val_mae:4.4773, val_mis: 102.5840, val_width: 7.6611, val_mse: 82.7044, val_rmse: 9.0942 , 
2025-08-04 00:02:31,587 - model.pytorch.dcrnn_supervisor - INFO - Epoch [16/50] (1581) test_mae:3.9912,test_mis: 86.9740, test_width: 7.2919, test_mse: 65.0691, test_rmse: 8.0665 , 
2025-08-04 00:02:31,688 - model.pytorch.dcrnn_supervisor - INFO - Saved model at 16
2025-08-04 00:02:31,690 - model.pytorch.dcrnn_supervisor - INFO - Val loss decrease from 4.5073 to 4.4773, saving to models/epo16.tar
2025-08-04 00:06:15,905 - model.pytorch.dcrnn_supervisor - INFO - epoch complete
2025-08-04 00:06:15,906 - model.pytorch.dcrnn_supervisor - INFO - evaluating now!
2025-08-04 00:06:30,292 - model.pytorch.dcrnn_supervisor - INFO - Epoch [17/50] (1674) val_mae:4.5955, val_mis: 109.5545, val_width: 7.8218, val_mse: 84.9960, val_rmse: 9.2193 , 
2025-08-04 00:06:58,530 - model.pytorch.dcrnn_supervisor - INFO - Epoch [17/50] (1674) test_mae:4.1124,test_mis: 93.1803, test_width: 7.5651, test_mse: 67.0017, test_rmse: 8.1855 , 
2025-08-04 00:10:57,499 - model.pytorch.dcrnn_supervisor - INFO - epoch complete
2025-08-04 00:10:57,500 - model.pytorch.dcrnn_supervisor - INFO - evaluating now!
2025-08-04 00:11:13,201 - model.pytorch.dcrnn_supervisor - INFO - Epoch [18/50] (1767) val_mae:4.5305, val_mis: 113.3526, val_width: 6.5838, val_mse: 84.4613, val_rmse: 9.1903 , 
2025-08-04 00:11:41,566 - model.pytorch.dcrnn_supervisor - INFO - Epoch [18/50] (1767) test_mae:4.0399,test_mis: 96.6587, test_width: 6.3333, test_mse: 66.5293, test_rmse: 8.1565 , 
2025-08-04 00:15:28,534 - model.pytorch.dcrnn_supervisor - INFO - epoch complete
2025-08-04 00:15:28,535 - model.pytorch.dcrnn_supervisor - INFO - evaluating now!
2025-08-04 00:15:44,374 - model.pytorch.dcrnn_supervisor - INFO - Epoch [19/50] (1860) val_mae:4.4816, val_mis: 114.2032, val_width: 5.9248, val_mse: 81.3833, val_rmse: 9.0213 , 
2025-08-04 00:16:15,263 - model.pytorch.dcrnn_supervisor - INFO - Epoch [19/50] (1860) test_mae:4.0075,test_mis: 97.8644, test_width: 5.6887, test_mse: 64.0928, test_rmse: 8.0058 , 
2025-08-04 00:20:06,589 - model.pytorch.dcrnn_supervisor - INFO - epoch complete
2025-08-04 00:20:06,646 - model.pytorch.dcrnn_supervisor - INFO - evaluating now!
2025-08-04 00:20:21,308 - model.pytorch.dcrnn_supervisor - INFO - Epoch [20/50] (1953) val_mae:4.4136, val_mis: 112.8926, val_width: 6.1757, val_mse: 80.6078, val_rmse: 8.9782 , 
2025-08-04 00:20:49,176 - model.pytorch.dcrnn_supervisor - INFO - Epoch [20/50] (1953) test_mae:3.9383,test_mis: 96.4765, test_width: 5.9182, test_mse: 63.2901, test_rmse: 7.9555 , 
2025-08-04 00:20:49,192 - model.pytorch.dcrnn_supervisor - INFO - Saved model at 20
2025-08-04 00:20:49,192 - model.pytorch.dcrnn_supervisor - INFO - Val loss decrease from 4.4773 to 4.4136, saving to models/epo20.tar
2025-08-04 00:24:36,821 - model.pytorch.dcrnn_supervisor - INFO - epoch complete
2025-08-04 00:24:36,822 - model.pytorch.dcrnn_supervisor - INFO - evaluating now!
2025-08-04 00:24:50,558 - model.pytorch.dcrnn_supervisor - INFO - Epoch [21/50] (2046) val_mae:4.4448, val_mis: 111.5638, val_width: 6.3322, val_mse: 80.5420, val_rmse: 8.9745 , 
2025-08-04 00:25:19,104 - model.pytorch.dcrnn_supervisor - INFO - Epoch [21/50] (2046) test_mae:3.9718,test_mis: 95.6555, test_width: 6.0467, test_mse: 63.3121, test_rmse: 7.9569 , 
2025-08-04 00:29:05,697 - model.pytorch.dcrnn_supervisor - INFO - epoch complete
2025-08-04 00:29:05,697 - model.pytorch.dcrnn_supervisor - INFO - evaluating now!
2025-08-04 00:29:20,475 - model.pytorch.dcrnn_supervisor - INFO - Epoch [22/50] (2139) val_mae:4.4370, val_mis: 108.6401, val_width: 6.4006, val_mse: 75.9820, val_rmse: 8.7168 , 
2025-08-04 00:29:48,444 - model.pytorch.dcrnn_supervisor - INFO - Epoch [22/50] (2139) test_mae:3.9954,test_mis: 93.7421, test_width: 6.1152, test_mse: 59.7779, test_rmse: 7.7316 , 
2025-08-04 00:33:36,303 - model.pytorch.dcrnn_supervisor - INFO - epoch complete
2025-08-04 00:33:36,304 - model.pytorch.dcrnn_supervisor - INFO - evaluating now!
2025-08-04 00:33:50,287 - model.pytorch.dcrnn_supervisor - INFO - Epoch [23/50] (2232) val_mae:4.3660, val_mis: 103.4956, val_width: 6.7661, val_mse: 77.0157, val_rmse: 8.7759 , 
2025-08-04 00:34:19,304 - model.pytorch.dcrnn_supervisor - INFO - Epoch [23/50] (2232) test_mae:3.9077,test_mis: 88.5533, test_width: 6.3644, test_mse: 60.4247, test_rmse: 7.7733 , 
2025-08-04 00:34:19,321 - model.pytorch.dcrnn_supervisor - INFO - Saved model at 23
2025-08-04 00:34:19,324 - model.pytorch.dcrnn_supervisor - INFO - Val loss decrease from 4.4136 to 4.3660, saving to models/epo23.tar
2025-08-04 00:38:05,557 - model.pytorch.dcrnn_supervisor - INFO - epoch complete
2025-08-04 00:38:05,558 - model.pytorch.dcrnn_supervisor - INFO - evaluating now!
2025-08-04 00:38:20,437 - model.pytorch.dcrnn_supervisor - INFO - Epoch [24/50] (2325) val_mae:4.3572, val_mis: 101.3557, val_width: 6.9157, val_mse: 75.1574, val_rmse: 8.6693 , 
2025-08-04 00:38:48,607 - model.pytorch.dcrnn_supervisor - INFO - Epoch [24/50] (2325) test_mae:3.9114,test_mis: 86.8533, test_width: 6.5041, test_mse: 58.9713, test_rmse: 7.6793 , 
2025-08-04 00:38:48,622 - model.pytorch.dcrnn_supervisor - INFO - Saved model at 24
2025-08-04 00:38:48,625 - model.pytorch.dcrnn_supervisor - INFO - Val loss decrease from 4.3660 to 4.3572, saving to models/epo24.tar
2025-08-04 00:42:35,949 - model.pytorch.dcrnn_supervisor - INFO - epoch complete
2025-08-04 00:42:35,950 - model.pytorch.dcrnn_supervisor - INFO - evaluating now!
2025-08-04 00:42:50,301 - model.pytorch.dcrnn_supervisor - INFO - Epoch [25/50] (2418) val_mae:4.5517, val_mis: 105.4775, val_width: 9.7166, val_mse: 76.7085, val_rmse: 8.7583 , 
2025-08-04 00:43:19,426 - model.pytorch.dcrnn_supervisor - INFO - Epoch [25/50] (2418) test_mae:4.1079,test_mis: 90.7603, test_width: 9.2683, test_mse: 60.4633, test_rmse: 7.7758 , 
2025-08-04 00:47:06,362 - model.pytorch.dcrnn_supervisor - INFO - epoch complete
2025-08-04 00:47:06,362 - model.pytorch.dcrnn_supervisor - INFO - evaluating now!
2025-08-04 00:47:22,164 - model.pytorch.dcrnn_supervisor - INFO - Epoch [26/50] (2511) val_mae:4.5622, val_mis: 98.1360, val_width: 8.5000, val_mse: 75.9843, val_rmse: 8.7169 , 
2025-08-04 00:47:50,392 - model.pytorch.dcrnn_supervisor - INFO - Epoch [26/50] (2511) test_mae:4.1341,test_mis: 83.9389, test_width: 8.1888, test_mse: 59.9654, test_rmse: 7.7437 , 
2025-08-04 00:51:41,369 - model.pytorch.dcrnn_supervisor - INFO - epoch complete
2025-08-04 00:51:41,370 - model.pytorch.dcrnn_supervisor - INFO - evaluating now!
2025-08-04 00:51:55,851 - model.pytorch.dcrnn_supervisor - INFO - Epoch [27/50] (2604) val_mae:4.4977, val_mis: 109.6905, val_width: 6.3011, val_mse: 76.2041, val_rmse: 8.7295 , 
2025-08-04 00:52:25,389 - model.pytorch.dcrnn_supervisor - INFO - Epoch [27/50] (2604) test_mae:4.0635,test_mis: 94.7950, test_width: 6.0662, test_mse: 60.0185, test_rmse: 7.7472 , 
2025-08-04 00:56:12,522 - model.pytorch.dcrnn_supervisor - INFO - epoch complete
2025-08-04 00:56:12,523 - model.pytorch.dcrnn_supervisor - INFO - evaluating now!
2025-08-04 00:56:26,945 - model.pytorch.dcrnn_supervisor - INFO - Epoch [28/50] (2697) val_mae:4.2867, val_mis: 104.7595, val_width: 6.3341, val_mse: 76.3449, val_rmse: 8.7376 , 
2025-08-04 00:56:54,819 - model.pytorch.dcrnn_supervisor - INFO - Epoch [28/50] (2697) test_mae:3.8201,test_mis: 89.4568, test_width: 5.9794, test_mse: 59.7304, test_rmse: 7.7285 , 
2025-08-04 00:56:54,911 - model.pytorch.dcrnn_supervisor - INFO - Saved model at 28
2025-08-04 00:56:54,911 - model.pytorch.dcrnn_supervisor - INFO - Val loss decrease from 4.3572 to 4.2867, saving to models/epo28.tar
2025-08-04 01:00:43,662 - model.pytorch.dcrnn_supervisor - INFO - epoch complete
2025-08-04 01:00:43,662 - model.pytorch.dcrnn_supervisor - INFO - evaluating now!
2025-08-04 01:00:57,554 - model.pytorch.dcrnn_supervisor - INFO - Epoch [29/50] (2790) val_mae:4.3894, val_mis: 113.6786, val_width: 5.6918, val_mse: 80.5410, val_rmse: 8.9745 , 
2025-08-04 01:01:26,730 - model.pytorch.dcrnn_supervisor - INFO - Epoch [29/50] (2790) test_mae:3.9052,test_mis: 97.2407, test_width: 5.4193, test_mse: 63.1016, test_rmse: 7.9437 , 
2025-08-04 01:05:13,523 - model.pytorch.dcrnn_supervisor - INFO - epoch complete
2025-08-04 01:05:13,524 - model.pytorch.dcrnn_supervisor - INFO - evaluating now!
2025-08-04 01:05:28,306 - model.pytorch.dcrnn_supervisor - INFO - Epoch [30/50] (2883) val_mae:4.4200, val_mis: 115.6233, val_width: 6.0310, val_mse: 80.3230, val_rmse: 8.9623 , 
2025-08-04 01:05:57,318 - model.pytorch.dcrnn_supervisor - INFO - Epoch [30/50] (2883) test_mae:3.9510,test_mis: 99.6044, test_width: 5.7460, test_mse: 63.0712, test_rmse: 7.9417 , 
2025-08-04 01:09:46,120 - model.pytorch.dcrnn_supervisor - INFO - epoch complete
2025-08-04 01:09:46,121 - model.pytorch.dcrnn_supervisor - INFO - evaluating now!
2025-08-04 01:10:00,227 - model.pytorch.dcrnn_supervisor - INFO - Epoch [31/50] (2976) val_mae:4.3600, val_mis: 106.5570, val_width: 6.7713, val_mse: 76.9169, val_rmse: 8.7702 , 
2025-08-04 01:10:30,013 - model.pytorch.dcrnn_supervisor - INFO - Epoch [31/50] (2976) test_mae:3.9174,test_mis: 91.9746, test_width: 6.3989, test_mse: 60.4432, test_rmse: 7.7745 , 
2025-08-04 01:14:17,234 - model.pytorch.dcrnn_supervisor - INFO - epoch complete
2025-08-04 01:14:17,235 - model.pytorch.dcrnn_supervisor - INFO - evaluating now!
2025-08-04 01:14:32,147 - model.pytorch.dcrnn_supervisor - INFO - Epoch [32/50] (3069) val_mae:4.3780, val_mis: 112.2166, val_width: 6.7159, val_mse: 76.6097, val_rmse: 8.7527 , 
2025-08-04 01:15:00,647 - model.pytorch.dcrnn_supervisor - INFO - Epoch [32/50] (3069) test_mae:3.9372,test_mis: 97.4753, test_width: 6.3555, test_mse: 60.0878, test_rmse: 7.7516 , 
2025-08-04 01:18:51,135 - model.pytorch.dcrnn_supervisor - INFO - epoch complete
2025-08-04 01:18:51,137 - model.pytorch.dcrnn_supervisor - INFO - evaluating now!
2025-08-04 01:19:08,741 - model.pytorch.dcrnn_supervisor - INFO - Epoch [33/50] (3162) val_mae:4.3961, val_mis: 115.7514, val_width: 6.1166, val_mse: 76.1933, val_rmse: 8.7289 , 
2025-08-04 01:19:37,152 - model.pytorch.dcrnn_supervisor - INFO - Epoch [33/50] (3162) test_mae:3.9699,test_mis: 101.1931, test_width: 5.8185, test_mse: 59.8564, test_rmse: 7.7367 , 
2025-08-04 01:23:23,732 - model.pytorch.dcrnn_supervisor - INFO - epoch complete
2025-08-04 01:23:23,734 - model.pytorch.dcrnn_supervisor - INFO - evaluating now!
2025-08-04 01:23:37,846 - model.pytorch.dcrnn_supervisor - INFO - Epoch [34/50] (3255) val_mae:4.7104, val_mis: 108.6015, val_width: 7.6232, val_mse: 76.6951, val_rmse: 8.7576 , 
2025-08-04 01:24:06,460 - model.pytorch.dcrnn_supervisor - INFO - Epoch [34/50] (3255) test_mae:4.3869,test_mis: 95.7858, test_width: 7.4898, test_mse: 61.6679, test_rmse: 7.8529 , 
2025-08-04 01:27:53,602 - model.pytorch.dcrnn_supervisor - INFO - epoch complete
2025-08-04 01:27:53,603 - model.pytorch.dcrnn_supervisor - INFO - evaluating now!
2025-08-04 01:28:08,795 - model.pytorch.dcrnn_supervisor - INFO - Epoch [35/50] (3348) val_mae:4.0524, val_mis: 102.8603, val_width: 6.3191, val_mse: 75.3134, val_rmse: 8.6783 , 
2025-08-04 01:28:37,471 - model.pytorch.dcrnn_supervisor - INFO - Epoch [35/50] (3348) test_mae:3.5721,test_mis: 86.8172, test_width: 5.9738, test_mse: 58.2154, test_rmse: 7.6299 , 
2025-08-04 01:28:37,489 - model.pytorch.dcrnn_supervisor - INFO - Saved model at 35
2025-08-04 01:28:37,489 - model.pytorch.dcrnn_supervisor - INFO - Val loss decrease from 4.2867 to 4.0524, saving to models/epo35.tar
2025-08-04 01:32:25,253 - model.pytorch.dcrnn_supervisor - INFO - epoch complete
2025-08-04 01:32:25,255 - model.pytorch.dcrnn_supervisor - INFO - evaluating now!
2025-08-04 01:32:39,667 - model.pytorch.dcrnn_supervisor - INFO - Epoch [36/50] (3441) val_mae:4.6966, val_mis: 120.0399, val_width: 6.6321, val_mse: 82.1526, val_rmse: 9.0638 , 
2025-08-04 01:33:07,403 - model.pytorch.dcrnn_supervisor - INFO - Epoch [36/50] (3441) test_mae:4.2946,test_mis: 105.2305, test_width: 6.4199, test_mse: 65.1113, test_rmse: 8.0692 , 
2025-08-04 01:36:54,546 - model.pytorch.dcrnn_supervisor - INFO - epoch complete
2025-08-04 01:36:54,547 - model.pytorch.dcrnn_supervisor - INFO - evaluating now!
2025-08-04 01:37:10,103 - model.pytorch.dcrnn_supervisor - INFO - Epoch [37/50] (3534) val_mae:4.3744, val_mis: 105.9919, val_width: 8.0704, val_mse: 78.5171, val_rmse: 8.8610 , 
2025-08-04 01:37:38,615 - model.pytorch.dcrnn_supervisor - INFO - Epoch [37/50] (3534) test_mae:3.9163,test_mis: 90.0169, test_width: 7.5692, test_mse: 61.0564, test_rmse: 7.8139 , 
2025-08-04 01:41:25,485 - model.pytorch.dcrnn_supervisor - INFO - epoch complete
2025-08-04 01:41:25,485 - model.pytorch.dcrnn_supervisor - INFO - evaluating now!
2025-08-04 01:41:39,736 - model.pytorch.dcrnn_supervisor - INFO - Epoch [38/50] (3627) val_mae:5.7367, val_mis: 99.9856, val_width: 11.1749, val_mse: 80.9926, val_rmse: 8.9996 , 
2025-08-04 01:42:08,258 - model.pytorch.dcrnn_supervisor - INFO - Epoch [38/50] (3627) test_mae:5.6491,test_mis: 92.6254, test_width: 11.1887, test_mse: 71.8548, test_rmse: 8.4767 , 
2025-08-04 01:45:54,773 - model.pytorch.dcrnn_supervisor - INFO - epoch complete
2025-08-04 01:45:54,774 - model.pytorch.dcrnn_supervisor - INFO - evaluating now!
2025-08-04 01:46:10,011 - model.pytorch.dcrnn_supervisor - INFO - Epoch [39/50] (3720) val_mae:4.7160, val_mis: 104.9454, val_width: 8.1301, val_mse: 59.9339, val_rmse: 7.7417 , 
2025-08-04 01:46:38,310 - model.pytorch.dcrnn_supervisor - INFO - Epoch [39/50] (3720) test_mae:4.6077,test_mis: 99.0568, test_width: 7.9354, test_mse: 51.6541, test_rmse: 7.1871 , 
2025-08-04 01:50:32,196 - model.pytorch.dcrnn_supervisor - INFO - epoch complete
2025-08-04 01:50:32,196 - model.pytorch.dcrnn_supervisor - INFO - evaluating now!
2025-08-04 01:50:46,419 - model.pytorch.dcrnn_supervisor - INFO - Epoch [40/50] (3813) val_mae:9.1010, val_mis: 98.5931, val_width: 21.0651, val_mse: 126.5045, val_rmse: 11.2474 , 
2025-08-04 01:51:15,518 - model.pytorch.dcrnn_supervisor - INFO - Epoch [40/50] (3813) test_mae:9.1646,test_mis: 95.6319, test_width: 20.9966, test_mse: 124.2728, test_rmse: 11.1478 , 
2025-08-04 01:55:00,672 - model.pytorch.dcrnn_supervisor - INFO - epoch complete
2025-08-04 01:55:00,672 - model.pytorch.dcrnn_supervisor - INFO - evaluating now!
2025-08-04 01:55:17,131 - model.pytorch.dcrnn_supervisor - INFO - Epoch [41/50] (3906) val_mae:6.7339, val_mis: 167.4461, val_width: 8.7006, val_mse: 84.8414, val_rmse: 9.2109 , 
2025-08-04 01:55:45,101 - model.pytorch.dcrnn_supervisor - INFO - Epoch [41/50] (3906) test_mae:6.7991,test_mis: 166.8085, test_width: 8.5254, test_mse: 80.3174, test_rmse: 8.9620 , 
2025-08-04 01:59:32,326 - model.pytorch.dcrnn_supervisor - INFO - epoch complete
2025-08-04 01:59:32,328 - model.pytorch.dcrnn_supervisor - INFO - evaluating now!
2025-08-04 01:59:46,991 - model.pytorch.dcrnn_supervisor - INFO - Epoch [42/50] (3999) val_mae:8.8904, val_mis: 170.3183, val_width: 13.1511, val_mse: 142.6604, val_rmse: 11.9441 , 
2025-08-04 02:00:15,937 - model.pytorch.dcrnn_supervisor - INFO - Epoch [42/50] (3999) test_mae:9.1694,test_mis: 175.2399, test_width: 13.2052, test_mse: 147.1229, test_rmse: 12.1294 , 
2025-08-04 02:04:02,111 - model.pytorch.dcrnn_supervisor - INFO - epoch complete
2025-08-04 02:04:02,111 - model.pytorch.dcrnn_supervisor - INFO - evaluating now!
2025-08-04 02:04:17,446 - model.pytorch.dcrnn_supervisor - INFO - Epoch [43/50] (4092) val_mae:5.1019, val_mis: 120.6173, val_width: 7.7914, val_mse: 66.6304, val_rmse: 8.1627 , 
2025-08-04 02:04:45,220 - model.pytorch.dcrnn_supervisor - INFO - Epoch [43/50] (4092) test_mae:5.0830,test_mis: 117.9964, test_width: 7.5865, test_mse: 59.0482, test_rmse: 7.6843 , 
2025-08-04 02:08:32,567 - model.pytorch.dcrnn_supervisor - INFO - epoch complete
2025-08-04 02:08:32,568 - model.pytorch.dcrnn_supervisor - INFO - evaluating now!
2025-08-04 02:08:46,527 - model.pytorch.dcrnn_supervisor - INFO - Epoch [44/50] (4185) val_mae:4.7546, val_mis: 104.4156, val_width: 7.5703, val_mse: 59.8683, val_rmse: 7.7375 , 
2025-08-04 02:09:14,935 - model.pytorch.dcrnn_supervisor - INFO - Epoch [44/50] (4185) test_mae:4.7087,test_mis: 100.0281, test_width: 7.5208, test_mse: 54.1793, test_rmse: 7.3607 , 
2025-08-04 02:13:00,843 - model.pytorch.dcrnn_supervisor - INFO - epoch complete
2025-08-04 02:13:00,844 - model.pytorch.dcrnn_supervisor - INFO - evaluating now!
2025-08-04 02:13:15,672 - model.pytorch.dcrnn_supervisor - INFO - Epoch [45/50] (4278) val_mae:6.6334, val_mis: 121.2045, val_width: 11.1360, val_mse: 94.5335, val_rmse: 9.7228 , 
2025-08-04 02:13:43,393 - model.pytorch.dcrnn_supervisor - INFO - Epoch [45/50] (4278) test_mae:6.7555,test_mis: 119.1795, test_width: 11.2583, test_mse: 91.8149, test_rmse: 9.5820 , 
2025-08-04 02:17:32,437 - model.pytorch.dcrnn_supervisor - INFO - epoch complete
2025-08-04 02:17:32,437 - model.pytorch.dcrnn_supervisor - INFO - evaluating now!
2025-08-04 02:17:46,737 - model.pytorch.dcrnn_supervisor - INFO - Epoch [46/50] (4371) val_mae:4.0535, val_mis: 96.5894, val_width: 6.0533, val_mse: 54.6852, val_rmse: 7.3949 , 
2025-08-04 02:18:15,414 - model.pytorch.dcrnn_supervisor - INFO - Epoch [46/50] (4371) test_mae:3.7430,test_mis: 85.8015, test_width: 5.7491, test_mse: 43.9540, test_rmse: 6.6298 , 
2025-08-04 02:22:04,346 - model.pytorch.dcrnn_supervisor - INFO - epoch complete
2025-08-04 02:22:04,347 - model.pytorch.dcrnn_supervisor - INFO - evaluating now!
2025-08-04 02:22:19,532 - model.pytorch.dcrnn_supervisor - INFO - Epoch [47/50] (4464) val_mae:5.8446, val_mis: 124.8859, val_width: 8.7440, val_mse: 76.0192, val_rmse: 8.7189 , 
2025-08-04 02:22:47,773 - model.pytorch.dcrnn_supervisor - INFO - Epoch [47/50] (4464) test_mae:5.9591,test_mis: 124.0087, test_width: 8.7914, test_mse: 74.3671, test_rmse: 8.6236 , 
2025-08-04 02:26:35,701 - model.pytorch.dcrnn_supervisor - INFO - epoch complete
2025-08-04 02:26:35,702 - model.pytorch.dcrnn_supervisor - INFO - evaluating now!
2025-08-04 02:26:49,926 - model.pytorch.dcrnn_supervisor - INFO - Epoch [48/50] (4557) val_mae:5.1631, val_mis: 105.0426, val_width: 8.8580, val_mse: 69.0917, val_rmse: 8.3121 , 
2025-08-04 02:27:21,115 - model.pytorch.dcrnn_supervisor - INFO - Epoch [48/50] (4557) test_mae:5.1506,test_mis: 101.1496, test_width: 8.7931, test_mse: 64.2302, test_rmse: 8.0144 , 
2025-08-04 02:31:08,099 - model.pytorch.dcrnn_supervisor - INFO - epoch complete
2025-08-04 02:31:08,101 - model.pytorch.dcrnn_supervisor - INFO - evaluating now!
2025-08-04 02:31:22,910 - model.pytorch.dcrnn_supervisor - INFO - Epoch [49/50] (4650) val_mae:5.5568, val_mis: 132.6892, val_width: 7.6941, val_mse: 66.9563, val_rmse: 8.1827 , 
2025-08-04 02:31:50,612 - model.pytorch.dcrnn_supervisor - INFO - Epoch [49/50] (4650) test_mae:5.5267,test_mis: 129.8515, test_width: 7.5073, test_mse: 61.5188, test_rmse: 7.8434 , 
