2025-08-19 20:35:29,392 - model.pytorch.dcrnn_supervisor - INFO - Log directory: data/model\dcrnn_DR_2_h_12_16-16_lr_0.01_bs_256_0819203529/
2025-08-19 20:36:02,455 - model.pytorch.dcrnn_supervisor - INFO - Model created
2025-08-19 20:36:21,283 - model.pytorch.dcrnn_supervisor - INFO - Start training ...
2025-08-19 20:36:21,283 - model.pytorch.dcrnn_supervisor - INFO - num_batches:94
2025-08-19 20:36:23,467 - model.pytorch.dcrnn_supervisor - INFO - Total trainable parameters 24632
2025-08-19 20:36:26,080 - model.pytorch.dcrnn_supervisor - INFO - Total trainable parameters 24632
2025-08-19 20:44:25,025 - model.pytorch.dcrnn_supervisor - INFO - epoch complete
2025-08-19 20:44:25,041 - model.pytorch.dcrnn_supervisor - INFO - evaluating now!
2025-08-19 20:45:19,115 - model.pytorch.dcrnn_supervisor - INFO - Epoch [0/20] (94) [FGSM eps=0.03] val_mae_adv:6.1377, val_mis_adv:53.4735, val_width_adv:19.1087, val_mse_adv:101.6064, val_rmse_adv:10.0800
2025-08-19 20:47:09,705 - model.pytorch.dcrnn_supervisor - INFO - Epoch [0/20] (94) [FGSM eps=0.03] test_mae_adv:6.7538, test_mis_adv:61.0648, test_width_adv:21.7004, test_mse_adv:118.7233, test_rmse_adv:10.8960
2025-08-19 20:47:09,816 - model.pytorch.dcrnn_supervisor - INFO - Saved model at 0
2025-08-19 20:47:09,816 - model.pytorch.dcrnn_supervisor - INFO - Val loss_adv decrease from inf to 6.1377, saving to models/epo0.tar
2025-08-19 20:55:02,668 - model.pytorch.dcrnn_supervisor - INFO - epoch complete
2025-08-19 20:55:02,668 - model.pytorch.dcrnn_supervisor - INFO - evaluating now!
2025-08-19 20:55:52,449 - model.pytorch.dcrnn_supervisor - INFO - Epoch [1/20] (188) [FGSM eps=0.03] val_mae_adv:5.4984, val_mis_adv:54.5481, val_width_adv:16.0078, val_mse_adv:94.0516, val_rmse_adv:9.6980
2025-08-19 20:57:27,109 - model.pytorch.dcrnn_supervisor - INFO - Epoch [1/20] (188) [FGSM eps=0.03] test_mae_adv:6.1937, test_mis_adv:63.0870, test_width_adv:17.8404, test_mse_adv:112.5402, test_rmse_adv:10.6085
2025-08-19 20:57:27,125 - model.pytorch.dcrnn_supervisor - INFO - Saved model at 1
2025-08-19 20:57:27,125 - model.pytorch.dcrnn_supervisor - INFO - Val loss_adv decrease from 6.1377 to 5.4984, saving to models/epo1.tar
2025-08-19 21:05:05,853 - model.pytorch.dcrnn_supervisor - INFO - epoch complete
2025-08-19 21:05:05,853 - model.pytorch.dcrnn_supervisor - INFO - evaluating now!
2025-08-19 21:05:55,868 - model.pytorch.dcrnn_supervisor - INFO - Epoch [2/20] (282) [FGSM eps=0.03] val_mae_adv:4.5019, val_mis_adv:56.3303, val_width_adv:13.6454, val_mse_adv:68.4351, val_rmse_adv:8.2726
2025-08-19 21:07:31,170 - model.pytorch.dcrnn_supervisor - INFO - Epoch [2/20] (282) [FGSM eps=0.03] test_mae_adv:5.0044, test_mis_adv:65.1296, test_width_adv:14.5769, test_mse_adv:79.9675, test_rmse_adv:8.9425
2025-08-19 21:07:31,186 - model.pytorch.dcrnn_supervisor - INFO - Saved model at 2
2025-08-19 21:07:31,186 - model.pytorch.dcrnn_supervisor - INFO - Val loss_adv decrease from 5.4984 to 4.5019, saving to models/epo2.tar
2025-08-19 21:15:38,312 - model.pytorch.dcrnn_supervisor - INFO - epoch complete
2025-08-19 21:15:38,312 - model.pytorch.dcrnn_supervisor - INFO - evaluating now!
2025-08-19 21:16:32,744 - model.pytorch.dcrnn_supervisor - INFO - Epoch [3/20] (376) [FGSM eps=0.03] val_mae_adv:5.1945, val_mis_adv:65.0273, val_width_adv:12.6875, val_mse_adv:81.3108, val_rmse_adv:9.0172
2025-08-19 21:18:23,265 - model.pytorch.dcrnn_supervisor - INFO - Epoch [3/20] (376) [FGSM eps=0.03] test_mae_adv:5.7762, test_mis_adv:75.6756, test_width_adv:13.9294, test_mse_adv:95.9281, test_rmse_adv:9.7943
2025-08-19 21:26:47,588 - model.pytorch.dcrnn_supervisor - INFO - epoch complete
2025-08-19 21:26:47,588 - model.pytorch.dcrnn_supervisor - INFO - evaluating now!
2025-08-19 21:27:41,584 - model.pytorch.dcrnn_supervisor - INFO - Epoch [4/20] (470) [FGSM eps=0.03] val_mae_adv:4.1905, val_mis_adv:59.0631, val_width_adv:11.2223, val_mse_adv:61.4664, val_rmse_adv:7.8401
2025-08-19 21:29:26,783 - model.pytorch.dcrnn_supervisor - INFO - Epoch [4/20] (470) [FGSM eps=0.03] test_mae_adv:4.7011, test_mis_adv:68.9002, test_width_adv:12.1778, test_mse_adv:72.8137, test_rmse_adv:8.5331
2025-08-19 21:29:26,798 - model.pytorch.dcrnn_supervisor - INFO - Saved model at 4
2025-08-19 21:29:26,799 - model.pytorch.dcrnn_supervisor - INFO - Val loss_adv decrease from 4.5019 to 4.1905, saving to models/epo4.tar
2025-08-19 21:37:50,663 - model.pytorch.dcrnn_supervisor - INFO - epoch complete
2025-08-19 21:37:50,663 - model.pytorch.dcrnn_supervisor - INFO - evaluating now!
2025-08-19 21:38:46,704 - model.pytorch.dcrnn_supervisor - INFO - Epoch [5/20] (564) [FGSM eps=0.03] val_mae_adv:4.5646, val_mis_adv:61.1017, val_width_adv:11.8369, val_mse_adv:69.4426, val_rmse_adv:8.3332
2025-08-19 21:40:32,010 - model.pytorch.dcrnn_supervisor - INFO - Epoch [5/20] (564) [FGSM eps=0.03] test_mae_adv:5.0993, test_mis_adv:71.8745, test_width_adv:12.6584, test_mse_adv:82.6211, test_rmse_adv:9.0896
2025-08-19 21:48:59,559 - model.pytorch.dcrnn_supervisor - INFO - epoch complete
2025-08-19 21:48:59,559 - model.pytorch.dcrnn_supervisor - INFO - evaluating now!
2025-08-19 21:49:54,474 - model.pytorch.dcrnn_supervisor - INFO - Epoch [6/20] (658) [FGSM eps=0.03] val_mae_adv:4.4526, val_mis_adv:60.8370, val_width_adv:11.7714, val_mse_adv:69.1761, val_rmse_adv:8.3172
2025-08-19 21:51:38,425 - model.pytorch.dcrnn_supervisor - INFO - Epoch [6/20] (658) [FGSM eps=0.03] test_mae_adv:4.9861, test_mis_adv:71.0602, test_width_adv:12.6565, test_mse_adv:81.4765, test_rmse_adv:9.0264
2025-08-19 22:00:03,711 - model.pytorch.dcrnn_supervisor - INFO - epoch complete
2025-08-19 22:00:03,727 - model.pytorch.dcrnn_supervisor - INFO - evaluating now!
2025-08-19 22:00:57,565 - model.pytorch.dcrnn_supervisor - INFO - Epoch [7/20] (752) [FGSM eps=0.03] val_mae_adv:4.1992, val_mis_adv:58.1897, val_width_adv:11.4698, val_mse_adv:65.1826, val_rmse_adv:8.0736
2025-08-19 22:02:41,969 - model.pytorch.dcrnn_supervisor - INFO - Epoch [7/20] (752) [FGSM eps=0.03] test_mae_adv:4.7200, test_mis_adv:67.9725, test_width_adv:12.5385, test_mse_adv:76.8623, test_rmse_adv:8.7671
2025-08-19 22:11:07,033 - model.pytorch.dcrnn_supervisor - INFO - epoch complete
2025-08-19 22:11:07,033 - model.pytorch.dcrnn_supervisor - INFO - evaluating now!
2025-08-19 22:12:02,088 - model.pytorch.dcrnn_supervisor - INFO - Epoch [8/20] (846) [FGSM eps=0.03] val_mae_adv:4.0718, val_mis_adv:54.5568, val_width_adv:12.5046, val_mse_adv:57.1595, val_rmse_adv:7.5604
2025-08-19 22:13:46,605 - model.pytorch.dcrnn_supervisor - INFO - Epoch [8/20] (846) [FGSM eps=0.03] test_mae_adv:4.5332, test_mis_adv:63.2655, test_width_adv:13.4528, test_mse_adv:66.8167, test_rmse_adv:8.1741
2025-08-19 22:13:46,621 - model.pytorch.dcrnn_supervisor - INFO - Saved model at 8
2025-08-19 22:13:46,621 - model.pytorch.dcrnn_supervisor - INFO - Val loss_adv decrease from 4.1905 to 4.0718, saving to models/epo8.tar
2025-08-19 22:22:17,325 - model.pytorch.dcrnn_supervisor - INFO - epoch complete
2025-08-19 22:22:17,325 - model.pytorch.dcrnn_supervisor - INFO - evaluating now!
2025-08-19 22:23:12,385 - model.pytorch.dcrnn_supervisor - INFO - Epoch [9/20] (940) [FGSM eps=0.03] val_mae_adv:3.9392, val_mis_adv:55.5701, val_width_adv:11.1966, val_mse_adv:57.8471, val_rmse_adv:7.6057
2025-08-19 22:24:57,457 - model.pytorch.dcrnn_supervisor - INFO - Epoch [9/20] (940) [FGSM eps=0.03] test_mae_adv:4.3989, test_mis_adv:64.7243, test_width_adv:12.0516, test_mse_adv:67.7045, test_rmse_adv:8.2283
2025-08-19 22:24:57,472 - model.pytorch.dcrnn_supervisor - INFO - Saved model at 9
2025-08-19 22:24:57,472 - model.pytorch.dcrnn_supervisor - INFO - Val loss_adv decrease from 4.0718 to 3.9392, saving to models/epo9.tar
2025-08-19 22:33:17,808 - model.pytorch.dcrnn_supervisor - INFO - epoch complete
2025-08-19 22:33:17,808 - model.pytorch.dcrnn_supervisor - INFO - evaluating now!
2025-08-19 22:34:13,069 - model.pytorch.dcrnn_supervisor - INFO - Epoch [10/20] (1034) [FGSM eps=0.03] val_mae_adv:3.8931, val_mis_adv:56.8825, val_width_adv:10.7586, val_mse_adv:58.8827, val_rmse_adv:7.6735
2025-08-19 22:35:59,172 - model.pytorch.dcrnn_supervisor - INFO - Epoch [10/20] (1034) [FGSM eps=0.03] test_mae_adv:4.3331, test_mis_adv:65.9320, test_width_adv:11.6310, test_mse_adv:68.3581, test_rmse_adv:8.2679
2025-08-19 22:35:59,184 - model.pytorch.dcrnn_supervisor - INFO - Saved model at 10
2025-08-19 22:35:59,185 - model.pytorch.dcrnn_supervisor - INFO - Val loss_adv decrease from 3.9392 to 3.8931, saving to models/epo10.tar
2025-08-19 22:44:30,386 - model.pytorch.dcrnn_supervisor - INFO - epoch complete
2025-08-19 22:44:30,386 - model.pytorch.dcrnn_supervisor - INFO - evaluating now!
2025-08-19 22:45:24,984 - model.pytorch.dcrnn_supervisor - INFO - Epoch [11/20] (1128) [FGSM eps=0.03] val_mae_adv:3.9579, val_mis_adv:58.2347, val_width_adv:10.9570, val_mse_adv:56.7458, val_rmse_adv:7.5330
2025-08-19 22:47:10,470 - model.pytorch.dcrnn_supervisor - INFO - Epoch [11/20] (1128) [FGSM eps=0.03] test_mae_adv:4.3501, test_mis_adv:66.4300, test_width_adv:11.8055, test_mse_adv:65.4047, test_rmse_adv:8.0873
2025-08-19 22:55:41,479 - model.pytorch.dcrnn_supervisor - INFO - epoch complete
2025-08-19 22:55:41,479 - model.pytorch.dcrnn_supervisor - INFO - evaluating now!
2025-08-19 22:56:36,120 - model.pytorch.dcrnn_supervisor - INFO - Epoch [12/20] (1222) [FGSM eps=0.03] val_mae_adv:4.5365, val_mis_adv:74.9583, val_width_adv:11.2143, val_mse_adv:74.6900, val_rmse_adv:8.6423
2025-08-19 22:58:21,377 - model.pytorch.dcrnn_supervisor - INFO - Epoch [12/20] (1222) [FGSM eps=0.03] test_mae_adv:5.0364, test_mis_adv:87.2062, test_width_adv:11.9238, test_mse_adv:87.9118, test_rmse_adv:9.3761
2025-08-19 23:06:44,504 - model.pytorch.dcrnn_supervisor - INFO - epoch complete
2025-08-19 23:06:44,504 - model.pytorch.dcrnn_supervisor - INFO - evaluating now!
2025-08-19 23:07:38,607 - model.pytorch.dcrnn_supervisor - INFO - Epoch [13/20] (1316) [FGSM eps=0.03] val_mae_adv:4.6566, val_mis_adv:75.0424, val_width_adv:9.4918, val_mse_adv:72.0208, val_rmse_adv:8.4865
2025-08-19 23:09:24,673 - model.pytorch.dcrnn_supervisor - INFO - Epoch [13/20] (1316) [FGSM eps=0.03] test_mae_adv:5.1075, test_mis_adv:85.4064, test_width_adv:10.1671, test_mse_adv:82.9986, test_rmse_adv:9.1104
2025-08-19 23:17:46,805 - model.pytorch.dcrnn_supervisor - INFO - epoch complete
2025-08-19 23:17:46,805 - model.pytorch.dcrnn_supervisor - INFO - evaluating now!
2025-08-19 23:18:41,955 - model.pytorch.dcrnn_supervisor - INFO - Epoch [14/20] (1410) [FGSM eps=0.03] val_mae_adv:4.1937, val_mis_adv:62.4276, val_width_adv:10.0375, val_mse_adv:63.5819, val_rmse_adv:7.9738
2025-08-19 23:20:33,711 - model.pytorch.dcrnn_supervisor - INFO - Epoch [14/20] (1410) [FGSM eps=0.03] test_mae_adv:4.6598, test_mis_adv:72.4071, test_width_adv:10.7657, test_mse_adv:74.1748, test_rmse_adv:8.6125
2025-08-19 23:29:06,563 - model.pytorch.dcrnn_supervisor - INFO - epoch complete
2025-08-19 23:29:06,563 - model.pytorch.dcrnn_supervisor - INFO - evaluating now!
2025-08-19 23:30:00,634 - model.pytorch.dcrnn_supervisor - INFO - Epoch [15/20] (1504) [FGSM eps=0.03] val_mae_adv:4.0193, val_mis_adv:60.0471, val_width_adv:10.2703, val_mse_adv:62.3676, val_rmse_adv:7.8973
2025-08-19 23:31:41,765 - model.pytorch.dcrnn_supervisor - INFO - Epoch [15/20] (1504) [FGSM eps=0.03] test_mae_adv:4.4494, test_mis_adv:69.1565, test_width_adv:11.0411, test_mse_adv:72.2994, test_rmse_adv:8.5029
2025-08-19 23:39:48,251 - model.pytorch.dcrnn_supervisor - INFO - epoch complete
2025-08-19 23:39:48,251 - model.pytorch.dcrnn_supervisor - INFO - evaluating now!
2025-08-19 23:40:28,525 - model.pytorch.dcrnn_supervisor - INFO - Epoch [16/20] (1598) [FGSM eps=0.03] val_mae_adv:3.7731, val_mis_adv:57.8050, val_width_adv:10.0512, val_mse_adv:55.9273, val_rmse_adv:7.4785
2025-08-19 23:42:10,016 - model.pytorch.dcrnn_supervisor - INFO - Epoch [16/20] (1598) [FGSM eps=0.03] test_mae_adv:4.1655, test_mis_adv:66.3168, test_width_adv:10.7212, test_mse_adv:64.6557, test_rmse_adv:8.0409
2025-08-19 23:42:10,032 - model.pytorch.dcrnn_supervisor - INFO - Saved model at 16
2025-08-19 23:42:10,032 - model.pytorch.dcrnn_supervisor - INFO - Val loss_adv decrease from 3.8931 to 3.7731, saving to models/epo16.tar
2025-08-19 23:50:04,323 - model.pytorch.dcrnn_supervisor - INFO - epoch complete
2025-08-19 23:50:04,323 - model.pytorch.dcrnn_supervisor - INFO - evaluating now!
2025-08-19 23:51:02,148 - model.pytorch.dcrnn_supervisor - INFO - Epoch [17/20] (1692) [FGSM eps=0.03] val_mae_adv:3.7809, val_mis_adv:56.5810, val_width_adv:10.7013, val_mse_adv:56.0160, val_rmse_adv:7.4844
2025-08-19 23:52:41,224 - model.pytorch.dcrnn_supervisor - INFO - Epoch [17/20] (1692) [FGSM eps=0.03] test_mae_adv:4.2006, test_mis_adv:65.4085, test_width_adv:11.3461, test_mse_adv:65.6061, test_rmse_adv:8.0998
2025-08-20 00:00:38,274 - model.pytorch.dcrnn_supervisor - INFO - epoch complete
2025-08-20 00:00:38,274 - model.pytorch.dcrnn_supervisor - INFO - evaluating now!
2025-08-20 00:01:29,904 - model.pytorch.dcrnn_supervisor - INFO - Epoch [18/20] (1786) [FGSM eps=0.03] val_mae_adv:3.9900, val_mis_adv:55.9968, val_width_adv:11.5990, val_mse_adv:52.8339, val_rmse_adv:7.2687
2025-08-20 00:03:12,197 - model.pytorch.dcrnn_supervisor - INFO - Epoch [18/20] (1786) [FGSM eps=0.03] test_mae_adv:4.3167, test_mis_adv:62.9582, test_width_adv:12.1915, test_mse_adv:61.1452, test_rmse_adv:7.8195
2025-08-20 00:11:18,257 - model.pytorch.dcrnn_supervisor - INFO - epoch complete
2025-08-20 00:11:18,257 - model.pytorch.dcrnn_supervisor - INFO - evaluating now!
2025-08-20 00:12:10,700 - model.pytorch.dcrnn_supervisor - INFO - Epoch [19/20] (1880) [FGSM eps=0.03] val_mae_adv:4.2371, val_mis_adv:56.6841, val_width_adv:12.2107, val_mse_adv:59.7363, val_rmse_adv:7.7289
2025-08-20 00:13:51,870 - model.pytorch.dcrnn_supervisor - INFO - Epoch [19/20] (1880) [FGSM eps=0.03] test_mae_adv:4.6197, test_mis_adv:64.7472, test_width_adv:12.9681, test_mse_adv:69.5179, test_rmse_adv:8.3377
